Archive member included to satisfy reference by file (symbol)

c:/program files (x86)/atollic/truestudio for arm 8.0.0/armtools/bin/../lib/gcc/arm-atollic-eabi/6.3.1/../../../../arm-atollic-eabi/lib/armv6-m\libc_nano.a(lib_a-init.o)
                              startup\startup_stm32f051x8.o (__libc_init_array)
c:/program files (x86)/atollic/truestudio for arm 8.0.0/armtools/bin/../lib/gcc/arm-atollic-eabi/6.3.1/../../../../arm-atollic-eabi/lib/armv6-m\libc_nano.a(lib_a-memcpy-stub.o)
                              Drivers\STM32F0xx_HAL_Driver\Src\stm32f0xx_hal_rcc.o (memcpy)
c:/program files (x86)/atollic/truestudio for arm 8.0.0/armtools/bin/../lib/gcc/arm-atollic-eabi/6.3.1/../../../../arm-atollic-eabi/lib/armv6-m\libc_nano.a(lib_a-memset.o)
                              Middlewares\Third_Party\FreeRTOS\Source\CMSIS_RTOS\cmsis_os.o (memset)
c:/program files (x86)/atollic/truestudio for arm 8.0.0/armtools/bin/../lib/gcc/arm-atollic-eabi/6.3.1/../../../../arm-atollic-eabi/lib/armv6-m\libc_nano.a(lib_a-strcpy.o)
                              Src\main.o (strcpy)
c:/program files (x86)/atollic/truestudio for arm 8.0.0/armtools/bin/../lib/gcc/arm-atollic-eabi/6.3.1/../../../../arm-atollic-eabi/lib/armv6-m\libc_nano.a(lib_a-strlen.o)
                              Src\HAL\Uart\base\uart.o (strlen)
c:/program files (x86)/atollic/truestudio for arm 8.0.0/armtools/bin/../lib/gcc/arm-atollic-eabi/6.3.1/armv6-m\libgcc.a(_thumb1_case_sqi.o)
                              Drivers\STM32F0xx_HAL_Driver\Src\stm32f0xx_hal_irda.o (__gnu_thumb1_case_sqi)
c:/program files (x86)/atollic/truestudio for arm 8.0.0/armtools/bin/../lib/gcc/arm-atollic-eabi/6.3.1/armv6-m\libgcc.a(_thumb1_case_uqi.o)
                              Drivers\STM32F0xx_HAL_Driver\Src\stm32f0xx_hal_dma.o (__gnu_thumb1_case_uqi)
c:/program files (x86)/atollic/truestudio for arm 8.0.0/armtools/bin/../lib/gcc/arm-atollic-eabi/6.3.1/armv6-m\libgcc.a(_udivsi3.o)
                              Drivers\STM32F0xx_HAL_Driver\Src\stm32f0xx_hal.o (__aeabi_uidiv)
c:/program files (x86)/atollic/truestudio for arm 8.0.0/armtools/bin/../lib/gcc/arm-atollic-eabi/6.3.1/armv6-m\libgcc.a(_dvmd_tls.o)
                              c:/program files (x86)/atollic/truestudio for arm 8.0.0/armtools/bin/../lib/gcc/arm-atollic-eabi/6.3.1/armv6-m\libgcc.a(_udivsi3.o) (__aeabi_idiv0)
c:/program files (x86)/atollic/truestudio for arm 8.0.0/armtools/bin/../lib/gcc/arm-atollic-eabi/6.3.1/armv6-m\libgcc.a(_lshrdi3.o)
                              Drivers\STM32F0xx_HAL_Driver\Src\stm32f0xx_hal_flash.o (__aeabi_llsr)

Allocating common symbols
Common symbol       size              file

hirda1              0x3c              Src\main.o
uartCircularBuffers
                    0x30              Src\HAL\Uart\base\uart.o
pbq                 0x4               Src\main.o
UART_TX_CP          0x1               Src\HAL\Uart\base\uart.o
uwTick              0x4               Drivers\STM32F0xx_HAL_Driver\Src\stm32f0xx_hal.o
xQueueRegistry      0x40              Middlewares\Third_Party\FreeRTOS\Source\queue.o
pFlash              0x20              Drivers\STM32F0xx_HAL_Driver\Src\stm32f0xx_hal_flash.o
UART_RX_CP          0x1               Src\HAL\Uart\base\uart.o
usart1TxBuffer      0x100             Src\HAL\Uart\custom\uart_map.o
uartHandlers        0xe0              Src\HAL\Uart\base\uart.o
usart2RxBuffer      0x64              Src\HAL\Uart\custom\uart_map.o
usart2TxBuffer      0x404             Src\HAL\Uart\custom\uart_map.o
htim1               0x40              Src\main.o
usart1RxBuffer      0x64              Src\HAL\Uart\custom\uart_map.o
huart2              0x70              Src\main.o

Discarded input sections

 .text          0x00000000        0x0 c:/program files (x86)/atollic/truestudio for arm 8.0.0/armtools/bin/../lib/gcc/arm-atollic-eabi/6.3.1/armv6-m/crti.o
 .data          0x00000000        0x0 c:/program files (x86)/atollic/truestudio for arm 8.0.0/armtools/bin/../lib/gcc/arm-atollic-eabi/6.3.1/armv6-m/crti.o
 .bss           0x00000000        0x0 c:/program files (x86)/atollic/truestudio for arm 8.0.0/armtools/bin/../lib/gcc/arm-atollic-eabi/6.3.1/armv6-m/crti.o
 .data          0x00000000        0x4 c:/program files (x86)/atollic/truestudio for arm 8.0.0/armtools/bin/../lib/gcc/arm-atollic-eabi/6.3.1/armv6-m/crtbegin.o
 .text          0x00000000        0x0 Drivers\STM32F0xx_HAL_Driver\Src\stm32f0xx_hal.o
 .data          0x00000000        0x0 Drivers\STM32F0xx_HAL_Driver\Src\stm32f0xx_hal.o
 .bss           0x00000000        0x0 Drivers\STM32F0xx_HAL_Driver\Src\stm32f0xx_hal.o
 .text.HAL_MspInit
                0x00000000        0x2 Drivers\STM32F0xx_HAL_Driver\Src\stm32f0xx_hal.o
 .text.HAL_MspDeInit
                0x00000000        0x2 Drivers\STM32F0xx_HAL_Driver\Src\stm32f0xx_hal.o
 .text.HAL_DeInit
                0x00000000       0x24 Drivers\STM32F0xx_HAL_Driver\Src\stm32f0xx_hal.o
 .text.HAL_SuspendTick
[...]
Memory Configuration

Name             Origin             Length             Attributes
RAM              0x20000000         0x00002000         xrw
FLASH            0x08000000         0x00010000         xr
*default*        0x00000000         0xffffffff

Linker script and memory map

LOAD c:/program files (x86)/atollic/truestudio for arm 8.0.0/armtools/bin/../lib/gcc/arm-atollic-eabi/6.3.1/armv6-m/crti.o
LOAD c:/program files (x86)/atollic/truestudio for arm 8.0.0/armtools/bin/../lib/gcc/arm-atollic-eabi/6.3.1/armv6-m/crtbegin.o
LOAD Drivers\STM32F0xx_HAL_Driver\Src\stm32f0xx_hal.o
LOAD Drivers\STM32F0xx_HAL_Driver\Src\stm32f0xx_hal_adc.o
LOAD Drivers\STM32F0xx_HAL_Driver\Src\stm32f0xx_hal_adc_ex.o
LOAD Drivers\STM32F0xx_HAL_Driver\Src\stm32f0xx_hal_cortex.o
LOAD Drivers\STM32F0xx_HAL_Driver\Src\stm32f0xx_hal_crc.o
LOAD Drivers\STM32F0xx_HAL_Driver\Src\stm32f0xx_hal_crc_ex.o
LOAD Drivers\STM32F0xx_HAL_Driver\Src\stm32f0xx_hal_dma.o
LOAD Drivers\STM32F0xx_HAL_Driver\Src\stm32f0xx_hal_flash.o
LOAD Drivers\STM32F0xx_HAL_Driver\Src\stm32f0xx_hal_flash_ex.o
LOAD Drivers\STM32F0xx_HAL_Driver\Src\stm32f0xx_hal_gpio.o
LOAD Drivers\STM32F0xx_HAL_Driver\Src\stm32f0xx_hal_i2c.o
LOAD Drivers\STM32F0xx_HAL_Driver\Src\stm32f0xx_hal_i2c_ex.o
LOAD Drivers\STM32F0xx_HAL_Driver\Src\stm32f0xx_hal_irda.o
LOAD Drivers\STM32F0xx_HAL_Driver\Src\stm32f0xx_hal_pwr.o
LOAD Drivers\STM32F0xx_HAL_Driver\Src\stm32f0xx_hal_pwr_ex.o
LOAD Drivers\STM32F0xx_HAL_Driver\Src\stm32f0xx_hal_rcc.o
LOAD Drivers\STM32F0xx_HAL_Driver\Src\stm32f0xx_hal_rcc_ex.o
LOAD Drivers\STM32F0xx_HAL_Driver\Src\stm32f0xx_hal_spi.o
LOAD Drivers\STM32F0xx_HAL_Driver\Src\stm32f0xx_hal_spi_ex.o
LOAD Drivers\STM32F0xx_HAL_Driver\Src\stm32f0xx_hal_tim.o
LOAD Drivers\STM32F0xx_HAL_Driver\Src\stm32f0xx_hal_tim_ex.o
LOAD Drivers\STM32F0xx_HAL_Driver\Src\stm32f0xx_hal_uart.o
LOAD Drivers\STM32F0xx_HAL_Driver\Src\stm32f0xx_hal_uart_ex.o
LOAD Drivers\STM32F0xx_HAL_Driver\Src\stm32f0xx_hal_usart.o
LOAD Middlewares\Third_Party\FreeRTOS\Source\CMSIS_RTOS\cmsis_os.o
LOAD Middlewares\Third_Party\FreeRTOS\Source\croutine.o
LOAD Middlewares\Third_Party\FreeRTOS\Source\event_groups.o
LOAD Middlewares\Third_Party\FreeRTOS\Source\list.o
LOAD Middlewares\Third_Party\FreeRTOS\Source\portable\GCC\ARM_CM0\port.o
LOAD Middlewares\Third_Party\FreeRTOS\Source\portable\MemMang\heap_4.o
LOAD Middlewares\Third_Party\FreeRTOS\Source\queue.o
LOAD Middlewares\Third_Party\FreeRTOS\Source\tasks.o
LOAD Middlewares\Third_Party\FreeRTOS\Source\timers.o
LOAD Src\CircularBuffer\base\CircularBuffer.o
LOAD Src\HAL\GPIO\base\GPIO.o
LOAD Src\HAL\GPIO\custom\GPIO_map.o
LOAD Src\HAL\Uart\base\uart.o
LOAD Src\HAL\Uart\custom\uart_map.o
LOAD Src\HAL\interrupts\base\interrupts.o
LOAD Src\HAL\interrupts\custom\interrupts_map.o
LOAD Src\freertos.o
LOAD Src\main.o
LOAD Src\stm32f0xx_hal_msp.o
LOAD Src\stm32f0xx_it.o
LOAD Src\system_stm32f0xx.o
LOAD startup\startup_stm32f051x8.o
                0x00000080                malloc_getpagesize_P = 0x80
START GROUP
LOAD c:/program files (x86)/atollic/truestudio for arm 8.0.0/armtools/bin/../lib/gcc/arm-atollic-eabi/6.3.1/../../../../arm-atollic-eabi/lib/armv6-m\libc_nano.a
LOAD c:/program files (x86)/atollic/truestudio for arm 8.0.0/armtools/bin/../lib/gcc/arm-atollic-eabi/6.3.1/../../../../arm-atollic-eabi/lib/armv6-m\libm.a
END GROUP
START GROUP
LOAD c:/program files (x86)/atollic/truestudio for arm 8.0.0/armtools/bin/../lib/gcc/arm-atollic-eabi/6.3.1/armv6-m\libgcc.a
LOAD c:/program files (x86)/atollic/truestudio for arm 8.0.0/armtools/bin/../lib/gcc/arm-atollic-eabi/6.3.1/../../../../arm-atollic-eabi/lib/armv6-m\libc_nano.a
END GROUP
START GROUP
LOAD c:/program files (x86)/atollic/truestudio for arm 8.0.0/armtools/bin/../lib/gcc/arm-atollic-eabi/6.3.1/armv6-m\libgcc.a
LOAD c:/program files (x86)/atollic/truestudio for arm 8.0.0/armtools/bin/../lib/gcc/arm-atollic-eabi/6.3.1/../../../../arm-atollic-eabi/lib/armv6-m\libc_nano.a
LOAD c:/program files (x86)/atollic/truestudio for arm 8.0.0/armtools/bin/../lib/gcc/arm-atollic-eabi/6.3.1/../../../../arm-atollic-eabi/lib/armv6-m\libnosys.a
END GROUP
START GROUP
LOAD c:/program files (x86)/atollic/truestudio for arm 8.0.0/armtools/bin/../lib/gcc/arm-atollic-eabi/6.3.1/armv6-m\libgcc.a
LOAD c:/program files (x86)/atollic/truestudio for arm 8.0.0/armtools/bin/../lib/gcc/arm-atollic-eabi/6.3.1/../../../../arm-atollic-eabi/lib/armv6-m\libc_nano.a
LOAD c:/program files (x86)/atollic/truestudio for arm 8.0.0/armtools/bin/../lib/gcc/arm-atollic-eabi/6.3.1/../../../../arm-atollic-eabi/lib/armv6-m\libnosys.a
END GROUP
LOAD c:/program files (x86)/atollic/truestudio for arm 8.0.0/armtools/bin/../lib/gcc/arm-atollic-eabi/6.3.1/armv6-m/crtend.o
LOAD c:/program files (x86)/atollic/truestudio for arm 8.0.0/armtools/bin/../lib/gcc/arm-atollic-eabi/6.3.1/armv6-m/crtn.o
                0x20002000                _estack = 0x20002000
                0x00000200                _Min_Heap_Size = 0x200
                0x00000400                _Min_Stack_Size = 0x400

.isr_vector     0x08000000       0xc0
                0x08000000                . = ALIGN (0x4)
 *(.isr_vector)
 .isr_vector    0x08000000       0xc0 startup\startup_stm32f051x8.o
                0x08000000                g_pfnVectors
                0x080000c0                . = ALIGN (0x4)

.text           0x080000c0     0x26b0
                0x080000c0                . = ALIGN (0x4)
 *(.text)
 .text          0x080000c0       0x48 c:/program files (x86)/atollic/truestudio for arm 8.0.0/armtools/bin/../lib/gcc/arm-atollic-eabi/6.3.1/armv6-m/crtbegin.o
 .text          0x08000108        0xe c:/program files (x86)/atollic/truestudio for arm 8.0.0/armtools/bin/../lib/gcc/arm-atollic-eabi/6.3.1/../../../../arm-atollic-eabi/lib/armv6-m\libc_nano.a(lib_a-strlen.o)
                0x08000108                strlen
 *fill*         0x08000116        0x2 
 .text          0x08000118       0x14 c:/program files (x86)/atollic/truestudio for arm 8.0.0/armtools/bin/../lib/gcc/arm-atollic-eabi/6.3.1/armv6-m\libgcc.a(_thumb1_case_sqi.o)
                0x08000118                __gnu_thumb1_case_sqi
 .text          0x0800012c       0x14 c:/program files (x86)/atollic/truestudio for arm 8.0.0/armtools/bin/../lib/gcc/arm-atollic-eabi/6.3.1/armv6-m\libgcc.a(_thumb1_case_uqi.o)
                0x0800012c                __gnu_thumb1_case_uqi
 .text          0x08000140      0x114 c:/program files (x86)/atollic/truestudio for arm 8.0.0/armtools/bin/../lib/gcc/arm-atollic-eabi/6.3.1/armv6-m\libgcc.a(_udivsi3.o)
                0x08000140                __aeabi_uidiv
                0x08000140                __udivsi3
                0x0800024c                __aeabi_uidivmod
 .text          0x08000254        0x4 c:/program files (x86)/atollic/truestudio for arm 8.0.0/armtools/bin/../lib/gcc/arm-atollic-eabi/6.3.1/armv6-m\libgcc.a(_dvmd_tls.o)
                0x08000254                __aeabi_idiv0
                0x08000254                __aeabi_ldiv0
 *(.text*)
 .text.HAL_InitTick
                0x08000258       0x24 Drivers\STM32F0xx_HAL_Driver\Src\stm32f0xx_hal.o
                0x08000258                HAL_InitTick
 .text.HAL_Init
                0x0800027c       0x20 Drivers\STM32F0xx_HAL_Driver\Src\stm32f0xx_hal.o
                0x0800027c                HAL_Init
 .text.HAL_IncTick
                0x0800029c       0x10 Drivers\STM32F0xx_HAL_Driver\Src\stm32f0xx_hal.o
                0x0800029c                HAL_IncTick
 .text.HAL_GetTick
                0x080002ac        0xc Drivers\STM32F0xx_HAL_Driver\Src\stm32f0xx_hal.o
                0x080002ac                HAL_GetTick
 .text.HAL_Delay
                0x080002b8       0x20 Drivers\STM32F0xx_HAL_Driver\Src\stm32f0xx_hal.o
                0x080002b8                HAL_Delay
 .text.HAL_NVIC_SetPriority
                0x080002d8       0x60 Drivers\STM32F0xx_HAL_Driver\Src\stm32f0xx_hal_cortex.o
                0x080002d8                HAL_NVIC_SetPriority
 .text.HAL_NVIC_EnableIRQ
                0x08000338       0x14 Drivers\STM32F0xx_HAL_Driver\Src\stm32f0xx_hal_cortex.o
                0x08000338                HAL_NVIC_EnableIRQ
 .text.HAL_SYSTICK_Config
                0x0800034c       0x34 Drivers\STM32F0xx_HAL_Driver\Src\stm32f0xx_hal_cortex.o
                0x0800034c                HAL_SYSTICK_Config
 .text.HAL_SYSTICK_CLKSourceConfig
                0x08000380       0x1c Drivers\STM32F0xx_HAL_Driver\Src\stm32f0xx_hal_cortex.o
                0x08000380                HAL_SYSTICK_CLKSourceConfig
 .text.HAL_DMA_Abort_IT
                0x0800039c       0x46 Drivers\STM32F0xx_HAL_Driver\Src\stm32f0xx_hal_dma.o
                0x0800039c                HAL_DMA_Abort_IT
 *fill*         0x080003e2        0x2 
 .text.HAL_GPIO_Init
                0x080003e4      0x160 Drivers\STM32F0xx_HAL_Driver\Src\stm32f0xx_hal_gpio.o
                0x080003e4                HAL_GPIO_Init
 .text.HAL_GPIO_DeInit
                0x08000544       0xdc Drivers\STM32F0xx_HAL_Driver\Src\stm32f0xx_hal_gpio.o
                0x08000544                HAL_GPIO_DeInit
 .text.HAL_GPIO_WritePin
                0x08000620        0xc Drivers\STM32F0xx_HAL_Driver\Src\stm32f0xx_hal_gpio.o
                0x08000620                HAL_GPIO_WritePin
 .text.HAL_GPIO_TogglePin
                0x0800062c        0x8 Drivers\STM32F0xx_HAL_Driver\Src\stm32f0xx_hal_gpio.o
                0x0800062c                HAL_GPIO_TogglePin
 .text.HAL_RCC_OscConfig
                0x08000634      0x3c4 Drivers\STM32F0xx_HAL_Driver\Src\stm32f0xx_hal_rcc.o
                0x08000634                HAL_RCC_OscConfig
 .text.HAL_RCC_GetSysClockFreq
                0x080009f8       0x64 Drivers\STM32F0xx_HAL_Driver\Src\stm32f0xx_hal_rcc.o
                0x080009f8                HAL_RCC_GetSysClockFreq
 .text.HAL_RCC_ClockConfig
                0x08000a5c      0x12c Drivers\STM32F0xx_HAL_Driver\Src\stm32f0xx_hal_rcc.o
                0x08000a5c                HAL_RCC_ClockConfig
 .text.HAL_RCC_GetHCLKFreq
                0x08000b88        0xc Drivers\STM32F0xx_HAL_Driver\Src\stm32f0xx_hal_rcc.o
                0x08000b88                HAL_RCC_GetHCLKFreq
 .text.HAL_RCC_GetPCLK1Freq
                0x08000b94       0x20 Drivers\STM32F0xx_HAL_Driver\Src\stm32f0xx_hal_rcc.o
                0x08000b94                HAL_RCC_GetPCLK1Freq
 .text.HAL_RCCEx_PeriphCLKConfig
                0x08000bb4      0x118 Drivers\STM32F0xx_HAL_Driver\Src\stm32f0xx_hal_rcc_ex.o
                0x08000bb4                HAL_RCCEx_PeriphCLKConfig
 .text.TIM_Base_SetConfig
                0x08000ccc       0xa0 Drivers\STM32F0xx_HAL_Driver\Src\stm32f0xx_hal_tim.o
                0x08000ccc                TIM_Base_SetConfig
 .text.HAL_TIM_Base_Init
                0x08000d6c       0x36 Drivers\STM32F0xx_HAL_Driver\Src\stm32f0xx_hal_tim.o
                0x08000d6c                HAL_TIM_Base_Init
 *fill*         0x08000da2        0x2 
 .text.TIM_ETR_SetConfig
                0x08000da4       0x18 Drivers\STM32F0xx_HAL_Driver\Src\stm32f0xx_hal_tim.o
                0x08000da4                TIM_ETR_SetConfig
 .text.HAL_TIM_ConfigClockSource
                0x08000dbc      0x168 Drivers\STM32F0xx_HAL_Driver\Src\stm32f0xx_hal_tim.o
                0x08000dbc                HAL_TIM_ConfigClockSource
 .text.TIM_SlaveTimer_SetConfig
                0x08000f24       0xa4 Drivers\STM32F0xx_HAL_Driver\Src\stm32f0xx_hal_tim.o
 .text.HAL_TIM_SlaveConfigSynchronization
                0x08000fc8       0x40 Drivers\STM32F0xx_HAL_Driver\Src\stm32f0xx_hal_tim.o
                0x08000fc8                HAL_TIM_SlaveConfigSynchronization
 .text.HAL_TIMEx_MasterConfigSynchronization
                0x08001008       0x42 Drivers\STM32F0xx_HAL_Driver\Src\stm32f0xx_hal_tim_ex.o
                0x08001008                HAL_TIMEx_MasterConfigSynchronization
 *fill*         0x0800104a        0x2 
 .text.UART_EndRxTransfer
                0x0800104c       0x20 Drivers\STM32F0xx_HAL_Driver\Src\stm32f0xx_hal_uart.o
 .text.HAL_UART_DeInit
                0x0800106c       0x3a Drivers\STM32F0xx_HAL_Driver\Src\stm32f0xx_hal_uart.o
                0x0800106c                HAL_UART_DeInit
 .text.HAL_UART_Transmit_IT
                0x080010a6       0x5c Drivers\STM32F0xx_HAL_Driver\Src\stm32f0xx_hal_uart.o
                0x080010a6                HAL_UART_Transmit_IT
 .text.HAL_UART_ErrorCallback
                0x08001102        0x2 Drivers\STM32F0xx_HAL_Driver\Src\stm32f0xx_hal_uart.o
                0x08001102                HAL_UART_ErrorCallback
 .text.UART_DMAAbortOnError
                0x08001104       0x16 Drivers\STM32F0xx_HAL_Driver\Src\stm32f0xx_hal_uart.o
 .text.HAL_UART_GetState
                0x0800111a        0xe Drivers\STM32F0xx_HAL_Driver\Src\stm32f0xx_hal_uart.o
                0x0800111a                HAL_UART_GetState
 .text.UART_SetConfig
                0x08001128      0x134 Drivers\STM32F0xx_HAL_Driver\Src\stm32f0xx_hal_uart.o
                0x08001128                UART_SetConfig
 .text.UART_AdvFeatureConfig
                0x0800125c       0xd0 Drivers\STM32F0xx_HAL_Driver\Src\stm32f0xx_hal_uart.o
                0x0800125c                UART_AdvFeatureConfig
 .text.UART_WaitOnFlagUntilTimeout
                0x0800132c       0x64 Drivers\STM32F0xx_HAL_Driver\Src\stm32f0xx_hal_uart.o
                0x0800132c                UART_WaitOnFlagUntilTimeout
 .text.UART_CheckIdleState
                0x08001390       0x70 Drivers\STM32F0xx_HAL_Driver\Src\stm32f0xx_hal_uart.o
                0x08001390                UART_CheckIdleState
 .text.HAL_UART_Init
                0x08001400       0x6c Drivers\STM32F0xx_HAL_Driver\Src\stm32f0xx_hal_uart.o
                0x08001400                HAL_UART_Init
 .text.UART_Transmit_IT
                0x0800146c       0x64 Drivers\STM32F0xx_HAL_Driver\Src\stm32f0xx_hal_uart.o
                0x0800146c                UART_Transmit_IT
 .text.UART_EndTransmit_IT
                0x080014d0       0x1c Drivers\STM32F0xx_HAL_Driver\Src\stm32f0xx_hal_uart.o
                0x080014d0                UART_EndTransmit_IT
 .text.UART_Receive_IT
                0x080014ec       0x7c Drivers\STM32F0xx_HAL_Driver\Src\stm32f0xx_hal_uart.o
                0x080014ec                UART_Receive_IT
 .text.HAL_UART_IRQHandler
                0x08001568      0x138 Drivers\STM32F0xx_HAL_Driver\Src\stm32f0xx_hal_uart.o
                0x08001568                HAL_UART_IRQHandler
 .text.HAL_UARTEx_WakeupCallback
                0x080016a0        0x2 Drivers\STM32F0xx_HAL_Driver\Src\stm32f0xx_hal_uart_ex.o
                0x080016a0                HAL_UARTEx_WakeupCallback
 .text.osSystickHandler
                0x080016a2       0x10 Middlewares\Third_Party\FreeRTOS\Source\CMSIS_RTOS\cmsis_os.o
                0x080016a2                osSystickHandler
 .text.vListInitialise
                0x080016b2       0x16 Middlewares\Third_Party\FreeRTOS\Source\list.o
                0x080016b2                vListInitialise
 .text.vListInitialiseItem
                0x080016c8        0x6 Middlewares\Third_Party\FreeRTOS\Source\list.o
                0x080016c8                vListInitialiseItem
 .text.vListInsertEnd
                0x080016ce       0x18 Middlewares\Third_Party\FreeRTOS\Source\list.o
                0x080016ce                vListInsertEnd
 .text.vListInsert
                0x080016e6       0x2e Middlewares\Third_Party\FreeRTOS\Source\list.o
                0x080016e6                vListInsert
 .text.uxListRemove
                0x08001714       0x20 Middlewares\Third_Party\FreeRTOS\Source\list.o
                0x08001714                uxListRemove
 .text.prvTaskExitError
                0x08001734       0x14 Middlewares\Third_Party\FreeRTOS\Source\portable\GCC\ARM_CM0\port.o
 *fill*         0x08001748        0x8 
 .text.vPortStartFirstTask
                0x08001750       0x34 Middlewares\Third_Party\FreeRTOS\Source\portable\GCC\ARM_CM0\port.o
 .text.pxPortInitialiseStack
                0x08001784       0x20 Middlewares\Third_Party\FreeRTOS\Source\portable\GCC\ARM_CM0\port.o
                0x08001784                pxPortInitialiseStack
 .text.SVC_Handler
                0x080017a4        0x2 Middlewares\Third_Party\FreeRTOS\Source\portable\GCC\ARM_CM0\port.o
                0x080017a4                SVC_Handler
 *fill*         0x080017a6        0x2 
 .text.vPortYield
                0x080017a8       0x18 Middlewares\Third_Party\FreeRTOS\Source\portable\GCC\ARM_CM0\port.o
                0x080017a8                vPortYield
 .text.vPortEnterCritical
                0x080017c0       0x18 Middlewares\Third_Party\FreeRTOS\Source\portable\GCC\ARM_CM0\port.o
                0x080017c0                vPortEnterCritical
 .text.vPortExitCritical
                0x080017d8       0x1c Middlewares\Third_Party\FreeRTOS\Source\portable\GCC\ARM_CM0\port.o
                0x080017d8                vPortExitCritical
 .text.ulSetInterruptMaskFromISR
                0x080017f4        0xa Middlewares\Third_Party\FreeRTOS\Source\portable\GCC\ARM_CM0\port.o
                0x080017f4                ulSetInterruptMaskFromISR
 .text.vClearInterruptMaskFromISR
                0x080017fe        0x6 Middlewares\Third_Party\FreeRTOS\Source\portable\GCC\ARM_CM0\port.o
                0x080017fe                vClearInterruptMaskFromISR
 *fill*         0x08001804        0xc 
 .text.PendSV_Handler
                0x08001810       0x44 Middlewares\Third_Party\FreeRTOS\Source\portable\GCC\ARM_CM0\port.o
                0x08001810                PendSV_Handler
 .text.xPortSysTickHandler
                0x08001854       0x24 Middlewares\Third_Party\FreeRTOS\Source\portable\GCC\ARM_CM0\port.o
                0x08001854                xPortSysTickHandler
 .text.vPortSetupTimerInterrupt
                0x08001878       0x28 Middlewares\Third_Party\FreeRTOS\Source\portable\GCC\ARM_CM0\port.o
                0x08001878                vPortSetupTimerInterrupt
 .text.xPortStartScheduler
                0x080018a0       0x34 Middlewares\Third_Party\FreeRTOS\Source\portable\GCC\ARM_CM0\port.o
                0x080018a0                xPortStartScheduler
 .text.unlikely.prvInsertBlockIntoFreeList
                0x080018d4       0x48 Middlewares\Third_Party\FreeRTOS\Source\portable\MemMang\heap_4.o
 .text.pvPortMalloc
                0x0800191c      0x104 Middlewares\Third_Party\FreeRTOS\Source\portable\MemMang\heap_4.o
                0x0800191c                pvPortMalloc
 .text.vPortFree
                0x08001a20       0x48 Middlewares\Third_Party\FreeRTOS\Source\portable\MemMang\heap_4.o
                0x08001a20                vPortFree
 .text.xQueueGenericReset
                0x08001a68       0x68 Middlewares\Third_Party\FreeRTOS\Source\queue.o
                0x08001a68                xQueueGenericReset
 .text.xQueueGenericCreate
                0x08001ad0       0x3a Middlewares\Third_Party\FreeRTOS\Source\queue.o
                0x08001ad0                xQueueGenericCreate
 *fill*         0x08001b0a        0x2 
 .text.prvResetNextTaskUnblockTime
                0x08001b0c       0x28 Middlewares\Third_Party\FreeRTOS\Source\tasks.o
 .text.prvAddCurrentTaskToDelayedList
                0x08001b34       0x70 Middlewares\Third_Party\FreeRTOS\Source\tasks.o
 .text.xTaskCreate
                0x08001ba4      0x188 Middlewares\Third_Party\FreeRTOS\Source\tasks.o
                0x08001ba4                xTaskCreate
 .text.vTaskStartScheduler
                0x08001d2c       0x54 Middlewares\Third_Party\FreeRTOS\Source\tasks.o
                0x08001d2c                vTaskStartScheduler
 .text.vTaskSuspendAll
                0x08001d80       0x10 Middlewares\Third_Party\FreeRTOS\Source\tasks.o
                0x08001d80                vTaskSuspendAll
 .text.xTaskIncrementTick
                0x08001d90       0xfc Middlewares\Third_Party\FreeRTOS\Source\tasks.o
                0x08001d90                xTaskIncrementTick
 .text.xTaskResumeAll
                0x08001e8c       0xd0 Middlewares\Third_Party\FreeRTOS\Source\tasks.o
                0x08001e8c                xTaskResumeAll
 .text.vTaskDelay
                0x08001f5c       0x34 Middlewares\Third_Party\FreeRTOS\Source\tasks.o
                0x08001f5c                vTaskDelay
 .text.prvIdleTask
                0x08001f90       0x68 Middlewares\Third_Party\FreeRTOS\Source\tasks.o
 .text.vTaskSwitchContext
                0x08001ff8       0x6c Middlewares\Third_Party\FreeRTOS\Source\tasks.o
                0x08001ff8                vTaskSwitchContext
 .text.xTaskRemoveFromEventList
                0x08002064       0x78 Middlewares\Third_Party\FreeRTOS\Source\tasks.o
                0x08002064                xTaskRemoveFromEventList
 .text.xTaskGetSchedulerState
                0x080020dc       0x20 Middlewares\Third_Party\FreeRTOS\Source\tasks.o
                0x080020dc                xTaskGetSchedulerState
 .text.CreateFIFO
                0x080020fc        0xe Src\CircularBuffer\base\CircularBuffer.o
                0x080020fc                CreateFIFO
 *fill*         0x0800210a        0x2 
 .text.InitGPIOClock
                0x0800210c       0xb0 Src\HAL\GPIO\base\GPIO.o
                0x0800210c                InitGPIOClock
 .text.GPIOWrite
                0x080021bc       0x34 Src\HAL\GPIO\base\GPIO.o
                0x080021bc                GPIOWrite
 .text.GPIOInit
                0x080021f0       0x48 Src\HAL\GPIO\base\GPIO.o
                0x080021f0                GPIOInit
 .text.uartInterruptHandler
                0x08002238       0x18 Src\HAL\Uart\base\uart.o
                0x08002238                uartInterruptHandler
 .text.uartInit
                0x08002250       0xa0 Src\HAL\Uart\base\uart.o
                0x08002250                uartInit
 .text.uartStart
                0x080022f0       0x3c Src\HAL\Uart\base\uart.o
                0x080022f0                uartStart
 .text.uartWrite
                0x0800232c       0x3c Src\HAL\Uart\base\uart.o
                0x0800232c                uartWrite
 .text.HAL_UART_TxCpltCallback
                0x08002368        0xc Src\HAL\Uart\base\uart.o
                0x08002368                HAL_UART_TxCpltCallback
 .text.HAL_UART_RxCpltCallback
                0x08002374        0xc Src\HAL\Uart\base\uart.o
                0x08002374                HAL_UART_RxCpltCallback
 .text.interruptsInit
                0x08002380       0x24 Src\HAL\interrupts\base\interrupts.o
                0x08002380                interruptsInit
 .text.interruptsStart
                0x080023a4       0x28 Src\HAL\interrupts\base\interrupts.o
                0x080023a4                interruptsStart
 .text.HAL_UART1_IRQ
                0x080023cc        0xa Src\HAL\interrupts\custom\interrupts_map.o
                0x080023cc                HAL_UART1_IRQ
 .text.HAL_UART2_IRQ
                0x080023d6        0xa Src\HAL\interrupts\custom\interrupts_map.o
                0x080023d6                HAL_UART2_IRQ
 .text.sendData
                0x080023e0       0x24 Src\main.o
 .text.SystemClock_Config
                0x08002404       0x6c Src\main.o
                0x08002404                SystemClock_Config
 .text.startup.main
                0x08002470       0xb4 Src\main.o
                0x08002470                main
 .text.HAL_MspInit
                0x08002524       0x3c Src\stm32f0xx_hal_msp.o
                0x08002524                HAL_MspInit
 .text.HAL_TIM_Base_MspInit
                0x08002560       0x2c Src\stm32f0xx_hal_msp.o
                0x08002560                HAL_TIM_Base_MspInit
 .text.HAL_UART_MspInit
                0x0800258c       0x60 Src\stm32f0xx_hal_msp.o
                0x0800258c                HAL_UART_MspInit
 .text.HAL_UART_MspDeInit
                0x080025ec       0x2c Src\stm32f0xx_hal_msp.o
                0x080025ec                HAL_UART_MspDeInit
 .text.NMI_Handler
                0x08002618        0x2 Src\stm32f0xx_it.o
                0x08002618                NMI_Handler
 .text.HardFault_Handler
                0x0800261a        0x2 Src\stm32f0xx_it.o
                0x0800261a                HardFault_Handler
 .text.SysTick_Handler
                0x0800261c        0xc Src\stm32f0xx_it.o
                0x0800261c                SysTick_Handler
 .text.USART1_IRQHandler
                0x08002628        0x8 Src\stm32f0xx_it.o
                0x08002628                USART1_IRQHandler
 .text.USART2_IRQHandler
                0x08002630        0x8 Src\stm32f0xx_it.o
                0x08002630                USART2_IRQHandler
 .text.SystemInit
                0x08002638       0x60 Src\system_stm32f0xx.o
                0x08002638                SystemInit
 .text.Reset_Handler
                0x08002698       0x50 startup\startup_stm32f051x8.o
                0x08002698                Reset_Handler
 .text.Default_Handler
                0x080026e8        0x2 startup\startup_stm32f051x8.o
                0x080026e8                TIM1_CC_IRQHandler
                0x080026e8                TSC_IRQHandler
                0x080026e8                ADC1_COMP_IRQHandler
                0x080026e8                PVD_IRQHandler
                0x080026e8                I2C1_IRQHandler
                0x080026e8                RCC_CRS_IRQHandler
                0x080026e8                SPI1_IRQHandler
                0x080026e8                TIM6_DAC_IRQHandler
                0x080026e8                EXTI2_3_IRQHandler
                0x080026e8                I2C2_IRQHandler
                0x080026e8                TIM17_IRQHandler
                0x080026e8                CEC_CAN_IRQHandler
                0x080026e8                RTC_IRQHandler
                0x080026e8                TIM16_IRQHandler
                0x080026e8                TIM3_IRQHandler
                0x080026e8                EXTI4_15_IRQHandler
                0x080026e8                DMA1_Channel1_IRQHandler
                0x080026e8                Default_Handler
                0x080026e8                TIM14_IRQHandler
                0x080026e8                DMA1_Channel4_5_IRQHandler
                0x080026e8                TIM15_IRQHandler
                0x080026e8                EXTI0_1_IRQHandler
                0x080026e8                SPI2_IRQHandler
                0x080026e8                WWDG_IRQHandler
                0x080026e8                TIM2_IRQHandler
                0x080026e8                DMA1_Channel2_3_IRQHandler
                0x080026e8                FLASH_IRQHandler
                0x080026e8                TIM1_BRK_UP_TRG_COM_IRQHandler
 *fill*         0x080026ea        0x2 
 .text.__libc_init_array
                0x080026ec       0x48 c:/program files (x86)/atollic/truestudio for arm 8.0.0/armtools/bin/../lib/gcc/arm-atollic-eabi/6.3.1/../../../../arm-atollic-eabi/lib/armv6-m\libc_nano.a(lib_a-init.o)
                0x080026ec                __libc_init_array
 .text.memcpy   0x08002734       0x12 c:/program files (x86)/atollic/truestudio for arm 8.0.0/armtools/bin/../lib/gcc/arm-atollic-eabi/6.3.1/../../../../arm-atollic-eabi/lib/armv6-m\libc_nano.a(lib_a-memcpy-stub.o)
                0x08002734                memcpy
 .text.strcpy   0x08002746       0x10 c:/program files (x86)/atollic/truestudio for arm 8.0.0/armtools/bin/../lib/gcc/arm-atollic-eabi/6.3.1/../../../../arm-atollic-eabi/lib/armv6-m\libc_nano.a(lib_a-strcpy.o)
                0x08002746                strcpy
 *(.glue_7)
 .glue_7        0x08002756        0x0 linker stubs
 *(.glue_7t)
 .glue_7t       0x08002756        0x0 linker stubs
 *(.eh_frame)
 *fill*         0x08002756        0x2 
 .eh_frame      0x08002758        0x0 c:/program files (x86)/atollic/truestudio for arm 8.0.0/armtools/bin/../lib/gcc/arm-atollic-eabi/6.3.1/armv6-m/crtbegin.o
 *(.init)
 .init          0x08002758        0x4 c:/program files (x86)/atollic/truestudio for arm 8.0.0/armtools/bin/../lib/gcc/arm-atollic-eabi/6.3.1/armv6-m/crti.o
                0x08002758                _init
 .init          0x0800275c        0x8 c:/program files (x86)/atollic/truestudio for arm 8.0.0/armtools/bin/../lib/gcc/arm-atollic-eabi/6.3.1/armv6-m/crtn.o
 *(.fini)
 .fini          0x08002764        0x4 c:/program files (x86)/atollic/truestudio for arm 8.0.0/armtools/bin/../lib/gcc/arm-atollic-eabi/6.3.1/armv6-m/crti.o
                0x08002764                _fini
 .fini          0x08002768        0x8 c:/program files (x86)/atollic/truestudio for arm 8.0.0/armtools/bin/../lib/gcc/arm-atollic-eabi/6.3.1/armv6-m/crtn.o
                0x08002770                . = ALIGN (0x4)
                0x08002770                _etext = .

.vfp11_veneer   0x08002770        0x0
 .vfp11_veneer  0x08002770        0x0 linker stubs

.v4_bx          0x08002770        0x0
 .v4_bx         0x08002770        0x0 linker stubs

.iplt           0x08002770        0x0
 .iplt          0x08002770        0x0 c:/program files (x86)/atollic/truestudio for arm 8.0.0/armtools/bin/../lib/gcc/arm-atollic-eabi/6.3.1/armv6-m/crtbegin.o

.rodata         0x08002770      0x110
                0x08002770                . = ALIGN (0x4)
 *(.rodata)
 .rodata        0x08002770       0x20 Drivers\STM32F0xx_HAL_Driver\Src\stm32f0xx_hal_rcc.o
 *(.rodata*)
 .rodata.CSWTCH.50
                0x08002790        0x4 Drivers\STM32F0xx_HAL_Driver\Src\stm32f0xx_hal_uart.o
 .rodata.vTaskStartScheduler.str1.1
                0x08002794        0x5 Middlewares\Third_Party\FreeRTOS\Source\tasks.o
 *fill*         0x08002799        0x3 
 .rodata.GPIOInstanceMap
                0x0800279c       0x60 Src\HAL\GPIO\custom\GPIO_map.o
                0x0800279c                GPIOInstanceMap
 .rodata.UARTInstanceMap
                0x080027fc       0x58 Src\HAL\Uart\custom\uart_map.o
                0x080027fc                UARTInstanceMap
 .rodata.main.str1.1
                0x08002854        0x9 Src\main.o
 .rodata.sendData.str1.1
                0x0800285d        0xa Src\main.o
 .rodata.AHBPrescTable
                0x08002867       0x10 Src\system_stm32f0xx.o
                0x08002867                AHBPrescTable
 .rodata.APBPrescTable
                0x08002877        0x8 Src\system_stm32f0xx.o
                0x08002877                APBPrescTable
                0x08002880                . = ALIGN (0x4)
 *fill*         0x0800287f        0x1 

.rel.dyn        0x08002880        0x0
 .rel.iplt      0x08002880        0x0 c:/program files (x86)/atollic/truestudio for arm 8.0.0/armtools/bin/../lib/gcc/arm-atollic-eabi/6.3.1/armv6-m/crtbegin.o

.ARM.extab
 *(.ARM.extab* .gnu.linkonce.armextab.*)

.ARM            0x08002880        0x0
                0x08002880                __exidx_start = .
 *(.ARM.exidx*)
                0x08002880                __exidx_end = .

.preinit_array  0x08002880        0x0
                0x08002880                PROVIDE (__preinit_array_start, .)
 *(.preinit_array*)
                0x08002880                PROVIDE (__preinit_array_end, .)

.init_array     0x08002880        0x4
                0x08002880                PROVIDE (__init_array_start, .)
 *(SORT(.init_array.*))
 *(.init_array*)
 .init_array    0x08002880        0x4 c:/program files (x86)/atollic/truestudio for arm 8.0.0/armtools/bin/../lib/gcc/arm-atollic-eabi/6.3.1/armv6-m/crtbegin.o
                0x08002884                PROVIDE (__init_array_end, .)

.fini_array     0x08002884        0x4
                [!provide]                PROVIDE (__fini_array_start, .)
 *(SORT(.fini_array.*))
 *(.fini_array*)
 .fini_array    0x08002884        0x4 c:/program files (x86)/atollic/truestudio for arm 8.0.0/armtools/bin/../lib/gcc/arm-atollic-eabi/6.3.1/armv6-m/crtbegin.o
                [!provide]                PROVIDE (__fini_array_end, .)
                0x08002888                _sidata = LOADADDR (.data)

.data           0x20000000       0x14 load address 0x08002888
                0x20000000                . = ALIGN (0x4)
                0x20000000                _sdata = .
 *(.data)
 *(.data*)
 .data.uxCriticalNesting
                0x20000000        0x4 Middlewares\Third_Party\FreeRTOS\Source\portable\GCC\ARM_CM0\port.o
 .data.interruptsInstanceMap
                0x20000004        0xc Src\HAL\interrupts\custom\interrupts_map.o
                0x20000004                interruptsInstanceMap
 .data.SystemCoreClock
                0x20000010        0x4 Src\system_stm32f0xx.o
                0x20000010                SystemCoreClock
                0x20000014                . = ALIGN (0x4)
                0x20000014                _edata = .

.igot.plt       0x20000014        0x0 load address 0x0800289c
 .igot.plt      0x20000014        0x0 c:/program files (x86)/atollic/truestudio for arm 8.0.0/armtools/bin/../lib/gcc/arm-atollic-eabi/6.3.1/armv6-m/crtbegin.o
                0x20000014                . = ALIGN (0x4)

.bss            0x20000014     0x1534 load address 0x0800289c
                0x20000014                _sbss = .
                0x20000014                __bss_start__ = _sbss
 *(.bss)
 .bss           0x20000014       0x1c c:/program files (x86)/atollic/truestudio for arm 8.0.0/armtools/bin/../lib/gcc/arm-atollic-eabi/6.3.1/armv6-m/crtbegin.o
 *(.bss*)
 .bss.pxEnd     0x20000030        0x4 Middlewares\Third_Party\FreeRTOS\Source\portable\MemMang\heap_4.o
 .bss.ucHeap    0x20000034      0xc00 Middlewares\Third_Party\FreeRTOS\Source\portable\MemMang\heap_4.o
 .bss.xBlockAllocatedBit
                0x20000c34        0x4 Middlewares\Third_Party\FreeRTOS\Source\portable\MemMang\heap_4.o
 .bss.xFreeBytesRemaining
                0x20000c38        0x4 Middlewares\Third_Party\FreeRTOS\Source\portable\MemMang\heap_4.o
 .bss.xMinimumEverFreeBytesRemaining
                0x20000c3c        0x4 Middlewares\Third_Party\FreeRTOS\Source\portable\MemMang\heap_4.o
 .bss.xStart    0x20000c40        0x8 Middlewares\Third_Party\FreeRTOS\Source\portable\MemMang\heap_4.o
 .bss.pxCurrentTCB
                0x20000c48        0x4 Middlewares\Third_Party\FreeRTOS\Source\tasks.o
                0x20000c48                pxCurrentTCB
 .bss.pxDelayedTaskList
                0x20000c4c        0x4 Middlewares\Third_Party\FreeRTOS\Source\tasks.o
 .bss.pxOverflowDelayedTaskList
                0x20000c50        0x4 Middlewares\Third_Party\FreeRTOS\Source\tasks.o
 .bss.pxReadyTasksLists
                0x20000c54       0x8c Middlewares\Third_Party\FreeRTOS\Source\tasks.o
 .bss.uxCurrentNumberOfTasks
                0x20000ce0        0x4 Middlewares\Third_Party\FreeRTOS\Source\tasks.o
 .bss.uxDeletedTasksWaitingCleanUp
                0x20000ce4        0x4 Middlewares\Third_Party\FreeRTOS\Source\tasks.o
 .bss.uxPendedTicks
                0x20000ce8        0x4 Middlewares\Third_Party\FreeRTOS\Source\tasks.o
 .bss.uxSchedulerSuspended
                0x20000cec        0x4 Middlewares\Third_Party\FreeRTOS\Source\tasks.o
 .bss.uxTaskNumber
                0x20000cf0        0x4 Middlewares\Third_Party\FreeRTOS\Source\tasks.o
 .bss.uxTopReadyPriority
                0x20000cf4        0x4 Middlewares\Third_Party\FreeRTOS\Source\tasks.o
 .bss.xDelayedTaskList1
                0x20000cf8       0x14 Middlewares\Third_Party\FreeRTOS\Source\tasks.o
 .bss.xDelayedTaskList2
                0x20000d0c       0x14 Middlewares\Third_Party\FreeRTOS\Source\tasks.o
 .bss.xIdleTaskHandle
                0x20000d20        0x4 Middlewares\Third_Party\FreeRTOS\Source\tasks.o
 .bss.xNextTaskUnblockTime
                0x20000d24        0x4 Middlewares\Third_Party\FreeRTOS\Source\tasks.o
 .bss.xNumOfOverflows
                0x20000d28        0x4 Middlewares\Third_Party\FreeRTOS\Source\tasks.o
 .bss.xPendingReadyList
                0x20000d2c       0x14 Middlewares\Third_Party\FreeRTOS\Source\tasks.o
 .bss.xSchedulerRunning
                0x20000d40        0x4 Middlewares\Third_Party\FreeRTOS\Source\tasks.o
 .bss.xSuspendedTaskList
                0x20000d44       0x14 Middlewares\Third_Party\FreeRTOS\Source\tasks.o
 .bss.xTasksWaitingTermination
                0x20000d58       0x14 Middlewares\Third_Party\FreeRTOS\Source\tasks.o
 .bss.xTickCount
                0x20000d6c        0x4 Middlewares\Third_Party\FreeRTOS\Source\tasks.o
 .bss.xYieldPending
                0x20000d70        0x4 Middlewares\Third_Party\FreeRTOS\Source\tasks.o
 *(COMMON)
 COMMON         0x20000d74        0x4 Drivers\STM32F0xx_HAL_Driver\Src\stm32f0xx_hal.o
                0x20000d74                uwTick
 COMMON         0x20000d78      0x114 Src\HAL\Uart\base\uart.o
                0x20000d78                uartCircularBuffers
                0x20000da8                UART_TX_CP
                0x20000da9                UART_RX_CP
                0x20000dac                uartHandlers
 COMMON         0x20000e8c      0x5cc Src\HAL\Uart\custom\uart_map.o
                0x20000e8c                usart1TxBuffer
                0x20000f8c                usart2RxBuffer
                0x20000ff0                usart2TxBuffer
                0x200013f4                usart1RxBuffer
 COMMON         0x20001458       0xf0 Src\main.o
                0x20001458                hirda1
                0x20001494                pbq
                0x20001498                htim1
                0x200014d8                huart2
                0x20001548                . = ALIGN (0x4)
                0x20001548                _ebss = .
                0x20001548                __bss_end__ = _ebss

._user_heap_stack
                0x20001548      0x600 load address 0x0800289c
                0x20001548                . = ALIGN (0x4)
                [!provide]                PROVIDE (end, .)
                [!provide]                PROVIDE (_end, .)
                0x20001748                . = (. + _Min_Heap_Size)
 *fill*         0x20001548      0x200 
                0x20001b48                . = (. + _Min_Stack_Size)
 *fill*         0x20001748      0x400 
                0x20001b48                . = ALIGN (0x4)

/DISCARD/
 libc.a(*)
 libm.a(*)
 libgcc.a(*)

.ARM.attributes
                0x00000000       0x28
 *(.ARM.attributes)
 .ARM.attributes
                0x00000000       0x1e c:/program files (x86)/atollic/truestudio for arm 8.0.0/armtools/bin/../lib/gcc/arm-atollic-eabi/6.3.1/armv6-m/crti.o
 .ARM.attributes
                0x0000001e       0x2c c:/program files (x86)/atollic/truestudio for arm 8.0.0/armtools/bin/../lib/gcc/arm-atollic-eabi/6.3.1/armv6-m/crtbegin.o
 .ARM.attributes
                0x0000004a       0x31 Drivers\STM32F0xx_HAL_Driver\Src\stm32f0xx_hal.o
 .ARM.attributes
                0x0000007b       0x31 Drivers\STM32F0xx_HAL_Driver\Src\stm32f0xx_hal_cortex.o
 .ARM.attributes
                0x000000ac       0x31 Drivers\STM32F0xx_HAL_Driver\Src\stm32f0xx_hal_dma.o
 .ARM.attributes
                0x000000dd       0x31 Drivers\STM32F0xx_HAL_Driver\Src\stm32f0xx_hal_gpio.o
 .ARM.attributes
                0x0000010e       0x31 Drivers\STM32F0xx_HAL_Driver\Src\stm32f0xx_hal_rcc.o
 .ARM.attributes
                0x0000013f       0x31 Drivers\STM32F0xx_HAL_Driver\Src\stm32f0xx_hal_rcc_ex.o
 .ARM.attributes
                0x00000170       0x31 Drivers\STM32F0xx_HAL_Driver\Src\stm32f0xx_hal_tim.o
 .ARM.attributes
                0x000001a1       0x31 Drivers\STM32F0xx_HAL_Driver\Src\stm32f0xx_hal_tim_ex.o
 .ARM.attributes
                0x000001d2       0x31 Drivers\STM32F0xx_HAL_Driver\Src\stm32f0xx_hal_uart.o
 .ARM.attributes
                0x00000203       0x31 Drivers\STM32F0xx_HAL_Driver\Src\stm32f0xx_hal_uart_ex.o
 .ARM.attributes
                0x00000234       0x31 Middlewares\Third_Party\FreeRTOS\Source\CMSIS_RTOS\cmsis_os.o
 .ARM.attributes
                0x00000265       0x31 Middlewares\Third_Party\FreeRTOS\Source\list.o
 .ARM.attributes
                0x00000296       0x31 Middlewares\Third_Party\FreeRTOS\Source\portable\GCC\ARM_CM0\port.o
 .ARM.attributes
                0x000002c7       0x31 Middlewares\Third_Party\FreeRTOS\Source\portable\MemMang\heap_4.o
 .ARM.attributes
                0x000002f8       0x31 Middlewares\Third_Party\FreeRTOS\Source\queue.o
 .ARM.attributes
                0x00000329       0x31 Middlewares\Third_Party\FreeRTOS\Source\tasks.o
 .ARM.attributes
                0x0000035a       0x31 Src\CircularBuffer\base\CircularBuffer.o
 .ARM.attributes
                0x0000038b       0x31 Src\HAL\GPIO\base\GPIO.o
 .ARM.attributes
                0x000003bc       0x31 Src\HAL\GPIO\custom\GPIO_map.o
 .ARM.attributes
                0x000003ed       0x31 Src\HAL\Uart\base\uart.o
 .ARM.attributes
                0x0000041e       0x31 Src\HAL\Uart\custom\uart_map.o
 .ARM.attributes
                0x0000044f       0x31 Src\HAL\interrupts\base\interrupts.o
 .ARM.attributes
                0x00000480       0x31 Src\HAL\interrupts\custom\interrupts_map.o
 .ARM.attributes
                0x000004b1       0x31 Src\main.o
 .ARM.attributes
                0x000004e2       0x31 Src\stm32f0xx_hal_msp.o
 .ARM.attributes
                0x00000513       0x31 Src\stm32f0xx_it.o
 .ARM.attributes
                0x00000544       0x31 Src\system_stm32f0xx.o
 .ARM.attributes
                0x00000575       0x21 startup\startup_stm32f051x8.o
 .ARM.attributes
                0x00000596       0x2c c:/program files (x86)/atollic/truestudio for arm 8.0.0/armtools/bin/../lib/gcc/arm-atollic-eabi/6.3.1/../../../../arm-atollic-eabi/lib/armv6-m\libc_nano.a(lib_a-init.o)
 .ARM.attributes
                0x000005c2       0x2c c:/program files (x86)/atollic/truestudio for arm 8.0.0/armtools/bin/../lib/gcc/arm-atollic-eabi/6.3.1/../../../../arm-atollic-eabi/lib/armv6-m\libc_nano.a(lib_a-memcpy-stub.o)
 .ARM.attributes
                0x000005ee       0x2c c:/program files (x86)/atollic/truestudio for arm 8.0.0/armtools/bin/../lib/gcc/arm-atollic-eabi/6.3.1/../../../../arm-atollic-eabi/lib/armv6-m\libc_nano.a(lib_a-strcpy.o)
 .ARM.attributes
                0x0000061a       0x1c c:/program files (x86)/atollic/truestudio for arm 8.0.0/armtools/bin/../lib/gcc/arm-atollic-eabi/6.3.1/../../../../arm-atollic-eabi/lib/armv6-m\libc_nano.a(lib_a-strlen.o)
 .ARM.attributes
                0x00000636       0x1e c:/program files (x86)/atollic/truestudio for arm 8.0.0/armtools/bin/../lib/gcc/arm-atollic-eabi/6.3.1/armv6-m\libgcc.a(_thumb1_case_sqi.o)
 .ARM.attributes
                0x00000654       0x1e c:/program files (x86)/atollic/truestudio for arm 8.0.0/armtools/bin/../lib/gcc/arm-atollic-eabi/6.3.1/armv6-m\libgcc.a(_thumb1_case_uqi.o)
 .ARM.attributes
                0x00000672       0x1e c:/program files (x86)/atollic/truestudio for arm 8.0.0/armtools/bin/../lib/gcc/arm-atollic-eabi/6.3.1/armv6-m\libgcc.a(_udivsi3.o)
 .ARM.attributes
                0x00000690       0x1e c:/program files (x86)/atollic/truestudio for arm 8.0.0/armtools/bin/../lib/gcc/arm-atollic-eabi/6.3.1/armv6-m\libgcc.a(_dvmd_tls.o)
 .ARM.attributes
                0x000006ae       0x1e c:/program files (x86)/atollic/truestudio for arm 8.0.0/armtools/bin/../lib/gcc/arm-atollic-eabi/6.3.1/armv6-m/crtn.o
OUTPUT(FreeRTOSEx.elf elf32-littlearm)

.debug_info     0x00000000    0x20085
 .debug_info    0x00000000      0xe6c Drivers\STM32F0xx_HAL_Driver\Src\stm32f0xx_hal.o
 .debug_info    0x00000e6c     0x1011 Drivers\STM32F0xx_HAL_Driver\Src\stm32f0xx_hal_cortex.o
 .debug_info    0x00001e7d     0x101b Drivers\STM32F0xx_HAL_Driver\Src\stm32f0xx_hal_dma.o
 .debug_info    0x00002e98      0xe5d Drivers\STM32F0xx_HAL_Driver\Src\stm32f0xx_hal_gpio.o
 .debug_info    0x00003cf5     0x117c Drivers\STM32F0xx_HAL_Driver\Src\stm32f0xx_hal_rcc.o
 .debug_info    0x00004e71      0xbfa Drivers\STM32F0xx_HAL_Driver\Src\stm32f0xx_hal_rcc_ex.o
 .debug_info    0x00005a6b     0x3c02 Drivers\STM32F0xx_HAL_Driver\Src\stm32f0xx_hal_tim.o
 .debug_info    0x0000966d     0x19fb Drivers\STM32F0xx_HAL_Driver\Src\stm32f0xx_hal_tim_ex.o
 .debug_info    0x0000b068     0x20cb Drivers\STM32F0xx_HAL_Driver\Src\stm32f0xx_hal_uart.o
 .debug_info    0x0000d133     0x11e0 Drivers\STM32F0xx_HAL_Driver\Src\stm32f0xx_hal_uart_ex.o
 .debug_info    0x0000e313     0x24cd Middlewares\Third_Party\FreeRTOS\Source\CMSIS_RTOS\cmsis_os.o
 .debug_info    0x000107e0      0xac0 Middlewares\Third_Party\FreeRTOS\Source\list.o
 .debug_info    0x000112a0      0x2ac Middlewares\Third_Party\FreeRTOS\Source\portable\GCC\ARM_CM0\port.o
 .debug_info    0x0001154c      0xba8 Middlewares\Third_Party\FreeRTOS\Source\portable\MemMang\heap_4.o
 .debug_info    0x000120f4     0x1b27 Middlewares\Third_Party\FreeRTOS\Source\queue.o
 .debug_info    0x00013c1b     0x23cc Middlewares\Third_Party\FreeRTOS\Source\tasks.o
 .debug_info    0x00015fe7      0xa94 Src\CircularBuffer\base\CircularBuffer.o
 .debug_info    0x00016a7b      0xdfa Src\HAL\GPIO\base\GPIO.o
 .debug_info    0x00017875      0xac8 Src\HAL\GPIO\custom\GPIO_map.o
 .debug_info    0x0001833d     0x151c Src\HAL\Uart\base\uart.o
 .debug_info    0x00019859      0xbe9 Src\HAL\Uart\custom\uart_map.o
 .debug_info    0x0001a442      0xb39 Src\HAL\interrupts\base\interrupts.o
 .debug_info    0x0001af7b      0xb30 Src\HAL\interrupts\custom\interrupts_map.o
 .debug_info    0x0001baab     0x1a34 Src\main.o
 .debug_info    0x0001d4df     0x170b Src\stm32f0xx_hal_msp.o
 .debug_info    0x0001ebea      0x9be Src\stm32f0xx_it.o
 .debug_info    0x0001f5a8      0xa67 Src\system_stm32f0xx.o
 .debug_info    0x0002000f       0x76 startup\startup_stm32f051x8.o

.debug_abbrev   0x00000000     0x451e
 .debug_abbrev  0x00000000      0x2d1 Drivers\STM32F0xx_HAL_Driver\Src\stm32f0xx_hal.o
 .debug_abbrev  0x000002d1      0x30a Drivers\STM32F0xx_HAL_Driver\Src\stm32f0xx_hal_cortex.o
 .debug_abbrev  0x000005db      0x2a3 Drivers\STM32F0xx_HAL_Driver\Src\stm32f0xx_hal_dma.o
 .debug_abbrev  0x0000087e      0x277 Drivers\STM32F0xx_HAL_Driver\Src\stm32f0xx_hal_gpio.o
 .debug_abbrev  0x00000af5      0x2ea Drivers\STM32F0xx_HAL_Driver\Src\stm32f0xx_hal_rcc.o
 .debug_abbrev  0x00000ddf      0x268 Drivers\STM32F0xx_HAL_Driver\Src\stm32f0xx_hal_rcc_ex.o
 .debug_abbrev  0x00001047      0x3a5 Drivers\STM32F0xx_HAL_Driver\Src\stm32f0xx_hal_tim.o
 .debug_abbrev  0x000013ec      0x30d Drivers\STM32F0xx_HAL_Driver\Src\stm32f0xx_hal_tim_ex.o
 .debug_abbrev  0x000016f9      0x358 Drivers\STM32F0xx_HAL_Driver\Src\stm32f0xx_hal_uart.o
 .debug_abbrev  0x00001a51      0x2a3 Drivers\STM32F0xx_HAL_Driver\Src\stm32f0xx_hal_uart_ex.o
 .debug_abbrev  0x00001cf4      0x418 Middlewares\Third_Party\FreeRTOS\Source\CMSIS_RTOS\cmsis_os.o
 .debug_abbrev  0x0000210c      0x1e3 Middlewares\Third_Party\FreeRTOS\Source\list.o
 .debug_abbrev  0x000022ef      0x194 Middlewares\Third_Party\FreeRTOS\Source\portable\GCC\ARM_CM0\port.o
 .debug_abbrev  0x00002483      0x2ce Middlewares\Third_Party\FreeRTOS\Source\portable\MemMang\heap_4.o
 .debug_abbrev  0x00002751      0x321 Middlewares\Third_Party\FreeRTOS\Source\queue.o
 .debug_abbrev  0x00002a72      0x3bf Middlewares\Third_Party\FreeRTOS\Source\tasks.o
 .debug_abbrev  0x00002e31      0x20a Src\CircularBuffer\base\CircularBuffer.o
 .debug_abbrev  0x0000303b      0x287 Src\HAL\GPIO\base\GPIO.o
 .debug_abbrev  0x000032c2      0x192 Src\HAL\GPIO\custom\GPIO_map.o
 .debug_abbrev  0x00003454      0x28b Src\HAL\Uart\base\uart.o
 .debug_abbrev  0x000036df      0x19b Src\HAL\Uart\custom\uart_map.o
 .debug_abbrev  0x0000387a      0x1bf Src\HAL\interrupts\base\interrupts.o
 .debug_abbrev  0x00003a39      0x1cd Src\HAL\interrupts\custom\interrupts_map.o
 .debug_abbrev  0x00003c06      0x348 Src\main.o
 .debug_abbrev  0x00003f4e      0x23c Src\stm32f0xx_hal_msp.o
 .debug_abbrev  0x0000418a      0x1b8 Src\stm32f0xx_it.o
 .debug_abbrev  0x00004342      0x1ca Src\system_stm32f0xx.o
 .debug_abbrev  0x0000450c       0x12 startup\startup_stm32f051x8.o

.debug_loc      0x00000000     0xb501
 .debug_loc     0x00000000       0x7c Drivers\STM32F0xx_HAL_Driver\Src\stm32f0xx_hal.o
 .debug_loc     0x0000007c      0x3cc Drivers\STM32F0xx_HAL_Driver\Src\stm32f0xx_hal_cortex.o
 .debug_loc     0x00000448      0x7ca Drivers\STM32F0xx_HAL_Driver\Src\stm32f0xx_hal_dma.o
 .debug_loc     0x00000c12      0x307 Drivers\STM32F0xx_HAL_Driver\Src\stm32f0xx_hal_gpio.o
 .debug_loc     0x00000f19      0x493 Drivers\STM32F0xx_HAL_Driver\Src\stm32f0xx_hal_rcc.o
 .debug_loc     0x000013ac      0x29e Drivers\STM32F0xx_HAL_Driver\Src\stm32f0xx_hal_rcc_ex.o
 .debug_loc     0x0000164a     0x3b44 Drivers\STM32F0xx_HAL_Driver\Src\stm32f0xx_hal_tim.o
 .debug_loc     0x0000518e      0xcc7 Drivers\STM32F0xx_HAL_Driver\Src\stm32f0xx_hal_tim_ex.o
 .debug_loc     0x00005e55     0x13d9 Drivers\STM32F0xx_HAL_Driver\Src\stm32f0xx_hal_uart.o
 .debug_loc     0x0000722e      0x35b Drivers\STM32F0xx_HAL_Driver\Src\stm32f0xx_hal_uart_ex.o
 .debug_loc     0x00007589      0xffa Middlewares\Third_Party\FreeRTOS\Source\CMSIS_RTOS\cmsis_os.o
 .debug_loc     0x00008583       0x94 Middlewares\Third_Party\FreeRTOS\Source\list.o
 .debug_loc     0x00008617       0xb4 Middlewares\Third_Party\FreeRTOS\Source\portable\GCC\ARM_CM0\port.o
 .debug_loc     0x000086cb      0x2de Middlewares\Third_Party\FreeRTOS\Source\portable\MemMang\heap_4.o
 .debug_loc     0x000089a9     0x12f3 Middlewares\Third_Party\FreeRTOS\Source\queue.o
 .debug_loc     0x00009c9c     0x127f Middlewares\Third_Party\FreeRTOS\Source\tasks.o
 .debug_loc     0x0000af1b       0xd9 Src\CircularBuffer\base\CircularBuffer.o
 .debug_loc     0x0000aff4       0xc7 Src\HAL\GPIO\base\GPIO.o
 .debug_loc     0x0000b0bb      0x1fc Src\HAL\Uart\base\uart.o
 .debug_loc     0x0000b2b7       0x3c Src\HAL\interrupts\base\interrupts.o
 .debug_loc     0x0000b2f3       0x42 Src\main.o
 .debug_loc     0x0000b335       0xa5 Src\stm32f0xx_hal_msp.o
 .debug_loc     0x0000b3da      0x127 Src\system_stm32f0xx.o

.debug_aranges  0x00000000      0xf38
 .debug_aranges
                0x00000000       0xb0 Drivers\STM32F0xx_HAL_Driver\Src\stm32f0xx_hal.o
 .debug_aranges
                0x000000b0       0x78 Drivers\STM32F0xx_HAL_Driver\Src\stm32f0xx_hal_cortex.o
 .debug_aranges
                0x00000128       0x78 Drivers\STM32F0xx_HAL_Driver\Src\stm32f0xx_hal_dma.o
 .debug_aranges
                0x000001a0       0x58 Drivers\STM32F0xx_HAL_Driver\Src\stm32f0xx_hal_gpio.o
 .debug_aranges
                0x000001f8       0x80 Drivers\STM32F0xx_HAL_Driver\Src\stm32f0xx_hal_rcc.o
 .debug_aranges
                0x00000278       0x30 Drivers\STM32F0xx_HAL_Driver\Src\stm32f0xx_hal_rcc_ex.o
 .debug_aranges
                0x000002a8      0x268 Drivers\STM32F0xx_HAL_Driver\Src\stm32f0xx_hal_tim.o
 .debug_aranges
                0x00000510       0xf8 Drivers\STM32F0xx_HAL_Driver\Src\stm32f0xx_hal_tim_ex.o
 .debug_aranges
                0x00000608      0x188 Drivers\STM32F0xx_HAL_Driver\Src\stm32f0xx_hal_uart.o
 .debug_aranges
                0x00000790       0x58 Drivers\STM32F0xx_HAL_Driver\Src\stm32f0xx_hal_uart_ex.o
 .debug_aranges
                0x000007e8      0x190 Middlewares\Third_Party\FreeRTOS\Source\CMSIS_RTOS\cmsis_os.o
 .debug_aranges
                0x00000978       0x40 Middlewares\Third_Party\FreeRTOS\Source\list.o
 .debug_aranges
                0x000009b8       0x88 Middlewares\Third_Party\FreeRTOS\Source\portable\GCC\ARM_CM0\port.o
 .debug_aranges
                0x00000a40       0x48 Middlewares\Third_Party\FreeRTOS\Source\portable\MemMang\heap_4.o
 .debug_aranges
                0x00000a88       0xc0 Middlewares\Third_Party\FreeRTOS\Source\queue.o
 .debug_aranges
                0x00000b48      0x160 Middlewares\Third_Party\FreeRTOS\Source\tasks.o
 .debug_aranges
                0x00000ca8       0x48 Src\CircularBuffer\base\CircularBuffer.o
 .debug_aranges
                0x00000cf0       0x38 Src\HAL\GPIO\base\GPIO.o
 .debug_aranges
                0x00000d28       0x18 Src\HAL\GPIO\custom\GPIO_map.o
 .debug_aranges
                0x00000d40       0x68 Src\HAL\Uart\base\uart.o
 .debug_aranges
                0x00000da8       0x18 Src\HAL\Uart\custom\uart_map.o
 .debug_aranges
                0x00000dc0       0x30 Src\HAL\interrupts\base\interrupts.o
 .debug_aranges
                0x00000df0       0x28 Src\HAL\interrupts\custom\interrupts_map.o
 .debug_aranges
                0x00000e18       0x40 Src\main.o
 .debug_aranges
                0x00000e58       0x50 Src\stm32f0xx_hal_msp.o
 .debug_aranges
                0x00000ea8       0x40 Src\stm32f0xx_it.o
 .debug_aranges
                0x00000ee8       0x28 Src\system_stm32f0xx.o
 .debug_aranges
                0x00000f10       0x28 startup\startup_stm32f051x8.o

.debug_ranges   0x00000000     0x1418
 .debug_ranges  0x00000000       0xa0 Drivers\STM32F0xx_HAL_Driver\Src\stm32f0xx_hal.o
 .debug_ranges  0x000000a0      0x120 Drivers\STM32F0xx_HAL_Driver\Src\stm32f0xx_hal_cortex.o
 .debug_ranges  0x000001c0       0xe8 Drivers\STM32F0xx_HAL_Driver\Src\stm32f0xx_hal_dma.o
 .debug_ranges  0x000002a8       0x70 Drivers\STM32F0xx_HAL_Driver\Src\stm32f0xx_hal_gpio.o
 .debug_ranges  0x00000318       0xa0 Drivers\STM32F0xx_HAL_Driver\Src\stm32f0xx_hal_rcc.o
 .debug_ranges  0x000003b8       0x40 Drivers\STM32F0xx_HAL_Driver\Src\stm32f0xx_hal_rcc_ex.o
 .debug_ranges  0x000003f8      0x470 Drivers\STM32F0xx_HAL_Driver\Src\stm32f0xx_hal_tim.o
 .debug_ranges  0x00000868       0xe8 Drivers\STM32F0xx_HAL_Driver\Src\stm32f0xx_hal_tim_ex.o
 .debug_ranges  0x00000950      0x178 Drivers\STM32F0xx_HAL_Driver\Src\stm32f0xx_hal_uart.o
 .debug_ranges  0x00000ac8       0x48 Drivers\STM32F0xx_HAL_Driver\Src\stm32f0xx_hal_uart_ex.o
 .debug_ranges  0x00000b10      0x180 Middlewares\Third_Party\FreeRTOS\Source\CMSIS_RTOS\cmsis_os.o
 .debug_ranges  0x00000c90       0x30 Middlewares\Third_Party\FreeRTOS\Source\list.o
 .debug_ranges  0x00000cc0       0x78 Middlewares\Third_Party\FreeRTOS\Source\portable\GCC\ARM_CM0\port.o
 .debug_ranges  0x00000d38       0x50 Middlewares\Third_Party\FreeRTOS\Source\portable\MemMang\heap_4.o
 .debug_ranges  0x00000d88      0x1c8 Middlewares\Third_Party\FreeRTOS\Source\queue.o
 .debug_ranges  0x00000f50      0x240 Middlewares\Third_Party\FreeRTOS\Source\tasks.o
 .debug_ranges  0x00001190       0x38 Src\CircularBuffer\base\CircularBuffer.o
 .debug_ranges  0x000011c8       0x28 Src\HAL\GPIO\base\GPIO.o
 .debug_ranges  0x000011f0       0xa8 Src\HAL\Uart\base\uart.o
 .debug_ranges  0x00001298       0x20 Src\HAL\interrupts\base\interrupts.o
 .debug_ranges  0x000012b8       0x18 Src\HAL\interrupts\custom\interrupts_map.o
 .debug_ranges  0x000012d0       0x30 Src\main.o
 .debug_ranges  0x00001300       0xb0 Src\stm32f0xx_hal_msp.o
 .debug_ranges  0x000013b0       0x30 Src\stm32f0xx_it.o
 .debug_ranges  0x000013e0       0x18 Src\system_stm32f0xx.o
 .debug_ranges  0x000013f8       0x20 startup\startup_stm32f051x8.o

.debug_line     0x00000000     0x94fa
 .debug_line    0x00000000      0x43a Drivers\STM32F0xx_HAL_Driver\Src\stm32f0xx_hal.o
 .debug_line    0x0000043a      0x40d Drivers\STM32F0xx_HAL_Driver\Src\stm32f0xx_hal_cortex.o
 .debug_line    0x00000847      0x56a Drivers\STM32F0xx_HAL_Driver\Src\stm32f0xx_hal_dma.o
 .debug_line    0x00000db1      0x41b Drivers\STM32F0xx_HAL_Driver\Src\stm32f0xx_hal_gpio.o
 .debug_line    0x000011cc      0x617 Drivers\STM32F0xx_HAL_Driver\Src\stm32f0xx_hal_rcc.o
 .debug_line    0x000017e3      0x3c3 Drivers\STM32F0xx_HAL_Driver\Src\stm32f0xx_hal_rcc_ex.o
 .debug_line    0x00001ba6     0x1361 Drivers\STM32F0xx_HAL_Driver\Src\stm32f0xx_hal_tim.o
 .debug_line    0x00002f07      0x7fe Drivers\STM32F0xx_HAL_Driver\Src\stm32f0xx_hal_tim_ex.o
 .debug_line    0x00003705      0xd7d Drivers\STM32F0xx_HAL_Driver\Src\stm32f0xx_hal_uart.o
 .debug_line    0x00004482      0x444 Drivers\STM32F0xx_HAL_Driver\Src\stm32f0xx_hal_uart_ex.o
 .debug_line    0x000048c6      0x8ae Middlewares\Third_Party\FreeRTOS\Source\CMSIS_RTOS\cmsis_os.o
 .debug_line    0x00005174      0x375 Middlewares\Third_Party\FreeRTOS\Source\list.o
 .debug_line    0x000054e9      0x2f2 Middlewares\Third_Party\FreeRTOS\Source\portable\GCC\ARM_CM0\port.o
 .debug_line    0x000057db      0x3ae Middlewares\Third_Party\FreeRTOS\Source\portable\MemMang\heap_4.o
 .debug_line    0x00005b89      0x795 Middlewares\Third_Party\FreeRTOS\Source\queue.o
 .debug_line    0x0000631e      0xb96 Middlewares\Third_Party\FreeRTOS\Source\tasks.o
 .debug_line    0x00006eb4      0x2d0 Src\CircularBuffer\base\CircularBuffer.o
 .debug_line    0x00007184      0x322 Src\HAL\GPIO\base\GPIO.o
 .debug_line    0x000074a6      0x29e Src\HAL\GPIO\custom\GPIO_map.o
 .debug_line    0x00007744      0x4ed Src\HAL\Uart\base\uart.o
 .debug_line    0x00007c31      0x2d9 Src\HAL\Uart\custom\uart_map.o
 .debug_line    0x00007f0a      0x305 Src\HAL\interrupts\base\interrupts.o
 .debug_line    0x0000820f      0x376 Src\HAL\interrupts\custom\interrupts_map.o
 .debug_line    0x00008585      0x5d2 Src\main.o
 .debug_line    0x00008b57      0x3b0 Src\stm32f0xx_hal_msp.o
 .debug_line    0x00008f07      0x31b Src\stm32f0xx_it.o
 .debug_line    0x00009222      0x255 Src\system_stm32f0xx.o
 .debug_line    0x00009477       0x83 startup\startup_stm32f051x8.o

.debug_str      0x00000000     0x56f9
 .debug_str     0x00000000      0x9da Drivers\STM32F0xx_HAL_Driver\Src\stm32f0xx_hal.o
                                0xa6d (size before relaxing)
 .debug_str     0x000009da      0x1ef Drivers\STM32F0xx_HAL_Driver\Src\stm32f0xx_hal_cortex.o
                                0xa75 (size before relaxing)
 .debug_str     0x00000bc9      0x3f4 Drivers\STM32F0xx_HAL_Driver\Src\stm32f0xx_hal_dma.o
                                0xa77 (size before relaxing)
 .debug_str     0x00000fbd      0x1c7 Drivers\STM32F0xx_HAL_Driver\Src\stm32f0xx_hal_gpio.o
                                0x868 (size before relaxing)
 .debug_str     0x00001184      0x2e7 Drivers\STM32F0xx_HAL_Driver\Src\stm32f0xx_hal_rcc.o
                                0xa48 (size before relaxing)
 .debug_str     0x0000146b      0x139 Drivers\STM32F0xx_HAL_Driver\Src\stm32f0xx_hal_rcc_ex.o
                                0x81a (size before relaxing)
 .debug_str     0x000015a4      0xf42 Drivers\STM32F0xx_HAL_Driver\Src\stm32f0xx_hal_tim.o
                               0x17e3 (size before relaxing)
 .debug_str     0x000024e6      0x50d Drivers\STM32F0xx_HAL_Driver\Src\stm32f0xx_hal_tim_ex.o
                               0x110f (size before relaxing)
 .debug_str     0x000029f3      0x887 Drivers\STM32F0xx_HAL_Driver\Src\stm32f0xx_hal_uart.o
                               0x11d0 (size before relaxing)
 .debug_str     0x0000327a      0x177 Drivers\STM32F0xx_HAL_Driver\Src\stm32f0xx_hal_uart_ex.o
                                0xcbb (size before relaxing)
 .debug_str     0x000033f1      0xb36 Middlewares\Third_Party\FreeRTOS\Source\CMSIS_RTOS\cmsis_os.o
                               0x11d7 (size before relaxing)
 .debug_str     0x00003f27      0x159 Middlewares\Third_Party\FreeRTOS\Source\list.o
                                0x72e (size before relaxing)
 .debug_str     0x00004080      0x144 Middlewares\Third_Party\FreeRTOS\Source\portable\GCC\ARM_CM0\port.o
                                0x385 (size before relaxing)
 .debug_str     0x000041c4      0x1e8 Middlewares\Third_Party\FreeRTOS\Source\portable\MemMang\heap_4.o
                                0x7f8 (size before relaxing)
 .debug_str     0x000043ac      0x466 Middlewares\Third_Party\FreeRTOS\Source\queue.o
                                0xce5 (size before relaxing)
 .debug_str     0x00004812      0x6c9 Middlewares\Third_Party\FreeRTOS\Source\tasks.o
                               0x11bd (size before relaxing)
 .debug_str     0x00004edb       0xb8 Src\CircularBuffer\base\CircularBuffer.o
                                0x6c5 (size before relaxing)
 .debug_str     0x00004f93      0x131 Src\HAL\GPIO\base\GPIO.o
                                0x841 (size before relaxing)
 .debug_str     0x000050c4       0x22 Src\HAL\GPIO\custom\GPIO_map.o
                                0x72b (size before relaxing)
 .debug_str     0x000050e6      0x1fc Src\HAL\Uart\base\uart.o
                                0xdf5 (size before relaxing)
 .debug_str     0x000052e2       0x5e Src\HAL\Uart\custom\uart_map.o
                                0x7ad (size before relaxing)
 .debug_str     0x00005340       0xd2 Src\HAL\interrupts\base\interrupts.o
                                0x8d3 (size before relaxing)
 .debug_str     0x00005412       0x4a Src\HAL\interrupts\custom\interrupts_map.o
                                0x8d0 (size before relaxing)
 .debug_str     0x0000545c      0x17c Src\main.o
                               0x1452 (size before relaxing)
 .debug_str     0x000055d8       0x5f Src\stm32f0xx_hal_msp.o
                               0x1077 (size before relaxing)
 .debug_str     0x00005637       0x68 Src\stm32f0xx_it.o
                                0x682 (size before relaxing)
 .debug_str     0x0000569f       0x5a Src\system_stm32f0xx.o
                                0x68e (size before relaxing)

.comment        0x00000000       0x7c
 .comment       0x00000000       0x7c Drivers\STM32F0xx_HAL_Driver\Src\stm32f0xx_hal.o
                                 0x7d (size before relaxing)
 .comment       0x0000007c       0x7d Drivers\STM32F0xx_HAL_Driver\Src\stm32f0xx_hal_cortex.o
 .comment       0x0000007c       0x7d Drivers\STM32F0xx_HAL_Driver\Src\stm32f0xx_hal_dma.o
 .comment       0x0000007c       0x7d Drivers\STM32F0xx_HAL_Driver\Src\stm32f0xx_hal_gpio.o
 .comment       0x0000007c       0x7d Drivers\STM32F0xx_HAL_Driver\Src\stm32f0xx_hal_rcc.o
 .comment       0x0000007c       0x7d Drivers\STM32F0xx_HAL_Driver\Src\stm32f0xx_hal_rcc_ex.o
 .comment       0x0000007c       0x7d Drivers\STM32F0xx_HAL_Driver\Src\stm32f0xx_hal_tim.o
 .comment       0x0000007c       0x7d Drivers\STM32F0xx_HAL_Driver\Src\stm32f0xx_hal_tim_ex.o
 .comment       0x0000007c       0x7d Drivers\STM32F0xx_HAL_Driver\Src\stm32f0xx_hal_uart.o
 .comment       0x0000007c       0x7d Drivers\STM32F0xx_HAL_Driver\Src\stm32f0xx_hal_uart_ex.o
 .comment       0x0000007c       0x7d Middlewares\Third_Party\FreeRTOS\Source\CMSIS_RTOS\cmsis_os.o
 .comment       0x0000007c       0x7d Middlewares\Third_Party\FreeRTOS\Source\list.o
 .comment       0x0000007c       0x7d Middlewares\Third_Party\FreeRTOS\Source\portable\GCC\ARM_CM0\port.o
 .comment       0x0000007c       0x7d Middlewares\Third_Party\FreeRTOS\Source\portable\MemMang\heap_4.o
 .comment       0x0000007c       0x7d Middlewares\Third_Party\FreeRTOS\Source\queue.o
 .comment       0x0000007c       0x7d Middlewares\Third_Party\FreeRTOS\Source\tasks.o
 .comment       0x0000007c       0x7d Src\CircularBuffer\base\CircularBuffer.o
 .comment       0x0000007c       0x7d Src\HAL\GPIO\base\GPIO.o
 .comment       0x0000007c       0x7d Src\HAL\GPIO\custom\GPIO_map.o
 .comment       0x0000007c       0x7d Src\HAL\Uart\base\uart.o
 .comment       0x0000007c       0x7d Src\HAL\Uart\custom\uart_map.o
 .comment       0x0000007c       0x7d Src\HAL\interrupts\base\interrupts.o
 .comment       0x0000007c       0x7d Src\HAL\interrupts\custom\interrupts_map.o
 .comment       0x0000007c       0x7d Src\main.o
 .comment       0x0000007c       0x7d Src\stm32f0xx_hal_msp.o
 .comment       0x0000007c       0x7d Src\stm32f0xx_it.o
 .comment       0x0000007c       0x7d Src\system_stm32f0xx.o

.debug_frame    0x00000000     0x2bec
 .debug_frame   0x00000000      0x178 Drivers\STM32F0xx_HAL_Driver\Src\stm32f0xx_hal.o
 .debug_frame   0x00000178       0xe4 Drivers\STM32F0xx_HAL_Driver\Src\stm32f0xx_hal_cortex.o
 .debug_frame   0x0000025c      0x154 Drivers\STM32F0xx_HAL_Driver\Src\stm32f0xx_hal_dma.o
 .debug_frame   0x000003b0       0xc0 Drivers\STM32F0xx_HAL_Driver\Src\stm32f0xx_hal_gpio.o
 .debug_frame   0x00000470      0x130 Drivers\STM32F0xx_HAL_Driver\Src\stm32f0xx_hal_rcc.o
 .debug_frame   0x000005a0       0x58 Drivers\STM32F0xx_HAL_Driver\Src\stm32f0xx_hal_rcc_ex.o
 .debug_frame   0x000005f8      0x94c Drivers\STM32F0xx_HAL_Driver\Src\stm32f0xx_hal_tim.o
 .debug_frame   0x00000f44      0x3ac Drivers\STM32F0xx_HAL_Driver\Src\stm32f0xx_hal_tim_ex.o
 .debug_frame   0x000012f0      0x534 Drivers\STM32F0xx_HAL_Driver\Src\stm32f0xx_hal_uart.o
 .debug_frame   0x00001824       0xe4 Drivers\STM32F0xx_HAL_Driver\Src\stm32f0xx_hal_uart_ex.o
 .debug_frame   0x00001908      0x538 Middlewares\Third_Party\FreeRTOS\Source\CMSIS_RTOS\cmsis_os.o
 .debug_frame   0x00001e40       0x6c Middlewares\Third_Party\FreeRTOS\Source\list.o
 .debug_frame   0x00001eac      0x110 Middlewares\Third_Party\FreeRTOS\Source\portable\GCC\ARM_CM0\port.o
 .debug_frame   0x00001fbc       0x90 Middlewares\Third_Party\FreeRTOS\Source\portable\MemMang\heap_4.o
 .debug_frame   0x0000204c      0x238 Middlewares\Third_Party\FreeRTOS\Source\queue.o
 .debug_frame   0x00002284      0x438 Middlewares\Third_Party\FreeRTOS\Source\tasks.o
 .debug_frame   0x000026bc       0x84 Src\CircularBuffer\base\CircularBuffer.o
 .debug_frame   0x00002740       0x70 Src\HAL\GPIO\base\GPIO.o
 .debug_frame   0x000027b0      0x10c Src\HAL\Uart\base\uart.o
 .debug_frame   0x000028bc       0x58 Src\HAL\interrupts\base\interrupts.o
 .debug_frame   0x00002914       0x40 Src\HAL\interrupts\custom\interrupts_map.o
 .debug_frame   0x00002954       0x8c Src\main.o
 .debug_frame   0x000029e0       0xc4 Src\stm32f0xx_hal_msp.o
 .debug_frame   0x00002aa4       0x78 Src\stm32f0xx_it.o
 .debug_frame   0x00002b1c       0x3c Src\system_stm32f0xx.o
 .debug_frame   0x00002b58       0x2c c:/program files (x86)/atollic/truestudio for arm 8.0.0/armtools/bin/../lib/gcc/arm-atollic-eabi/6.3.1/../../../../arm-atollic-eabi/lib/armv6-m\libc_nano.a(lib_a-init.o)
 .debug_frame   0x00002b84       0x28 c:/program files (x86)/atollic/truestudio for arm 8.0.0/armtools/bin/../lib/gcc/arm-atollic-eabi/6.3.1/../../../../arm-atollic-eabi/lib/armv6-m\libc_nano.a(lib_a-memcpy-stub.o)
 .debug_frame   0x00002bac       0x20 c:/program files (x86)/atollic/truestudio for arm 8.0.0/armtools/bin/../lib/gcc/arm-atollic-eabi/6.3.1/../../../../arm-atollic-eabi/lib/armv6-m\libc_nano.a(lib_a-strcpy.o)
 .debug_frame   0x00002bcc       0x20 c:/program files (x86)/atollic/truestudio for arm 8.0.0/armtools/bin/../lib/gcc/arm-atollic-eabi/6.3.1/armv6-m\libgcc.a(_udivsi3.o)
