Archive member included because of file (symbol)

c:/program files (x86)/atollic/truestudio for arm 5.4.2/armtools/bin/../lib/gcc/arm-atollic-eabi/4.8.3/../../../../arm-atollic-eabi/lib/armv6-m\libc.a(lib_a-init.o)
                              startup\startup_stm32f051x8.o (__libc_init_array)
c:/program files (x86)/atollic/truestudio for arm 5.4.2/armtools/bin/../lib/gcc/arm-atollic-eabi/4.8.3/../../../../arm-atollic-eabi/lib/armv6-m\libc.a(lib_a-memcpy-stub.o)
                              Middlewares\Third_Party\FreeRTOS\Source\queue.o (memcpy)
c:/program files (x86)/atollic/truestudio for arm 5.4.2/armtools/bin/../lib/gcc/arm-atollic-eabi/4.8.3/../../../../arm-atollic-eabi/lib/armv6-m\libc.a(lib_a-memset.o)
                              Middlewares\Third_Party\FreeRTOS\Source\CMSIS_RTOS\cmsis_os.o (memset)
c:/program files (x86)/atollic/truestudio for arm 5.4.2/armtools/bin/../lib/gcc/arm-atollic-eabi/4.8.3/../../../../arm-atollic-eabi/lib/armv6-m\libc.a(lib_a-strcat.o)
                              Src\Middleware\BridgeMode.o (strcat)
c:/program files (x86)/atollic/truestudio for arm 5.4.2/armtools/bin/../lib/gcc/arm-atollic-eabi/4.8.3/../../../../arm-atollic-eabi/lib/armv6-m\libc.a(lib_a-strcmp.o)
                              Src\Middleware\BridgeMode.o (strcmp)
c:/program files (x86)/atollic/truestudio for arm 5.4.2/armtools/bin/../lib/gcc/arm-atollic-eabi/4.8.3/../../../../arm-atollic-eabi/lib/armv6-m\libc.a(lib_a-strcpy.o)
                              Src\Middleware\BridgeMode.o (strcpy)
c:/program files (x86)/atollic/truestudio for arm 5.4.2/armtools/bin/../lib/gcc/arm-atollic-eabi/4.8.3/../../../../arm-atollic-eabi/lib/armv6-m\libc.a(lib_a-strlen.o)
                              Src\Middleware\BridgeMode.o (strlen)
c:/program files (x86)/atollic/truestudio for arm 5.4.2/armtools/bin/../lib/gcc/arm-atollic-eabi/4.8.3/../../../../arm-atollic-eabi/lib/armv6-m\libc.a(lib_a-strncpy.o)
                              Src\Middleware\BridgeMode.o (strncpy)
c:/program files (x86)/atollic/truestudio for arm 5.4.2/armtools/bin/../lib/gcc/arm-atollic-eabi/4.8.3/armv6-m\libgcc.a(_thumb1_case_uqi.o)
                              Middlewares\Third_Party\FreeRTOS\Source\tasks.o (__gnu_thumb1_case_uqi)
c:/program files (x86)/atollic/truestudio for arm 5.4.2/armtools/bin/../lib/gcc/arm-atollic-eabi/4.8.3/armv6-m\libgcc.a(_udivsi3.o)
                              Src\system_stm32f0xx.o (__aeabi_uidiv)
c:/program files (x86)/atollic/truestudio for arm 5.4.2/armtools/bin/../lib/gcc/arm-atollic-eabi/4.8.3/armv6-m\libgcc.a(_dvmd_tls.o)
                              c:/program files (x86)/atollic/truestudio for arm 5.4.2/armtools/bin/../lib/gcc/arm-atollic-eabi/4.8.3/armv6-m\libgcc.a(_udivsi3.o) (__aeabi_idiv0)
c:/program files (x86)/atollic/truestudio for arm 5.4.2/armtools/bin/../lib/gcc/arm-atollic-eabi/4.8.3/armv6-m\libgcc.a(_lshrdi3.o)
                              Drivers\STM32F0xx_HAL_Driver\Src\stm32f0xx_hal_flash.o (__aeabi_llsr)

Allocating common symbols
Common symbol       size              file

irdaHandlers        0x3c              Src\HAL\IrDA\base\irda.o
SerialRXBuffer      0x32              Src\Application\Drone_App.o
uartCircularBuffers
                    0x18              Src\HAL\Uart\base\uart.o
irda1TxBuffer       0xa               Src\main.o
osSemaphore2        0x4               Src\Application\Drone_App.o
irdaCircularBuffers
                    0x14              Src\HAL\IrDA\base\irda.o
SerialTXBuffer      0x32              Src\Application\Drone_App.o
tag                 0xa               Src\Middleware\BridgeMode.o
uwTick              0x4               Drivers\STM32F0xx_HAL_Driver\Src\stm32f0xx_hal.o
xQueueRegistry      0x40              Middlewares\Third_Party\FreeRTOS\Source\queue.o
pFlash              0x20              Drivers\STM32F0xx_HAL_Driver\Src\stm32f0xx_hal_flash.o
uartHandlers        0x70              Src\HAL\Uart\base\uart.o
usart2RxBuffer      0x64              Src\HAL\Uart\custom\uart_map.o
RxByte              0xa               Src\HAL\IrDA\base\irda.o
osSemaphore1        0x4               Src\Application\Drone_App.o
usart2TxBuffer      0x404             Src\HAL\Uart\custom\uart_map.o
IrDARXBuffer        0xa               Src\Application\Drone_App.o
irda1RxBuffer       0xa               Src\main.o
IrDATXBuffer        0xa               Src\Application\Drone_App.o

Discarded input sections

 .text          0x00000000        0x0 c:/program files (x86)/atollic/truestudio for arm 5.4.2/armtools/bin/../lib/gcc/arm-atollic-eabi/4.8.3/armv6-m/crti.o
 .data          0x00000000        0x0 c:/program files (x86)/atollic/truestudio for arm 5.4.2/armtools/bin/../lib/gcc/arm-atollic-eabi/4.8.3/armv6-m/crti.o
 .bss           0x00000000        0x0 c:/program files (x86)/atollic/truestudio for arm 5.4.2/armtools/bin/../lib/gcc/arm-atollic-eabi/4.8.3/armv6-m/crti.o
[...]
Memory Configuration

Name             Origin             Length             Attributes
RAM              0x20000000         0x00002000         xrw
FLASH            0x08000000         0x00010000         xr
*default*        0x00000000         0xffffffff

Linker script and memory map

LOAD c:/program files (x86)/atollic/truestudio for arm 5.4.2/armtools/bin/../lib/gcc/arm-atollic-eabi/4.8.3/armv6-m/crti.o
LOAD c:/program files (x86)/atollic/truestudio for arm 5.4.2/armtools/bin/../lib/gcc/arm-atollic-eabi/4.8.3/armv6-m/crtbegin.o
LOAD startup\startup_stm32f051x8.o
LOAD Src\system_stm32f0xx.o
LOAD Src\stm32f0xx_it.o
LOAD Src\stm32f0xx_hal_msp.o
LOAD Src\main.o
LOAD Src\freertos.o
LOAD Src\Tools\Strings\Strings.o
LOAD Src\Tools\CircularBuffer\CircularBuffer.o
LOAD Src\Middleware\BridgeMode.o
LOAD Src\HAL\interrupts\custom\interrupts_map.o
LOAD Src\HAL\interrupts\base\interrupts.o
LOAD Src\HAL\Uart\custom\uart_map.o
LOAD Src\HAL\Uart\base\uart.o
LOAD Src\HAL\IrDA\custom\irda_map.o
LOAD Src\HAL\IrDA\base\irda.o
LOAD Src\HAL\GPIO\custom\GPIO_map.o
LOAD Src\HAL\GPIO\base\GPIO.o
LOAD Src\Application\Drone_App.o
LOAD Middlewares\Third_Party\FreeRTOS\Source\timers.o
LOAD Middlewares\Third_Party\FreeRTOS\Source\tasks.o
LOAD Middlewares\Third_Party\FreeRTOS\Source\queue.o
LOAD Middlewares\Third_Party\FreeRTOS\Source\portable\MemMang\heap_4.o
LOAD Middlewares\Third_Party\FreeRTOS\Source\portable\GCC\ARM_CM0\port.o
LOAD Middlewares\Third_Party\FreeRTOS\Source\list.o
LOAD Middlewares\Third_Party\FreeRTOS\Source\event_groups.o
LOAD Middlewares\Third_Party\FreeRTOS\Source\croutine.o
LOAD Middlewares\Third_Party\FreeRTOS\Source\CMSIS_RTOS\cmsis_os.o
LOAD Drivers\STM32F0xx_HAL_Driver\Src\stm32f0xx_hal_usart.o
LOAD Drivers\STM32F0xx_HAL_Driver\Src\stm32f0xx_hal_uart_ex.o
LOAD Drivers\STM32F0xx_HAL_Driver\Src\stm32f0xx_hal_uart.o
LOAD Drivers\STM32F0xx_HAL_Driver\Src\stm32f0xx_hal_tim_ex.o
LOAD Drivers\STM32F0xx_HAL_Driver\Src\stm32f0xx_hal_tim.o
LOAD Drivers\STM32F0xx_HAL_Driver\Src\stm32f0xx_hal_spi_ex.o
LOAD Drivers\STM32F0xx_HAL_Driver\Src\stm32f0xx_hal_spi.o
LOAD Drivers\STM32F0xx_HAL_Driver\Src\stm32f0xx_hal_rcc_ex.o
LOAD Drivers\STM32F0xx_HAL_Driver\Src\stm32f0xx_hal_rcc.o
LOAD Drivers\STM32F0xx_HAL_Driver\Src\stm32f0xx_hal_pwr_ex.o
LOAD Drivers\STM32F0xx_HAL_Driver\Src\stm32f0xx_hal_pwr.o
LOAD Drivers\STM32F0xx_HAL_Driver\Src\stm32f0xx_hal_irda.o
LOAD Drivers\STM32F0xx_HAL_Driver\Src\stm32f0xx_hal_i2c_ex.o
LOAD Drivers\STM32F0xx_HAL_Driver\Src\stm32f0xx_hal_i2c.o
LOAD Drivers\STM32F0xx_HAL_Driver\Src\stm32f0xx_hal_gpio.o
LOAD Drivers\STM32F0xx_HAL_Driver\Src\stm32f0xx_hal_flash_ex.o
LOAD Drivers\STM32F0xx_HAL_Driver\Src\stm32f0xx_hal_flash.o
LOAD Drivers\STM32F0xx_HAL_Driver\Src\stm32f0xx_hal_dma.o
LOAD Drivers\STM32F0xx_HAL_Driver\Src\stm32f0xx_hal_crc_ex.o
LOAD Drivers\STM32F0xx_HAL_Driver\Src\stm32f0xx_hal_crc.o
LOAD Drivers\STM32F0xx_HAL_Driver\Src\stm32f0xx_hal_cortex.o
LOAD Drivers\STM32F0xx_HAL_Driver\Src\stm32f0xx_hal_adc_ex.o
LOAD Drivers\STM32F0xx_HAL_Driver\Src\stm32f0xx_hal_adc.o
LOAD Drivers\STM32F0xx_HAL_Driver\Src\stm32f0xx_hal.o
START GROUP
LOAD c:/program files (x86)/atollic/truestudio for arm 5.4.2/armtools/bin/../lib/gcc/arm-atollic-eabi/4.8.3/../../../../arm-atollic-eabi/lib/armv6-m\libc.a
LOAD c:/program files (x86)/atollic/truestudio for arm 5.4.2/armtools/bin/../lib/gcc/arm-atollic-eabi/4.8.3/../../../../arm-atollic-eabi/lib/armv6-m\libm.a
END GROUP
                0x00001000                malloc_getpagesize_P = 0x1000
START GROUP
LOAD c:/program files (x86)/atollic/truestudio for arm 5.4.2/armtools/bin/../lib/gcc/arm-atollic-eabi/4.8.3/armv6-m\libgcc.a
LOAD c:/program files (x86)/atollic/truestudio for arm 5.4.2/armtools/bin/../lib/gcc/arm-atollic-eabi/4.8.3/../../../../arm-atollic-eabi/lib/armv6-m\libc.a
END GROUP
LOAD c:/program files (x86)/atollic/truestudio for arm 5.4.2/armtools/bin/../lib/gcc/arm-atollic-eabi/4.8.3/armv6-m/crtend.o
LOAD c:/program files (x86)/atollic/truestudio for arm 5.4.2/armtools/bin/../lib/gcc/arm-atollic-eabi/4.8.3/armv6-m/crtn.o
                0x20002000                _estack = 0x20002000
                0x00000200                _Min_Heap_Size = 0x200
                0x00000400                _Min_Stack_Size = 0x400

.isr_vector     0x08000000       0xc0
                0x08000000                . = ALIGN (0x4)
 *(.isr_vector)
 .isr_vector    0x08000000       0xc0 startup\startup_stm32f051x8.o
                0x08000000                g_pfnVectors
                0x080000c0                . = ALIGN (0x4)

.text           0x080000c0     0x3560
                0x080000c0                . = ALIGN (0x4)
 *(.text)
 .text          0x080000c0       0x48 c:/program files (x86)/atollic/truestudio for arm 5.4.2/armtools/bin/../lib/gcc/arm-atollic-eabi/4.8.3/armv6-m/crtbegin.o
 .text          0x08000108       0x14 c:/program files (x86)/atollic/truestudio for arm 5.4.2/armtools/bin/../lib/gcc/arm-atollic-eabi/4.8.3/../../../../arm-atollic-eabi/lib/armv6-m\libc.a(lib_a-strcmp.o)
                0x08000108                strcmp
 .text          0x0800011c       0x14 c:/program files (x86)/atollic/truestudio for arm 5.4.2/armtools/bin/../lib/gcc/arm-atollic-eabi/4.8.3/armv6-m\libgcc.a(_thumb1_case_uqi.o)
                0x0800011c                __gnu_thumb1_case_uqi
 .text          0x08000130       0x9c c:/program files (x86)/atollic/truestudio for arm 5.4.2/armtools/bin/../lib/gcc/arm-atollic-eabi/4.8.3/armv6-m\libgcc.a(_udivsi3.o)
                0x08000130                __aeabi_uidiv
                0x08000130                __udivsi3
                0x080001b8                __aeabi_uidivmod
 .text          0x080001cc        0x4 c:/program files (x86)/atollic/truestudio for arm 5.4.2/armtools/bin/../lib/gcc/arm-atollic-eabi/4.8.3/armv6-m\libgcc.a(_dvmd_tls.o)
                0x080001cc                __aeabi_idiv0
                0x080001cc                __aeabi_ldiv0
 *(.text*)
 .text.Reset_Handler
                0x080001d0       0x50 startup\startup_stm32f051x8.o
                0x080001d0                Reset_Handler
 .text.Default_Handler
                0x08000220        0x2 startup\startup_stm32f051x8.o
                0x08000220                TIM1_CC_IRQHandler
                0x08000220                TSC_IRQHandler
                0x08000220                ADC1_COMP_IRQHandler
                0x08000220                PVD_IRQHandler
                0x08000220                I2C1_IRQHandler
                0x08000220                RCC_CRS_IRQHandler
                0x08000220                SPI1_IRQHandler
                0x08000220                TIM6_DAC_IRQHandler
                0x08000220                EXTI2_3_IRQHandler
                0x08000220                I2C2_IRQHandler
                0x08000220                TIM17_IRQHandler
                0x08000220                CEC_CAN_IRQHandler
                0x08000220                RTC_IRQHandler
                0x08000220                TIM16_IRQHandler
                0x08000220                TIM3_IRQHandler
                0x08000220                EXTI4_15_IRQHandler
                0x08000220                DMA1_Channel1_IRQHandler
                0x08000220                Default_Handler
                0x08000220                TIM14_IRQHandler
                0x08000220                DMA1_Channel4_5_IRQHandler
                0x08000220                TIM15_IRQHandler
                0x08000220                SPI2_IRQHandler
                0x08000220                WWDG_IRQHandler
                0x08000220                TIM2_IRQHandler
                0x08000220                DMA1_Channel2_3_IRQHandler
                0x08000220                FLASH_IRQHandler
                0x08000220                TIM1_BRK_UP_TRG_COM_IRQHandler
 *fill*         0x08000222        0x2 
 .text.SystemInit
                0x08000224       0x60 Src\system_stm32f0xx.o
                0x08000224                SystemInit
 .text.NMI_Handler
                0x08000284        0x2 Src\stm32f0xx_it.o
                0x08000284                NMI_Handler
 .text.HardFault_Handler
                0x08000286        0x2 Src\stm32f0xx_it.o
                0x08000286                HardFault_Handler
 .text.SysTick_Handler
                0x08000288        0xc Src\stm32f0xx_it.o
                0x08000288                SysTick_Handler
 .text.USART1_IRQHandler
                0x08000294        0x8 Src\stm32f0xx_it.o
                0x08000294                USART1_IRQHandler
 .text.USART2_IRQHandler
                0x0800029c        0x8 Src\stm32f0xx_it.o
                0x0800029c                USART2_IRQHandler
 .text.HAL_MspInit
                0x080002a4       0x40 Src\stm32f0xx_hal_msp.o
                0x080002a4                HAL_MspInit
 .text.HAL_IRDA_MspInit
                0x080002e4       0x4c Src\stm32f0xx_hal_msp.o
                0x080002e4                HAL_IRDA_MspInit
 .text.HAL_UART_MspInit
                0x08000330       0x60 Src\stm32f0xx_hal_msp.o
                0x08000330                HAL_UART_MspInit
 .text.HAL_IRDA_MspDeInit
                0x08000390       0x30 Src\stm32f0xx_hal_msp.o
                0x08000390                HAL_IRDA_MspDeInit
 .text.HAL_UART_MspDeInit
                0x080003c0       0x2c Src\stm32f0xx_hal_msp.o
                0x080003c0                HAL_UART_MspDeInit
 .text.startup.main
                0x080003ec       0x10 Src\main.o
                0x080003ec                main
 .text.initString
                0x080003fc       0x14 Src\Tools\Strings\Strings.o
                0x080003fc                initString
 .text.searchChar
                0x08000410       0x1e Src\Tools\Strings\Strings.o
                0x08000410                searchChar
 .text.CreateFIFO
                0x0800042e        0xe Src\Tools\CircularBuffer\CircularBuffer.o
                0x0800042e                CreateFIFO
 .text.ResetFIFO
                0x0800043c        0xa Src\Tools\CircularBuffer\CircularBuffer.o
                0x0800043c                ResetFIFO
 .text.GetFIFOByte
                0x08000446       0x20 Src\Tools\CircularBuffer\CircularBuffer.o
                0x08000446                GetFIFOByte
 .text.AddFIFOByte
                0x08000466       0x20 Src\Tools\CircularBuffer\CircularBuffer.o
                0x08000466                AddFIFOByte
 .text.GetFIFOPendingBytes
                0x08000486        0x4 Src\Tools\CircularBuffer\CircularBuffer.o
                0x08000486                GetFIFOPendingBytes
 .text.GetFIFOFreeBytes
                0x0800048a        0xa Src\Tools\CircularBuffer\CircularBuffer.o
                0x0800048a                GetFIFOFreeBytes
 .text.initStructs
                0x08000494       0xa8 Src\Middleware\BridgeMode.o
                0x08000494                initStructs
 .text.enterBridgeMode
                0x0800053c      0x27c Src\Middleware\BridgeMode.o
                0x0800053c                enterBridgeMode
 .text.HAL_UART1_IRQ
                0x080007b8        0xa Src\HAL\interrupts\custom\interrupts_map.o
                0x080007b8                HAL_UART1_IRQ
 .text.HAL_UART2_IRQ
                0x080007c2        0xa Src\HAL\interrupts\custom\interrupts_map.o
                0x080007c2                HAL_UART2_IRQ
 .text.EXTI0_1_IRQHandler
                0x080007cc        0x2 Src\HAL\interrupts\custom\interrupts_map.o
                0x080007cc                EXTI0_1_IRQHandler
 *fill*         0x080007ce        0x2 
 .text.interruptsInit
                0x080007d0       0x24 Src\HAL\interrupts\base\interrupts.o
                0x080007d0                interruptsInit
 .text.interruptsStart
                0x080007f4       0x28 Src\HAL\interrupts\base\interrupts.o
                0x080007f4                interruptsStart
 .text.uartInterruptHandler
                0x0800081c       0x1c Src\HAL\Uart\base\uart.o
                0x0800081c                uartInterruptHandler
 .text.uartInit
                0x08000838       0x6c Src\HAL\Uart\base\uart.o
                0x08000838                uartInit
 .text.uartStart
                0x080008a4       0x34 Src\HAL\Uart\base\uart.o
                0x080008a4                uartStart
 .text.uartRead
                0x080008d8       0x60 Src\HAL\Uart\base\uart.o
                0x080008d8                uartRead
 .text.uartWrite
                0x08000938       0x3c Src\HAL\Uart\base\uart.o
                0x08000938                uartWrite
 .text.HAL_UART_RxCpltCallback
                0x08000974       0x60 Src\HAL\Uart\base\uart.o
                0x08000974                HAL_UART_RxCpltCallback
 .text.irdaInterruptHandler
                0x080009d4       0x1c Src\HAL\IrDA\base\irda.o
                0x080009d4                irdaInterruptHandler
 .text.irdaInit
                0x080009f0       0x50 Src\HAL\IrDA\base\irda.o
                0x080009f0                irdaInit
 .text.irdaStart
                0x08000a40       0x34 Src\HAL\IrDA\base\irda.o
                0x08000a40                irdaStart
 .text.irdaRead
                0x08000a74       0x40 Src\HAL\IrDA\base\irda.o
                0x08000a74                irdaRead
 .text.irdaWrite
                0x08000ab4       0x24 Src\HAL\IrDA\base\irda.o
                0x08000ab4                irdaWrite
 .text.HAL_IRDA_RxCpltCallback
                0x08000ad8       0x10 Src\HAL\IrDA\base\irda.o
                0x08000ad8                HAL_IRDA_RxCpltCallback
 .text.HAL_IRDA_TxCpltCallback
                0x08000ae8        0x2 Src\HAL\IrDA\base\irda.o
                0x08000ae8                HAL_IRDA_TxCpltCallback
 *fill*         0x08000aea        0x2 
 .text.InitGPIOClock
                0x08000aec       0xb0 Src\HAL\GPIO\base\GPIO.o
                0x08000aec                InitGPIOClock
 .text.GPIOWrite
                0x08000b9c       0x28 Src\HAL\GPIO\base\GPIO.o
                0x08000b9c                GPIOWrite
 .text.GPIOInit
                0x08000bc4       0x48 Src\HAL\GPIO\base\GPIO.o
                0x08000bc4                GPIOInit
 .text.sendDataUART
                0x08000c0c       0x2c Src\Application\Drone_App.o
                0x08000c0c                sendDataUART
 .text.receiveDataUART
                0x08000c38       0x44 Src\Application\Drone_App.o
                0x08000c38                receiveDataUART
 .text.sendIRData
                0x08000c7c       0x1c Src\Application\Drone_App.o
                0x08000c7c                sendIRData
 .text.receiveIRData
                0x08000c98       0x44 Src\Application\Drone_App.o
                0x08000c98                receiveIRData
 .text.taskCreation
                0x08000cdc       0x90 Src\Application\Drone_App.o
                0x08000cdc                taskCreation
 .text.SystemClock_Config
                0x08000d6c       0x6c Src\Application\Drone_App.o
                0x08000d6c                SystemClock_Config
 .text.systemInit
                0x08000dd8       0x28 Src\Application\Drone_App.o
                0x08000dd8                systemInit
 .text.prvResetNextTaskUnblockTime
                0x08000e00       0x28 Middlewares\Third_Party\FreeRTOS\Source\tasks.o
 .text.prvAddCurrentTaskToDelayedList
                0x08000e28       0x74 Middlewares\Third_Party\FreeRTOS\Source\tasks.o
 .text.xTaskCreate
                0x08000e9c      0x188 Middlewares\Third_Party\FreeRTOS\Source\tasks.o
                0x08000e9c                xTaskCreate
 .text.vTaskStartScheduler
                0x08001024       0x58 Middlewares\Third_Party\FreeRTOS\Source\tasks.o
                0x08001024                vTaskStartScheduler
 .text.vTaskSuspendAll
                0x0800107c       0x10 Middlewares\Third_Party\FreeRTOS\Source\tasks.o
                0x0800107c                vTaskSuspendAll
 .text.xTaskIncrementTick
                0x0800108c      0x100 Middlewares\Third_Party\FreeRTOS\Source\tasks.o
                0x0800108c                xTaskIncrementTick
 .text.xTaskResumeAll
                0x0800118c       0xd4 Middlewares\Third_Party\FreeRTOS\Source\tasks.o
                0x0800118c                xTaskResumeAll
 .text.prvIdleTask
                0x08001260       0x68 Middlewares\Third_Party\FreeRTOS\Source\tasks.o
 .text.vTaskSwitchContext
                0x080012c8       0x68 Middlewares\Third_Party\FreeRTOS\Source\tasks.o
                0x080012c8                vTaskSwitchContext
 .text.vTaskPlaceOnEventList
                0x08001330       0x24 Middlewares\Third_Party\FreeRTOS\Source\tasks.o
                0x08001330                vTaskPlaceOnEventList
 .text.xTaskRemoveFromEventList
                0x08001354       0x74 Middlewares\Third_Party\FreeRTOS\Source\tasks.o
                0x08001354                xTaskRemoveFromEventList
 .text.vTaskSetTimeOutState
                0x080013c8       0x20 Middlewares\Third_Party\FreeRTOS\Source\tasks.o
                0x080013c8                vTaskSetTimeOutState
 .text.xTaskCheckForTimeOut
                0x080013e8       0x5c Middlewares\Third_Party\FreeRTOS\Source\tasks.o
                0x080013e8                xTaskCheckForTimeOut
 .text.vTaskMissedYield
                0x08001444        0xc Middlewares\Third_Party\FreeRTOS\Source\tasks.o
                0x08001444                vTaskMissedYield
 .text.xTaskGetSchedulerState
                0x08001450       0x20 Middlewares\Third_Party\FreeRTOS\Source\tasks.o
                0x08001450                xTaskGetSchedulerState
 .text.vTaskPriorityInherit
                0x08001470       0x6c Middlewares\Third_Party\FreeRTOS\Source\tasks.o
                0x08001470                vTaskPriorityInherit
 .text.xTaskPriorityDisinherit
                0x080014dc       0x6c Middlewares\Third_Party\FreeRTOS\Source\tasks.o
                0x080014dc                xTaskPriorityDisinherit
 .text.pvTaskIncrementMutexHeldCount
                0x08001548       0x18 Middlewares\Third_Party\FreeRTOS\Source\tasks.o
                0x08001548                pvTaskIncrementMutexHeldCount
 .text.unlikely.prvCopyDataToQueue
                0x08001560       0x70 Middlewares\Third_Party\FreeRTOS\Source\queue.o
 .text.unlikely.prvCopyDataFromQueue
                0x080015d0       0x24 Middlewares\Third_Party\FreeRTOS\Source\queue.o
 .text.prvUnlockQueue
                0x080015f4       0x6e Middlewares\Third_Party\FreeRTOS\Source\queue.o
 .text.xQueueGenericReset
                0x08001662       0x68 Middlewares\Third_Party\FreeRTOS\Source\queue.o
                0x08001662                xQueueGenericReset
 .text.xQueueGenericCreate
                0x080016ca       0x40 Middlewares\Third_Party\FreeRTOS\Source\queue.o
                0x080016ca                xQueueGenericCreate
 .text.xQueueGenericSend
                0x0800170a      0x11e Middlewares\Third_Party\FreeRTOS\Source\queue.o
                0x0800170a                xQueueGenericSend
 .text.xQueueGiveFromISR
                0x08001828       0x7c Middlewares\Third_Party\FreeRTOS\Source\queue.o
                0x08001828                xQueueGiveFromISR
 .text.xQueueGenericReceive
                0x080018a4      0x152 Middlewares\Third_Party\FreeRTOS\Source\queue.o
                0x080018a4                xQueueGenericReceive
 .text.xQueueReceiveFromISR
                0x080019f6       0x80 Middlewares\Third_Party\FreeRTOS\Source\queue.o
                0x080019f6                xQueueReceiveFromISR
 *fill*         0x08001a76        0x2 
 .text.unlikely.prvInsertBlockIntoFreeList
                0x08001a78       0x48 Middlewares\Third_Party\FreeRTOS\Source\portable\MemMang\heap_4.o
 .text.pvPortMalloc
                0x08001ac0      0x108 Middlewares\Third_Party\FreeRTOS\Source\portable\MemMang\heap_4.o
                0x08001ac0                pvPortMalloc
 .text.vPortFree
                0x08001bc8       0x48 Middlewares\Third_Party\FreeRTOS\Source\portable\MemMang\heap_4.o
                0x08001bc8                vPortFree
 .text.prvTaskExitError
                0x08001c10       0x14 Middlewares\Third_Party\FreeRTOS\Source\portable\GCC\ARM_CM0\port.o
 *fill*         0x08001c24        0xc 
 .text.vPortStartFirstTask
                0x08001c30       0x40 Middlewares\Third_Party\FreeRTOS\Source\portable\GCC\ARM_CM0\port.o
 .text.pxPortInitialiseStack
                0x08001c70       0x20 Middlewares\Third_Party\FreeRTOS\Source\portable\GCC\ARM_CM0\port.o
                0x08001c70                pxPortInitialiseStack
 .text.SVC_Handler
                0x08001c90        0x2 Middlewares\Third_Party\FreeRTOS\Source\portable\GCC\ARM_CM0\port.o
                0x08001c90                SVC_Handler
 *fill*         0x08001c92        0x2 
 .text.vPortYield
                0x08001c94       0x18 Middlewares\Third_Party\FreeRTOS\Source\portable\GCC\ARM_CM0\port.o
                0x08001c94                vPortYield
 .text.vPortEnterCritical
                0x08001cac       0x18 Middlewares\Third_Party\FreeRTOS\Source\portable\GCC\ARM_CM0\port.o
                0x08001cac                vPortEnterCritical
 .text.vPortExitCritical
                0x08001cc4       0x1c Middlewares\Third_Party\FreeRTOS\Source\portable\GCC\ARM_CM0\port.o
                0x08001cc4                vPortExitCritical
 .text.ulSetInterruptMaskFromISR
                0x08001ce0        0xa Middlewares\Third_Party\FreeRTOS\Source\portable\GCC\ARM_CM0\port.o
                0x08001ce0                ulSetInterruptMaskFromISR
 .text.vClearInterruptMaskFromISR
                0x08001cea        0x6 Middlewares\Third_Party\FreeRTOS\Source\portable\GCC\ARM_CM0\port.o
                0x08001cea                vClearInterruptMaskFromISR
 .text.PendSV_Handler
                0x08001cf0       0x50 Middlewares\Third_Party\FreeRTOS\Source\portable\GCC\ARM_CM0\port.o
                0x08001cf0                PendSV_Handler
 .text.xPortSysTickHandler
                0x08001d40       0x24 Middlewares\Third_Party\FreeRTOS\Source\portable\GCC\ARM_CM0\port.o
                0x08001d40                xPortSysTickHandler
 .text.vPortSetupTimerInterrupt
                0x08001d64       0x28 Middlewares\Third_Party\FreeRTOS\Source\portable\GCC\ARM_CM0\port.o
                0x08001d64                vPortSetupTimerInterrupt
 .text.xPortStartScheduler
                0x08001d8c       0x34 Middlewares\Third_Party\FreeRTOS\Source\portable\GCC\ARM_CM0\port.o
                0x08001d8c                xPortStartScheduler
 .text.vListInitialise
                0x08001dc0       0x16 Middlewares\Third_Party\FreeRTOS\Source\list.o
                0x08001dc0                vListInitialise
 .text.vListInitialiseItem
                0x08001dd6        0x6 Middlewares\Third_Party\FreeRTOS\Source\list.o
                0x08001dd6                vListInitialiseItem
 .text.vListInsertEnd
                0x08001ddc       0x18 Middlewares\Third_Party\FreeRTOS\Source\list.o
                0x08001ddc                vListInsertEnd
 .text.vListInsert
                0x08001df4       0x30 Middlewares\Third_Party\FreeRTOS\Source\list.o
                0x08001df4                vListInsert
 .text.uxListRemove
                0x08001e24       0x20 Middlewares\Third_Party\FreeRTOS\Source\list.o
                0x08001e24                uxListRemove
 .text.osSemaphoreCreate
                0x08001e44       0x28 Middlewares\Third_Party\FreeRTOS\Source\CMSIS_RTOS\cmsis_os.o
                0x08001e44                osSemaphoreCreate
 .text.osSemaphoreWait
                0x08001e6c       0x50 Middlewares\Third_Party\FreeRTOS\Source\CMSIS_RTOS\cmsis_os.o
                0x08001e6c                osSemaphoreWait
 .text.osSemaphoreRelease
                0x08001ebc       0x44 Middlewares\Third_Party\FreeRTOS\Source\CMSIS_RTOS\cmsis_os.o
                0x08001ebc                osSemaphoreRelease
 .text.osSystickHandler
                0x08001f00       0x10 Middlewares\Third_Party\FreeRTOS\Source\CMSIS_RTOS\cmsis_os.o
                0x08001f00                osSystickHandler
 .text.HAL_UARTEx_WakeupCallback
                0x08001f10        0x2 Drivers\STM32F0xx_HAL_Driver\Src\stm32f0xx_hal_uart_ex.o
                0x08001f10                HAL_UARTEx_WakeupCallback
 *fill*         0x08001f12        0x2 
 .text.UART_EndRxTransfer
                0x08001f14       0x20 Drivers\STM32F0xx_HAL_Driver\Src\stm32f0xx_hal_uart.o
 .text.HAL_UART_DeInit
                0x08001f34       0x3a Drivers\STM32F0xx_HAL_Driver\Src\stm32f0xx_hal_uart.o
                0x08001f34                HAL_UART_DeInit
 .text.HAL_UART_Transmit_IT
                0x08001f6e       0x5a Drivers\STM32F0xx_HAL_Driver\Src\stm32f0xx_hal_uart.o
                0x08001f6e                HAL_UART_Transmit_IT
 .text.HAL_UART_Receive_IT
                0x08001fc8       0x94 Drivers\STM32F0xx_HAL_Driver\Src\stm32f0xx_hal_uart.o
                0x08001fc8                HAL_UART_Receive_IT
 .text.HAL_UART_TxCpltCallback
                0x0800205c        0x2 Drivers\STM32F0xx_HAL_Driver\Src\stm32f0xx_hal_uart.o
                0x0800205c                HAL_UART_TxCpltCallback
 .text.HAL_UART_ErrorCallback
                0x0800205e        0x2 Drivers\STM32F0xx_HAL_Driver\Src\stm32f0xx_hal_uart.o
                0x0800205e                HAL_UART_ErrorCallback
 .text.UART_DMAAbortOnError
                0x08002060       0x16 Drivers\STM32F0xx_HAL_Driver\Src\stm32f0xx_hal_uart.o
 .text.HAL_UART_GetState
                0x08002076        0xe Drivers\STM32F0xx_HAL_Driver\Src\stm32f0xx_hal_uart.o
                0x08002076                HAL_UART_GetState
 .text.UART_SetConfig
                0x08002084      0x138 Drivers\STM32F0xx_HAL_Driver\Src\stm32f0xx_hal_uart.o
                0x08002084                UART_SetConfig
 .text.UART_AdvFeatureConfig
                0x080021bc       0xd0 Drivers\STM32F0xx_HAL_Driver\Src\stm32f0xx_hal_uart.o
                0x080021bc                UART_AdvFeatureConfig
 .text.UART_WaitOnFlagUntilTimeout
                0x0800228c       0x64 Drivers\STM32F0xx_HAL_Driver\Src\stm32f0xx_hal_uart.o
                0x0800228c                UART_WaitOnFlagUntilTimeout
 .text.UART_CheckIdleState
                0x080022f0       0x74 Drivers\STM32F0xx_HAL_Driver\Src\stm32f0xx_hal_uart.o
                0x080022f0                UART_CheckIdleState
 .text.HAL_UART_Init
                0x08002364       0x6c Drivers\STM32F0xx_HAL_Driver\Src\stm32f0xx_hal_uart.o
                0x08002364                HAL_UART_Init
 .text.UART_Transmit_IT
                0x080023d0       0x64 Drivers\STM32F0xx_HAL_Driver\Src\stm32f0xx_hal_uart.o
                0x080023d0                UART_Transmit_IT
 .text.UART_EndTransmit_IT
                0x08002434       0x1c Drivers\STM32F0xx_HAL_Driver\Src\stm32f0xx_hal_uart.o
                0x08002434                UART_EndTransmit_IT
 .text.UART_Receive_IT
                0x08002450       0x78 Drivers\STM32F0xx_HAL_Driver\Src\stm32f0xx_hal_uart.o
                0x08002450                UART_Receive_IT
 .text.HAL_UART_IRQHandler
                0x080024c8      0x138 Drivers\STM32F0xx_HAL_Driver\Src\stm32f0xx_hal_uart.o
                0x080024c8                HAL_UART_IRQHandler
 .text.HAL_RCCEx_PeriphCLKConfig
                0x08002600      0x11c Drivers\STM32F0xx_HAL_Driver\Src\stm32f0xx_hal_rcc_ex.o
                0x08002600                HAL_RCCEx_PeriphCLKConfig
 .text.HAL_RCC_OscConfig
                0x0800271c      0x3a0 Drivers\STM32F0xx_HAL_Driver\Src\stm32f0xx_hal_rcc.o
                0x0800271c                HAL_RCC_OscConfig
 .text.HAL_RCC_GetSysClockFreq
                0x08002abc       0x64 Drivers\STM32F0xx_HAL_Driver\Src\stm32f0xx_hal_rcc.o
                0x08002abc                HAL_RCC_GetSysClockFreq
 .text.HAL_RCC_ClockConfig
                0x08002b20      0x12c Drivers\STM32F0xx_HAL_Driver\Src\stm32f0xx_hal_rcc.o
                0x08002b20                HAL_RCC_ClockConfig
 .text.HAL_RCC_GetHCLKFreq
                0x08002c4c        0xc Drivers\STM32F0xx_HAL_Driver\Src\stm32f0xx_hal_rcc.o
                0x08002c4c                HAL_RCC_GetHCLKFreq
 .text.HAL_RCC_GetPCLK1Freq
                0x08002c58       0x20 Drivers\STM32F0xx_HAL_Driver\Src\stm32f0xx_hal_rcc.o
                0x08002c58                HAL_RCC_GetPCLK1Freq
 .text.IRDA_EndRxTransfer
                0x08002c78       0x20 Drivers\STM32F0xx_HAL_Driver\Src\stm32f0xx_hal_irda.o
 .text.IRDA_WaitOnFlagUntilTimeout.constprop.2
                0x08002c98       0x58 Drivers\STM32F0xx_HAL_Driver\Src\stm32f0xx_hal_irda.o
 .text.HAL_IRDA_Init
                0x08002cf0      0x15c Drivers\STM32F0xx_HAL_Driver\Src\stm32f0xx_hal_irda.o
                0x08002cf0                HAL_IRDA_Init
 .text.HAL_IRDA_DeInit
                0x08002e4c       0x32 Drivers\STM32F0xx_HAL_Driver\Src\stm32f0xx_hal_irda.o
                0x08002e4c                HAL_IRDA_DeInit
 .text.HAL_IRDA_Transmit_IT
                0x08002e7e       0x56 Drivers\STM32F0xx_HAL_Driver\Src\stm32f0xx_hal_irda.o
                0x08002e7e                HAL_IRDA_Transmit_IT
 .text.HAL_IRDA_Receive_IT
                0x08002ed4       0x8c Drivers\STM32F0xx_HAL_Driver\Src\stm32f0xx_hal_irda.o
                0x08002ed4                HAL_IRDA_Receive_IT
 .text.IRDA_Receive_IT
                0x08002f60       0x70 Drivers\STM32F0xx_HAL_Driver\Src\stm32f0xx_hal_irda.o
 .text.HAL_IRDA_ErrorCallback
                0x08002fd0        0x2 Drivers\STM32F0xx_HAL_Driver\Src\stm32f0xx_hal_irda.o
                0x08002fd0                HAL_IRDA_ErrorCallback
 *fill*         0x08002fd2        0x2 
 .text.HAL_IRDA_IRQHandler
                0x08002fd4      0x174 Drivers\STM32F0xx_HAL_Driver\Src\stm32f0xx_hal_irda.o
                0x08002fd4                HAL_IRDA_IRQHandler
 .text.IRDA_DMAAbortOnError
                0x08003148       0x10 Drivers\STM32F0xx_HAL_Driver\Src\stm32f0xx_hal_irda.o
 .text.HAL_GPIO_Init
                0x08003158      0x164 Drivers\STM32F0xx_HAL_Driver\Src\stm32f0xx_hal_gpio.o
                0x08003158                HAL_GPIO_Init
 .text.HAL_GPIO_DeInit
                0x080032bc       0xe8 Drivers\STM32F0xx_HAL_Driver\Src\stm32f0xx_hal_gpio.o
                0x080032bc                HAL_GPIO_DeInit
 .text.HAL_GPIO_WritePin
                0x080033a4        0xc Drivers\STM32F0xx_HAL_Driver\Src\stm32f0xx_hal_gpio.o
                0x080033a4                HAL_GPIO_WritePin
 .text.HAL_GPIO_TogglePin
                0x080033b0        0x8 Drivers\STM32F0xx_HAL_Driver\Src\stm32f0xx_hal_gpio.o
                0x080033b0                HAL_GPIO_TogglePin
 .text.HAL_DMA_Abort_IT
                0x080033b8       0x46 Drivers\STM32F0xx_HAL_Driver\Src\stm32f0xx_hal_dma.o
                0x080033b8                HAL_DMA_Abort_IT
 *fill*         0x080033fe        0x2 
 .text.HAL_NVIC_SetPriority
                0x08003400       0x64 Drivers\STM32F0xx_HAL_Driver\Src\stm32f0xx_hal_cortex.o
                0x08003400                HAL_NVIC_SetPriority
 .text.HAL_NVIC_EnableIRQ
                0x08003464       0x14 Drivers\STM32F0xx_HAL_Driver\Src\stm32f0xx_hal_cortex.o
                0x08003464                HAL_NVIC_EnableIRQ
 .text.HAL_SYSTICK_Config
                0x08003478       0x34 Drivers\STM32F0xx_HAL_Driver\Src\stm32f0xx_hal_cortex.o
                0x08003478                HAL_SYSTICK_Config
 .text.HAL_SYSTICK_CLKSourceConfig
                0x080034ac       0x1c Drivers\STM32F0xx_HAL_Driver\Src\stm32f0xx_hal_cortex.o
                0x080034ac                HAL_SYSTICK_CLKSourceConfig
 .text.HAL_InitTick
                0x080034c8       0x24 Drivers\STM32F0xx_HAL_Driver\Src\stm32f0xx_hal.o
                0x080034c8                HAL_InitTick
 .text.HAL_Init
                0x080034ec       0x20 Drivers\STM32F0xx_HAL_Driver\Src\stm32f0xx_hal.o
                0x080034ec                HAL_Init
 .text.HAL_IncTick
                0x0800350c       0x10 Drivers\STM32F0xx_HAL_Driver\Src\stm32f0xx_hal.o
                0x0800350c                HAL_IncTick
 .text.HAL_GetTick
                0x0800351c        0xc Drivers\STM32F0xx_HAL_Driver\Src\stm32f0xx_hal.o
                0x0800351c                HAL_GetTick
 .text.HAL_Delay
                0x08003528       0x20 Drivers\STM32F0xx_HAL_Driver\Src\stm32f0xx_hal.o
                0x08003528                HAL_Delay
 .text.__libc_init_array
                0x08003548       0x4c c:/program files (x86)/atollic/truestudio for arm 5.4.2/armtools/bin/../lib/gcc/arm-atollic-eabi/4.8.3/../../../../arm-atollic-eabi/lib/armv6-m\libc.a(lib_a-init.o)
                0x08003548                __libc_init_array
 .text.memcpy   0x08003594       0x12 c:/program files (x86)/atollic/truestudio for arm 5.4.2/armtools/bin/../lib/gcc/arm-atollic-eabi/4.8.3/../../../../arm-atollic-eabi/lib/armv6-m\libc.a(lib_a-memcpy-stub.o)
                0x08003594                memcpy
 .text.strcat   0x080035a6       0x1a c:/program files (x86)/atollic/truestudio for arm 5.4.2/armtools/bin/../lib/gcc/arm-atollic-eabi/4.8.3/../../../../arm-atollic-eabi/lib/armv6-m\libc.a(lib_a-strcat.o)
                0x080035a6                strcat
 .text.strcpy   0x080035c0       0x10 c:/program files (x86)/atollic/truestudio for arm 5.4.2/armtools/bin/../lib/gcc/arm-atollic-eabi/4.8.3/../../../../arm-atollic-eabi/lib/armv6-m\libc.a(lib_a-strcpy.o)
                0x080035c0                strcpy
 .text.strlen   0x080035d0        0xe c:/program files (x86)/atollic/truestudio for arm 5.4.2/armtools/bin/../lib/gcc/arm-atollic-eabi/4.8.3/../../../../arm-atollic-eabi/lib/armv6-m\libc.a(lib_a-strlen.o)
                0x080035d0                strlen
 .text.strncpy  0x080035de       0x28 c:/program files (x86)/atollic/truestudio for arm 5.4.2/armtools/bin/../lib/gcc/arm-atollic-eabi/4.8.3/../../../../arm-atollic-eabi/lib/armv6-m\libc.a(lib_a-strncpy.o)
                0x080035de                strncpy
 *(.glue_7)
 .glue_7        0x00000000        0x0 linker stubs
 *(.glue_7t)
 .glue_7t       0x00000000        0x0 linker stubs
 *(.eh_frame)
 *fill*         0x08003606        0x2 
 .eh_frame      0x08003608        0x0 c:/program files (x86)/atollic/truestudio for arm 5.4.2/armtools/bin/../lib/gcc/arm-atollic-eabi/4.8.3/armv6-m/crtbegin.o
 *(.init)
 .init          0x08003608        0x4 c:/program files (x86)/atollic/truestudio for arm 5.4.2/armtools/bin/../lib/gcc/arm-atollic-eabi/4.8.3/armv6-m/crti.o
                0x08003608                _init
 .init          0x0800360c        0x8 c:/program files (x86)/atollic/truestudio for arm 5.4.2/armtools/bin/../lib/gcc/arm-atollic-eabi/4.8.3/armv6-m/crtn.o
 *(.fini)
 .fini          0x08003614        0x4 c:/program files (x86)/atollic/truestudio for arm 5.4.2/armtools/bin/../lib/gcc/arm-atollic-eabi/4.8.3/armv6-m/crti.o
                0x08003614                _fini
 .fini          0x08003618        0x8 c:/program files (x86)/atollic/truestudio for arm 5.4.2/armtools/bin/../lib/gcc/arm-atollic-eabi/4.8.3/armv6-m/crtn.o
                0x08003620                . = ALIGN (0x4)
                0x08003620                _etext = .

.vfp11_veneer   0x08003620        0x0
 .vfp11_veneer  0x00000000        0x0 linker stubs

.v4_bx          0x08003620        0x0
 .v4_bx         0x00000000        0x0 linker stubs

.iplt           0x08003620        0x0
 .iplt          0x00000000        0x0 c:/program files (x86)/atollic/truestudio for arm 5.4.2/armtools/bin/../lib/gcc/arm-atollic-eabi/4.8.3/armv6-m/crtbegin.o

.rodata         0x08003620      0x17c
                0x08003620                . = ALIGN (0x4)
 *(.rodata)
 .rodata        0x08003620       0x20 Drivers\STM32F0xx_HAL_Driver\Src\stm32f0xx_hal_rcc.o
 *(.rodata*)
 .rodata.AHBPrescTable
                0x08003640       0x10 Src\system_stm32f0xx.o
                0x08003640                AHBPrescTable
 .rodata.APBPrescTable
                0x08003650        0x8 Src\system_stm32f0xx.o
                0x08003650                APBPrescTable
 .rodata.str1.1
                0x08003658       0x1e Src\Middleware\BridgeMode.o
                                 0x23 (size before relaxing)
 *fill*         0x08003676        0x2 
 .rodata.UARTInstanceMap
                0x08003678       0x2c Src\HAL\Uart\custom\uart_map.o
                0x08003678                UARTInstanceMap
 .rodata.IRDAInstanceMap
                0x080036a4       0x24 Src\HAL\IrDA\custom\irda_map.o
                0x080036a4                IRDAInstanceMap
 .rodata.GPIOInstanceMap
                0x080036c8       0x80 Src\HAL\GPIO\custom\GPIO_map.o
                0x080036c8                GPIOInstanceMap
 .rodata.str1.1
                0x08003748       0x45 Src\Application\Drone_App.o
 .rodata.str1.1
                0x0800378d        0x5 Middlewares\Third_Party\FreeRTOS\Source\tasks.o
 .rodata.CSWTCH.50
                0x08003792        0x4 Drivers\STM32F0xx_HAL_Driver\Src\stm32f0xx_hal_uart.o
 .rodata.CSWTCH.12
                0x08003796        0x4 Drivers\STM32F0xx_HAL_Driver\Src\stm32f0xx_hal_irda.o
                0x0800379c                . = ALIGN (0x4)
 *fill*         0x0800379a        0x2 

.rel.dyn        0x0800379c        0x0
 .rel.iplt      0x00000000        0x0 c:/program files (x86)/atollic/truestudio for arm 5.4.2/armtools/bin/../lib/gcc/arm-atollic-eabi/4.8.3/armv6-m/crtbegin.o

.ARM.extab
 *(.ARM.extab* .gnu.linkonce.armextab.*)

.ARM            0x0800379c        0x0
                0x0800379c                __exidx_start = .
 *(.ARM.exidx*)
                0x0800379c                __exidx_end = .

.preinit_array  0x0800379c        0x0
                0x0800379c                PROVIDE (__preinit_array_start, .)
 *(.preinit_array*)
                0x0800379c                PROVIDE (__preinit_array_end, .)

.init_array     0x0800379c        0x4
                0x0800379c                PROVIDE (__init_array_start, .)
 *(SORT(.init_array.*))
 *(.init_array*)
 .init_array    0x0800379c        0x4 c:/program files (x86)/atollic/truestudio for arm 5.4.2/armtools/bin/../lib/gcc/arm-atollic-eabi/4.8.3/armv6-m/crtbegin.o
                0x080037a0                PROVIDE (__init_array_end, .)

.fini_array     0x080037a0        0x4
                0x080037a0                PROVIDE (__fini_array_start, .)
 *(SORT(.fini_array.*))
 *(.fini_array*)
 .fini_array    0x080037a0        0x4 c:/program files (x86)/atollic/truestudio for arm 5.4.2/armtools/bin/../lib/gcc/arm-atollic-eabi/4.8.3/armv6-m/crtbegin.o
                0x080037a4                PROVIDE (__fini_array_end, .)
                0x080037a4                _sidata = LOADADDR (.data)

.data           0x20000000       0x14 load address 0x080037a4
                0x20000000                . = ALIGN (0x4)
                0x20000000                _sdata = .
 *(.data)
 *(.data*)
 .data.SystemCoreClock
                0x20000000        0x4 Src\system_stm32f0xx.o
                0x20000000                SystemCoreClock
 .data.interruptsInstanceMap
                0x20000004        0xc Src\HAL\interrupts\custom\interrupts_map.o
                0x20000004                interruptsInstanceMap
 .data.uxCriticalNesting
                0x20000010        0x4 Middlewares\Third_Party\FreeRTOS\Source\portable\GCC\ARM_CM0\port.o
                0x20000014                . = ALIGN (0x4)
                0x20000014                _edata = .

.igot.plt       0x20000014        0x0 load address 0x080037b8
 .igot.plt      0x00000000        0x0 c:/program files (x86)/atollic/truestudio for arm 5.4.2/armtools/bin/../lib/gcc/arm-atollic-eabi/4.8.3/armv6-m/crtbegin.o
                0x20000014                . = ALIGN (0x4)

.bss            0x20000014     0x1384 load address 0x080037b8
                0x20000014                _sbss = .
                0x20000014                __bss_start__ = _sbss
 *(.bss)
 .bss           0x20000014       0x1c c:/program files (x86)/atollic/truestudio for arm 5.4.2/armtools/bin/../lib/gcc/arm-atollic-eabi/4.8.3/armv6-m/crtbegin.o
 *(.bss*)
 .bss.Disparo   0x20000030       0x14 Src\Middleware\BridgeMode.o
 .bss.Muerto    0x20000044       0x14 Src\Middleware\BridgeMode.o
 .bss.Led       0x20000058        0xe Src\Middleware\BridgeMode.o
 .bss.uartPortIRQ
                0x20000066        0x1 Src\HAL\Uart\base\uart.o
 .bss.tiempo    0x20000067        0x1 Src\HAL\Uart\base\uart.o
                0x20000067                tiempo
 .bss.irdaPortIRQ
                0x20000068        0x1 Src\HAL\IrDA\base\irda.o
 *fill*         0x20000069        0x3 
 .bss.xNumOfOverflows
                0x2000006c        0x4 Middlewares\Third_Party\FreeRTOS\Source\tasks.o
 .bss.pxDelayedTaskList
                0x20000070        0x4 Middlewares\Third_Party\FreeRTOS\Source\tasks.o
 .bss.xSchedulerRunning
                0x20000074        0x4 Middlewares\Third_Party\FreeRTOS\Source\tasks.o
 .bss.uxSchedulerSuspended
                0x20000078        0x4 Middlewares\Third_Party\FreeRTOS\Source\tasks.o
 .bss.xDelayedTaskList1
                0x2000007c       0x14 Middlewares\Third_Party\FreeRTOS\Source\tasks.o
 .bss.pxOverflowDelayedTaskList
                0x20000090        0x4 Middlewares\Third_Party\FreeRTOS\Source\tasks.o
 .bss.uxPendedTicks
                0x20000094        0x4 Middlewares\Third_Party\FreeRTOS\Source\tasks.o
 .bss.pxReadyTasksLists
                0x20000098       0x8c Middlewares\Third_Party\FreeRTOS\Source\tasks.o
 .bss.xTasksWaitingTermination
                0x20000124       0x14 Middlewares\Third_Party\FreeRTOS\Source\tasks.o
 .bss.uxDeletedTasksWaitingCleanUp
                0x20000138        0x4 Middlewares\Third_Party\FreeRTOS\Source\tasks.o
 .bss.pxCurrentTCB
                0x2000013c        0x4 Middlewares\Third_Party\FreeRTOS\Source\tasks.o
                0x2000013c                pxCurrentTCB
 .bss.xPendingReadyList
                0x20000140       0x14 Middlewares\Third_Party\FreeRTOS\Source\tasks.o
 .bss.xTickCount
                0x20000154        0x4 Middlewares\Third_Party\FreeRTOS\Source\tasks.o
 .bss.xNextTaskUnblockTime
                0x20000158        0x4 Middlewares\Third_Party\FreeRTOS\Source\tasks.o
 .bss.uxTaskNumber
                0x2000015c        0x4 Middlewares\Third_Party\FreeRTOS\Source\tasks.o
 .bss.uxCurrentNumberOfTasks
                0x20000160        0x4 Middlewares\Third_Party\FreeRTOS\Source\tasks.o
 .bss.xDelayedTaskList2
                0x20000164       0x14 Middlewares\Third_Party\FreeRTOS\Source\tasks.o
 .bss.xIdleTaskHandle
                0x20000178        0x4 Middlewares\Third_Party\FreeRTOS\Source\tasks.o
 .bss.xSuspendedTaskList
                0x2000017c       0x14 Middlewares\Third_Party\FreeRTOS\Source\tasks.o
 .bss.uxTopReadyPriority
                0x20000190        0x4 Middlewares\Third_Party\FreeRTOS\Source\tasks.o
 .bss.xYieldPending
                0x20000194        0x4 Middlewares\Third_Party\FreeRTOS\Source\tasks.o
 .bss.xFreeBytesRemaining
                0x20000198        0x4 Middlewares\Third_Party\FreeRTOS\Source\portable\MemMang\heap_4.o
 .bss.pxEnd     0x2000019c        0x4 Middlewares\Third_Party\FreeRTOS\Source\portable\MemMang\heap_4.o
 .bss.xStart    0x200001a0        0x8 Middlewares\Third_Party\FreeRTOS\Source\portable\MemMang\heap_4.o
 .bss.ucHeap    0x200001a8      0xc00 Middlewares\Third_Party\FreeRTOS\Source\portable\MemMang\heap_4.o
 .bss.xBlockAllocatedBit
                0x20000da8        0x4 Middlewares\Third_Party\FreeRTOS\Source\portable\MemMang\heap_4.o
 .bss.xMinimumEverFreeBytesRemaining
                0x20000dac        0x4 Middlewares\Third_Party\FreeRTOS\Source\portable\MemMang\heap_4.o
 *(COMMON)
 COMMON         0x20000db0       0x14 Src\main.o
                0x20000db0                irda1TxBuffer
                0x20000dba                irda1RxBuffer
 COMMON         0x20000dc4      0x468 Src\HAL\Uart\custom\uart_map.o
                0x20000dc4                usart2RxBuffer
                0x20000e28                usart2TxBuffer
 COMMON         0x2000122c       0x88 Src\HAL\Uart\base\uart.o
                0x2000122c                uartCircularBuffers
                0x20001244                uartHandlers
 COMMON         0x200012b4       0x5a Src\HAL\IrDA\base\irda.o
                0x200012b4                irdaHandlers
                0x200012f0                irdaCircularBuffers
                0x20001304                RxByte
 *fill*         0x2000130e        0x2 
 COMMON         0x20001310       0x84 Src\Application\Drone_App.o
                0x20001310                SerialRXBuffer
                0x20001344                osSemaphore2
                0x20001348                SerialTXBuffer
                0x2000137c                osSemaphore1
                0x20001380                IrDARXBuffer
                0x2000138a                IrDATXBuffer
 COMMON         0x20001394        0x4 Drivers\STM32F0xx_HAL_Driver\Src\stm32f0xx_hal.o
                0x20001394                uwTick
                0x20001398                . = ALIGN (0x4)
                0x20001398                _ebss = .
                0x20001398                __bss_end__ = _ebss

._user_heap_stack
                0x20001398      0x600 load address 0x080037b8
                0x20001398                . = ALIGN (0x4)
                0x20001398                PROVIDE (end, .)
                0x20001398                PROVIDE (_end, .)
                0x20001598                . = (. + _Min_Heap_Size)
 *fill*         0x20001398      0x200 
                0x20001998                . = (. + _Min_Stack_Size)
 *fill*         0x20001598      0x400 
                0x20001998                . = ALIGN (0x4)

/DISCARD/
 libc.a(*)
 libm.a(*)
 libgcc.a(*)

.ARM.attributes
                0x00000000       0x28
 *(.ARM.attributes)
 .ARM.attributes
                0x00000000       0x1e c:/program files (x86)/atollic/truestudio for arm 5.4.2/armtools/bin/../lib/gcc/arm-atollic-eabi/4.8.3/armv6-m/crti.o
 .ARM.attributes
                0x0000001e       0x2c c:/program files (x86)/atollic/truestudio for arm 5.4.2/armtools/bin/../lib/gcc/arm-atollic-eabi/4.8.3/armv6-m/crtbegin.o
 .ARM.attributes
                0x0000004a       0x21 startup\startup_stm32f051x8.o
 .ARM.attributes
                0x0000006b       0x31 Src\system_stm32f0xx.o
 .ARM.attributes
                0x0000009c       0x31 Src\stm32f0xx_it.o
 .ARM.attributes
                0x000000cd       0x31 Src\stm32f0xx_hal_msp.o
 .ARM.attributes
                0x000000fe       0x31 Src\main.o
 .ARM.attributes
                0x0000012f       0x31 Src\Tools\Strings\Strings.o
 .ARM.attributes
                0x00000160       0x31 Src\Tools\CircularBuffer\CircularBuffer.o
 .ARM.attributes
                0x00000191       0x31 Src\Middleware\BridgeMode.o
 .ARM.attributes
                0x000001c2       0x31 Src\HAL\interrupts\custom\interrupts_map.o
 .ARM.attributes
                0x000001f3       0x31 Src\HAL\interrupts\base\interrupts.o
 .ARM.attributes
                0x00000224       0x31 Src\HAL\Uart\custom\uart_map.o
 .ARM.attributes
                0x00000255       0x31 Src\HAL\Uart\base\uart.o
 .ARM.attributes
                0x00000286       0x31 Src\HAL\IrDA\custom\irda_map.o
 .ARM.attributes
                0x000002b7       0x31 Src\HAL\IrDA\base\irda.o
 .ARM.attributes
                0x000002e8       0x31 Src\HAL\GPIO\custom\GPIO_map.o
 .ARM.attributes
                0x00000319       0x31 Src\HAL\GPIO\base\GPIO.o
 .ARM.attributes
                0x0000034a       0x31 Src\Application\Drone_App.o
 .ARM.attributes
                0x0000037b       0x31 Middlewares\Third_Party\FreeRTOS\Source\tasks.o
 .ARM.attributes
                0x000003ac       0x31 Middlewares\Third_Party\FreeRTOS\Source\queue.o
 .ARM.attributes
                0x000003dd       0x31 Middlewares\Third_Party\FreeRTOS\Source\portable\MemMang\heap_4.o
 .ARM.attributes
                0x0000040e       0x31 Middlewares\Third_Party\FreeRTOS\Source\portable\GCC\ARM_CM0\port.o
 .ARM.attributes
                0x0000043f       0x31 Middlewares\Third_Party\FreeRTOS\Source\list.o
 .ARM.attributes
                0x00000470       0x31 Middlewares\Third_Party\FreeRTOS\Source\CMSIS_RTOS\cmsis_os.o
 .ARM.attributes
                0x000004a1       0x31 Drivers\STM32F0xx_HAL_Driver\Src\stm32f0xx_hal_uart_ex.o
 .ARM.attributes
                0x000004d2       0x31 Drivers\STM32F0xx_HAL_Driver\Src\stm32f0xx_hal_uart.o
 .ARM.attributes
                0x00000503       0x31 Drivers\STM32F0xx_HAL_Driver\Src\stm32f0xx_hal_rcc_ex.o
 .ARM.attributes
                0x00000534       0x31 Drivers\STM32F0xx_HAL_Driver\Src\stm32f0xx_hal_rcc.o
 .ARM.attributes
                0x00000565       0x31 Drivers\STM32F0xx_HAL_Driver\Src\stm32f0xx_hal_irda.o
 .ARM.attributes
                0x00000596       0x31 Drivers\STM32F0xx_HAL_Driver\Src\stm32f0xx_hal_gpio.o
 .ARM.attributes
                0x000005c7       0x31 Drivers\STM32F0xx_HAL_Driver\Src\stm32f0xx_hal_dma.o
 .ARM.attributes
                0x000005f8       0x31 Drivers\STM32F0xx_HAL_Driver\Src\stm32f0xx_hal_cortex.o
 .ARM.attributes
                0x00000629       0x31 Drivers\STM32F0xx_HAL_Driver\Src\stm32f0xx_hal.o
 .ARM.attributes
                0x0000065a       0x2c c:/program files (x86)/atollic/truestudio for arm 5.4.2/armtools/bin/../lib/gcc/arm-atollic-eabi/4.8.3/../../../../arm-atollic-eabi/lib/armv6-m\libc.a(lib_a-init.o)
 .ARM.attributes
                0x00000686       0x2c c:/program files (x86)/atollic/truestudio for arm 5.4.2/armtools/bin/../lib/gcc/arm-atollic-eabi/4.8.3/../../../../arm-atollic-eabi/lib/armv6-m\libc.a(lib_a-memcpy-stub.o)
 .ARM.attributes
                0x000006b2       0x2c c:/program files (x86)/atollic/truestudio for arm 5.4.2/armtools/bin/../lib/gcc/arm-atollic-eabi/4.8.3/../../../../arm-atollic-eabi/lib/armv6-m\libc.a(lib_a-strcat.o)
 .ARM.attributes
                0x000006de       0x1c c:/program files (x86)/atollic/truestudio for arm 5.4.2/armtools/bin/../lib/gcc/arm-atollic-eabi/4.8.3/../../../../arm-atollic-eabi/lib/armv6-m\libc.a(lib_a-strcmp.o)
 .ARM.attributes
                0x000006fa       0x2c c:/program files (x86)/atollic/truestudio for arm 5.4.2/armtools/bin/../lib/gcc/arm-atollic-eabi/4.8.3/../../../../arm-atollic-eabi/lib/armv6-m\libc.a(lib_a-strcpy.o)
 .ARM.attributes
                0x00000726       0x2c c:/program files (x86)/atollic/truestudio for arm 5.4.2/armtools/bin/../lib/gcc/arm-atollic-eabi/4.8.3/../../../../arm-atollic-eabi/lib/armv6-m\libc.a(lib_a-strlen.o)
 .ARM.attributes
                0x00000752       0x2c c:/program files (x86)/atollic/truestudio for arm 5.4.2/armtools/bin/../lib/gcc/arm-atollic-eabi/4.8.3/../../../../arm-atollic-eabi/lib/armv6-m\libc.a(lib_a-strncpy.o)
 .ARM.attributes
                0x0000077e       0x1e c:/program files (x86)/atollic/truestudio for arm 5.4.2/armtools/bin/../lib/gcc/arm-atollic-eabi/4.8.3/armv6-m\libgcc.a(_thumb1_case_uqi.o)
 .ARM.attributes
                0x0000079c       0x1e c:/program files (x86)/atollic/truestudio for arm 5.4.2/armtools/bin/../lib/gcc/arm-atollic-eabi/4.8.3/armv6-m\libgcc.a(_udivsi3.o)
 .ARM.attributes
                0x000007ba       0x1e c:/program files (x86)/atollic/truestudio for arm 5.4.2/armtools/bin/../lib/gcc/arm-atollic-eabi/4.8.3/armv6-m\libgcc.a(_dvmd_tls.o)
 .ARM.attributes
                0x000007d8       0x1e c:/program files (x86)/atollic/truestudio for arm 5.4.2/armtools/bin/../lib/gcc/arm-atollic-eabi/4.8.3/armv6-m/crtn.o
OUTPUT(FreeRTOSEx.elf elf32-littlearm)

.debug_line     0x00000000     0x812b
 .debug_line    0x00000000       0x83 startup\startup_stm32f051x8.o
 .debug_line    0x00000083      0x1a2 Src\system_stm32f0xx.o
 .debug_line    0x00000225      0x16a Src\stm32f0xx_it.o
 .debug_line    0x0000038f      0x2ee Src\stm32f0xx_hal_msp.o
 .debug_line    0x0000067d      0x124 Src\main.o
 .debug_line    0x000007a1      0x19b Src\Tools\Strings\Strings.o
 .debug_line    0x0000093c      0x1c0 Src\Tools\CircularBuffer\CircularBuffer.o
 .debug_line    0x00000afc      0x393 Src\Middleware\BridgeMode.o
 .debug_line    0x00000e8f      0x398 Src\HAL\interrupts\custom\interrupts_map.o
 .debug_line    0x00001227      0x251 Src\HAL\interrupts\base\interrupts.o
 .debug_line    0x00001478      0x239 Src\HAL\Uart\custom\uart_map.o
 .debug_line    0x000016b1      0x520 Src\HAL\Uart\base\uart.o
 .debug_line    0x00001bd1      0x239 Src\HAL\IrDA\custom\irda_map.o
 .debug_line    0x00001e0a      0x3aa Src\HAL\IrDA\base\irda.o
 .debug_line    0x000021b4      0x1fe Src\HAL\GPIO\custom\GPIO_map.o
 .debug_line    0x000023b2      0x2b3 Src\HAL\GPIO\base\GPIO.o
 .debug_line    0x00002665      0x6d4 Src\Application\Drone_App.o
 .debug_line    0x00002d39      0xa92 Middlewares\Third_Party\FreeRTOS\Source\tasks.o
 .debug_line    0x000037cb      0x6b2 Middlewares\Third_Party\FreeRTOS\Source\queue.o
 .debug_line    0x00003e7d      0x37a Middlewares\Third_Party\FreeRTOS\Source\portable\MemMang\heap_4.o
 .debug_line    0x000041f7      0x2e1 Middlewares\Third_Party\FreeRTOS\Source\portable\GCC\ARM_CM0\port.o
 .debug_line    0x000044d8      0x252 Middlewares\Third_Party\FreeRTOS\Source\list.o
 .debug_line    0x0000472a      0x91a Middlewares\Third_Party\FreeRTOS\Source\CMSIS_RTOS\cmsis_os.o
 .debug_line    0x00005044      0x3b7 Drivers\STM32F0xx_HAL_Driver\Src\stm32f0xx_hal_uart_ex.o
 .debug_line    0x000053fb      0xcb8 Drivers\STM32F0xx_HAL_Driver\Src\stm32f0xx_hal_uart.o
 .debug_line    0x000060b3      0x2e8 Drivers\STM32F0xx_HAL_Driver\Src\stm32f0xx_hal_rcc_ex.o
 .debug_line    0x0000639b      0x4f9 Drivers\STM32F0xx_HAL_Driver\Src\stm32f0xx_hal_rcc.o
 .debug_line    0x00006894      0xa63 Drivers\STM32F0xx_HAL_Driver\Src\stm32f0xx_hal_irda.o
 .debug_line    0x000072f7      0x324 Drivers\STM32F0xx_HAL_Driver\Src\stm32f0xx_hal_gpio.o
 .debug_line    0x0000761b      0x44e Drivers\STM32F0xx_HAL_Driver\Src\stm32f0xx_hal_dma.o
 .debug_line    0x00007a69      0x32a Drivers\STM32F0xx_HAL_Driver\Src\stm32f0xx_hal_cortex.o
 .debug_line    0x00007d93      0x398 Drivers\STM32F0xx_HAL_Driver\Src\stm32f0xx_hal.o

.debug_info     0x00000000    0x11454
 .debug_info    0x00000000       0x7d startup\startup_stm32f051x8.o
 .debug_info    0x0000007d      0x23b Src\system_stm32f0xx.o
 .debug_info    0x000002b8      0x120 Src\stm32f0xx_it.o
 .debug_info    0x000003d8      0xeca Src\stm32f0xx_hal_msp.o
 .debug_info    0x000012a2       0xf7 Src\main.o
 .debug_info    0x00001399      0x15c Src\Tools\Strings\Strings.o
 .debug_info    0x000014f5      0x21c Src\Tools\CircularBuffer\CircularBuffer.o
 .debug_info    0x00001711      0x953 Src\Middleware\BridgeMode.o
 .debug_info    0x00002064      0x317 Src\HAL\interrupts\custom\interrupts_map.o
 .debug_info    0x0000237b      0x2e3 Src\HAL\interrupts\base\interrupts.o
 .debug_info    0x0000265e      0x320 Src\HAL\Uart\custom\uart_map.o
 .debug_info    0x0000297e      0xeff Src\HAL\Uart\base\uart.o
 .debug_info    0x0000387d      0x2fd Src\HAL\IrDA\custom\irda_map.o
 .debug_info    0x00003b7a      0xb95 Src\HAL\IrDA\base\irda.o
 .debug_info    0x0000470f      0x25f Src\HAL\GPIO\custom\GPIO_map.o
 .debug_info    0x0000496e      0x5b9 Src\HAL\GPIO\base\GPIO.o
 .debug_info    0x00004f27      0xcff Src\Application\Drone_App.o
 .debug_info    0x00005c26     0x1c06 Middlewares\Third_Party\FreeRTOS\Source\tasks.o
 .debug_info    0x0000782c     0x139d Middlewares\Third_Party\FreeRTOS\Source\queue.o
 .debug_info    0x00008bc9      0x377 Middlewares\Third_Party\FreeRTOS\Source\portable\MemMang\heap_4.o
 .debug_info    0x00008f40      0x2a5 Middlewares\Third_Party\FreeRTOS\Source\portable\GCC\ARM_CM0\port.o
 .debug_info    0x000091e5      0x29a Middlewares\Third_Party\FreeRTOS\Source\list.o
 .debug_info    0x0000947f     0x1fbf Middlewares\Third_Party\FreeRTOS\Source\CMSIS_RTOS\cmsis_os.o
 .debug_info    0x0000b43e      0x9b3 Drivers\STM32F0xx_HAL_Driver\Src\stm32f0xx_hal_uart_ex.o
 .debug_info    0x0000bdf1     0x18a5 Drivers\STM32F0xx_HAL_Driver\Src\stm32f0xx_hal_uart.o
 .debug_info    0x0000d696      0x390 Drivers\STM32F0xx_HAL_Driver\Src\stm32f0xx_hal_rcc_ex.o
 .debug_info    0x0000da26      0x999 Drivers\STM32F0xx_HAL_Driver\Src\stm32f0xx_hal_rcc.o
 .debug_info    0x0000e3bf     0x1582 Drivers\STM32F0xx_HAL_Driver\Src\stm32f0xx_hal_irda.o
 .debug_info    0x0000f941      0x5d5 Drivers\STM32F0xx_HAL_Driver\Src\stm32f0xx_hal_gpio.o
 .debug_info    0x0000ff16      0x78d Drivers\STM32F0xx_HAL_Driver\Src\stm32f0xx_hal_dma.o
 .debug_info    0x000106a3      0x7a0 Drivers\STM32F0xx_HAL_Driver\Src\stm32f0xx_hal_cortex.o
 .debug_info    0x00010e43      0x611 Drivers\STM32F0xx_HAL_Driver\Src\stm32f0xx_hal.o

.debug_abbrev   0x00000000     0x3711
 .debug_abbrev  0x00000000       0x12 startup\startup_stm32f051x8.o
 .debug_abbrev  0x00000012       0xf0 Src\system_stm32f0xx.o
 .debug_abbrev  0x00000102       0x89 Src\stm32f0xx_it.o
 .debug_abbrev  0x0000018b      0x1b9 Src\stm32f0xx_hal_msp.o
 .debug_abbrev  0x00000344       0x96 Src\main.o
 .debug_abbrev  0x000003da       0xd5 Src\Tools\Strings\Strings.o
 .debug_abbrev  0x000004af      0x10f Src\Tools\CircularBuffer\CircularBuffer.o
 .debug_abbrev  0x000005be      0x19b Src\Middleware\BridgeMode.o
 .debug_abbrev  0x00000759      0x100 Src\HAL\interrupts\custom\interrupts_map.o
 .debug_abbrev  0x00000859       0xeb Src\HAL\interrupts\base\interrupts.o
 .debug_abbrev  0x00000944       0xf2 Src\HAL\Uart\custom\uart_map.o
 .debug_abbrev  0x00000a36      0x262 Src\HAL\Uart\base\uart.o
 .debug_abbrev  0x00000c98       0xe9 Src\HAL\IrDA\custom\irda_map.o
 .debug_abbrev  0x00000d81      0x271 Src\HAL\IrDA\base\irda.o
 .debug_abbrev  0x00000ff2       0xe6 Src\HAL\GPIO\custom\GPIO_map.o
 .debug_abbrev  0x000010d8      0x1bd Src\HAL\GPIO\base\GPIO.o
 .debug_abbrev  0x00001295      0x26b Src\Application\Drone_App.o
 .debug_abbrev  0x00001500      0x333 Middlewares\Third_Party\FreeRTOS\Source\tasks.o
 .debug_abbrev  0x00001833      0x307 Middlewares\Third_Party\FreeRTOS\Source\queue.o
 .debug_abbrev  0x00001b3a      0x1ff Middlewares\Third_Party\FreeRTOS\Source\portable\MemMang\heap_4.o
 .debug_abbrev  0x00001d39      0x196 Middlewares\Third_Party\FreeRTOS\Source\portable\GCC\ARM_CM0\port.o
 .debug_abbrev  0x00001ecf       0xdc Middlewares\Third_Party\FreeRTOS\Source\list.o
 .debug_abbrev  0x00001fab      0x38c Middlewares\Third_Party\FreeRTOS\Source\CMSIS_RTOS\cmsis_os.o
 .debug_abbrev  0x00002337      0x241 Drivers\STM32F0xx_HAL_Driver\Src\stm32f0xx_hal_uart_ex.o
 .debug_abbrev  0x00002578      0x2bd Drivers\STM32F0xx_HAL_Driver\Src\stm32f0xx_hal_uart.o
 .debug_abbrev  0x00002835      0x17a Drivers\STM32F0xx_HAL_Driver\Src\stm32f0xx_hal_rcc_ex.o
 .debug_abbrev  0x000029af      0x290 Drivers\STM32F0xx_HAL_Driver\Src\stm32f0xx_hal_rcc.o
 .debug_abbrev  0x00002c3f      0x2bd Drivers\STM32F0xx_HAL_Driver\Src\stm32f0xx_hal_irda.o
 .debug_abbrev  0x00002efc      0x1cf Drivers\STM32F0xx_HAL_Driver\Src\stm32f0xx_hal_gpio.o
 .debug_abbrev  0x000030cb      0x206 Drivers\STM32F0xx_HAL_Driver\Src\stm32f0xx_hal_dma.o
 .debug_abbrev  0x000032d1      0x239 Drivers\STM32F0xx_HAL_Driver\Src\stm32f0xx_hal_cortex.o
 .debug_abbrev  0x0000350a      0x207 Drivers\STM32F0xx_HAL_Driver\Src\stm32f0xx_hal.o

.debug_aranges  0x00000000      0xec8
 .debug_aranges
                0x00000000       0x28 startup\startup_stm32f051x8.o
 .debug_aranges
                0x00000028       0x28 Src\system_stm32f0xx.o
 .debug_aranges
                0x00000050       0x40 Src\stm32f0xx_it.o
 .debug_aranges
                0x00000090       0x50 Src\stm32f0xx_hal_msp.o
 .debug_aranges
                0x000000e0       0x20 Src\main.o
 .debug_aranges
                0x00000100       0x28 Src\Tools\Strings\Strings.o
 .debug_aranges
                0x00000128       0x48 Src\Tools\CircularBuffer\CircularBuffer.o
 .debug_aranges
                0x00000170       0x28 Src\Middleware\BridgeMode.o
 .debug_aranges
                0x00000198       0x30 Src\HAL\interrupts\custom\interrupts_map.o
 .debug_aranges
                0x000001c8       0x30 Src\HAL\interrupts\base\interrupts.o
 .debug_aranges
                0x000001f8       0x18 Src\HAL\Uart\custom\uart_map.o
 .debug_aranges
                0x00000210       0x58 Src\HAL\Uart\base\uart.o
 .debug_aranges
                0x00000268       0x18 Src\HAL\IrDA\custom\irda_map.o
 .debug_aranges
                0x00000280       0x58 Src\HAL\IrDA\base\irda.o
 .debug_aranges
                0x000002d8       0x18 Src\HAL\GPIO\custom\GPIO_map.o
 .debug_aranges
                0x000002f0       0x38 Src\HAL\GPIO\base\GPIO.o
 .debug_aranges
                0x00000328       0x60 Src\Application\Drone_App.o
 .debug_aranges
                0x00000388      0x168 Middlewares\Third_Party\FreeRTOS\Source\tasks.o
 .debug_aranges
                0x000004f0       0xc0 Middlewares\Third_Party\FreeRTOS\Source\queue.o
 .debug_aranges
                0x000005b0       0x48 Middlewares\Third_Party\FreeRTOS\Source\portable\MemMang\heap_4.o
 .debug_aranges
                0x000005f8       0x88 Middlewares\Third_Party\FreeRTOS\Source\portable\GCC\ARM_CM0\port.o
 .debug_aranges
                0x00000680       0x40 Middlewares\Third_Party\FreeRTOS\Source\list.o
 .debug_aranges
                0x000006c0      0x1c0 Middlewares\Third_Party\FreeRTOS\Source\CMSIS_RTOS\cmsis_os.o
 .debug_aranges
                0x00000880       0x58 Drivers\STM32F0xx_HAL_Driver\Src\stm32f0xx_hal_uart_ex.o
 .debug_aranges
                0x000008d8      0x1d0 Drivers\STM32F0xx_HAL_Driver\Src\stm32f0xx_hal_uart.o
 .debug_aranges
                0x00000aa8       0x30 Drivers\STM32F0xx_HAL_Driver\Src\stm32f0xx_hal_rcc_ex.o
 .debug_aranges
                0x00000ad8       0x80 Drivers\STM32F0xx_HAL_Driver\Src\stm32f0xx_hal_rcc.o
 .debug_aranges
                0x00000b58      0x170 Drivers\STM32F0xx_HAL_Driver\Src\stm32f0xx_hal_irda.o
 .debug_aranges
                0x00000cc8       0x58 Drivers\STM32F0xx_HAL_Driver\Src\stm32f0xx_hal_gpio.o
 .debug_aranges
                0x00000d20       0x78 Drivers\STM32F0xx_HAL_Driver\Src\stm32f0xx_hal_dma.o
 .debug_aranges
                0x00000d98       0x78 Drivers\STM32F0xx_HAL_Driver\Src\stm32f0xx_hal_cortex.o
 .debug_aranges
                0x00000e10       0xb8 Drivers\STM32F0xx_HAL_Driver\Src\stm32f0xx_hal.o

.debug_ranges   0x00000000      0xfa8
 .debug_ranges  0x00000000       0x20 startup\startup_stm32f051x8.o
 .debug_ranges  0x00000020       0x18 Src\system_stm32f0xx.o
 .debug_ranges  0x00000038       0x30 Src\stm32f0xx_it.o
 .debug_ranges  0x00000068       0xa8 Src\stm32f0xx_hal_msp.o
 .debug_ranges  0x00000110       0x10 Src\main.o
 .debug_ranges  0x00000120       0x18 Src\Tools\Strings\Strings.o
 .debug_ranges  0x00000138       0x38 Src\Tools\CircularBuffer\CircularBuffer.o
 .debug_ranges  0x00000170       0x18 Src\Middleware\BridgeMode.o
 .debug_ranges  0x00000188       0x20 Src\HAL\interrupts\custom\interrupts_map.o
 .debug_ranges  0x000001a8       0x20 Src\HAL\interrupts\base\interrupts.o
 .debug_ranges  0x000001c8       0x68 Src\HAL\Uart\base\uart.o
 .debug_ranges  0x00000230       0x68 Src\HAL\IrDA\base\irda.o
 .debug_ranges  0x00000298       0x28 Src\HAL\GPIO\base\GPIO.o
 .debug_ranges  0x000002c0       0x50 Src\Application\Drone_App.o
 .debug_ranges  0x00000310      0x1f8 Middlewares\Third_Party\FreeRTOS\Source\tasks.o
 .debug_ranges  0x00000508      0x128 Middlewares\Third_Party\FreeRTOS\Source\queue.o
 .debug_ranges  0x00000630       0x38 Middlewares\Third_Party\FreeRTOS\Source\portable\MemMang\heap_4.o
 .debug_ranges  0x00000668       0x78 Middlewares\Third_Party\FreeRTOS\Source\portable\GCC\ARM_CM0\port.o
 .debug_ranges  0x000006e0       0x30 Middlewares\Third_Party\FreeRTOS\Source\list.o
 .debug_ranges  0x00000710      0x1c8 Middlewares\Third_Party\FreeRTOS\Source\CMSIS_RTOS\cmsis_os.o
 .debug_ranges  0x000008d8       0x48 Drivers\STM32F0xx_HAL_Driver\Src\stm32f0xx_hal_uart_ex.o
 .debug_ranges  0x00000920      0x1c0 Drivers\STM32F0xx_HAL_Driver\Src\stm32f0xx_hal_uart.o
 .debug_ranges  0x00000ae0       0x38 Drivers\STM32F0xx_HAL_Driver\Src\stm32f0xx_hal_rcc_ex.o
 .debug_ranges  0x00000b18       0xb0 Drivers\STM32F0xx_HAL_Driver\Src\stm32f0xx_hal_rcc.o
 .debug_ranges  0x00000bc8      0x160 Drivers\STM32F0xx_HAL_Driver\Src\stm32f0xx_hal_irda.o
 .debug_ranges  0x00000d28       0x48 Drivers\STM32F0xx_HAL_Driver\Src\stm32f0xx_hal_gpio.o
 .debug_ranges  0x00000d70       0xc8 Drivers\STM32F0xx_HAL_Driver\Src\stm32f0xx_hal_dma.o
 .debug_ranges  0x00000e38       0xc8 Drivers\STM32F0xx_HAL_Driver\Src\stm32f0xx_hal_cortex.o
 .debug_ranges  0x00000f00       0xa8 Drivers\STM32F0xx_HAL_Driver\Src\stm32f0xx_hal.o

.debug_loc      0x00000000     0x7b23
 .debug_loc     0x00000000      0x133 Src\system_stm32f0xx.o
 .debug_loc     0x00000133       0x84 Src\stm32f0xx_hal_msp.o
 .debug_loc     0x000001b7      0x113 Src\Tools\Strings\Strings.o
 .debug_loc     0x000002ca      0x10a Src\Tools\CircularBuffer\CircularBuffer.o
 .debug_loc     0x000003d4      0x1fc Src\Middleware\BridgeMode.o
 .debug_loc     0x000005d0       0x3c Src\HAL\interrupts\base\interrupts.o
 .debug_loc     0x0000060c      0x254 Src\HAL\Uart\base\uart.o
 .debug_loc     0x00000860      0x1ab Src\HAL\IrDA\base\irda.o
 .debug_loc     0x00000a0b       0xb9 Src\HAL\GPIO\base\GPIO.o
 .debug_loc     0x00000ac4       0xa5 Src\Application\Drone_App.o
 .debug_loc     0x00000b69     0x1138 Middlewares\Third_Party\FreeRTOS\Source\tasks.o
 .debug_loc     0x00001ca1      0xe3b Middlewares\Third_Party\FreeRTOS\Source\queue.o
 .debug_loc     0x00002adc      0x2c3 Middlewares\Third_Party\FreeRTOS\Source\portable\MemMang\heap_4.o
 .debug_loc     0x00002d9f       0xbf Middlewares\Third_Party\FreeRTOS\Source\portable\GCC\ARM_CM0\port.o
 .debug_loc     0x00002e5e       0x89 Middlewares\Third_Party\FreeRTOS\Source\list.o
 .debug_loc     0x00002ee7     0x1270 Middlewares\Third_Party\FreeRTOS\Source\CMSIS_RTOS\cmsis_os.o
 .debug_loc     0x00004157      0x39e Drivers\STM32F0xx_HAL_Driver\Src\stm32f0xx_hal_uart_ex.o
 .debug_loc     0x000044f5     0x1385 Drivers\STM32F0xx_HAL_Driver\Src\stm32f0xx_hal_uart.o
 .debug_loc     0x0000587a      0x259 Drivers\STM32F0xx_HAL_Driver\Src\stm32f0xx_hal_rcc_ex.o
 .debug_loc     0x00005ad3      0x3b7 Drivers\STM32F0xx_HAL_Driver\Src\stm32f0xx_hal_rcc.o
 .debug_loc     0x00005e8a      0xe74 Drivers\STM32F0xx_HAL_Driver\Src\stm32f0xx_hal_irda.o
 .debug_loc     0x00006cfe      0x3a3 Drivers\STM32F0xx_HAL_Driver\Src\stm32f0xx_hal_gpio.o
 .debug_loc     0x000070a1      0x746 Drivers\STM32F0xx_HAL_Driver\Src\stm32f0xx_hal_dma.o
 .debug_loc     0x000077e7      0x2c0 Drivers\STM32F0xx_HAL_Driver\Src\stm32f0xx_hal_cortex.o
 .debug_loc     0x00007aa7       0x7c Drivers\STM32F0xx_HAL_Driver\Src\stm32f0xx_hal.o

.debug_str      0x00000000     0x48ad
 .debug_str     0x00000000      0x216 Src\system_stm32f0xx.o
                                0x260 (size before relaxing)
 .debug_str     0x00000216       0xa1 Src\stm32f0xx_it.o
                                0x202 (size before relaxing)
 .debug_str     0x000002b7      0xa07 Src\stm32f0xx_hal_msp.o
                                0xc27 (size before relaxing)
 .debug_str     0x00000cbe       0x5b Src\main.o
                                0x1bc (size before relaxing)
 .debug_str     0x00000d19       0x64 Src\Tools\Strings\Strings.o
                                0x1e8 (size before relaxing)
 .debug_str     0x00000d7d       0xb9 Src\Tools\CircularBuffer\CircularBuffer.o
                                0x251 (size before relaxing)
 .debug_str     0x00000e36      0x18b Src\Middleware\BridgeMode.o
                                0x34c (size before relaxing)
 .debug_str     0x00000fc1      0x134 Src\HAL\interrupts\custom\interrupts_map.o
                                0x4bb (size before relaxing)
 .debug_str     0x000010f5       0x7d Src\HAL\interrupts\base\interrupts.o
                                0x479 (size before relaxing)
 .debug_str     0x00001172      0x13e Src\HAL\Uart\custom\uart_map.o
                                0x318 (size before relaxing)
 .debug_str     0x000012b0      0x1a0 Src\HAL\Uart\base\uart.o
                                0xa8a (size before relaxing)
 .debug_str     0x00001450       0x75 Src\HAL\IrDA\custom\irda_map.o
                                0x30d (size before relaxing)
 .debug_str     0x000014c5      0x134 Src\HAL\IrDA\base\irda.o
                                0x846 (size before relaxing)
 .debug_str     0x000015f9       0x55 Src\HAL\GPIO\custom\GPIO_map.o
                                0x2da (size before relaxing)
 .debug_str     0x0000164e       0xbf Src\HAL\GPIO\base\GPIO.o
                                0x41a (size before relaxing)
 .debug_str     0x0000170d      0x51d Src\Application\Drone_App.o
                                0x9e4 (size before relaxing)
 .debug_str     0x00001c2a      0xb44 Middlewares\Third_Party\FreeRTOS\Source\tasks.o
                                0xd75 (size before relaxing)
 .debug_str     0x0000276e      0x422 Middlewares\Third_Party\FreeRTOS\Source\queue.o
                                0x8aa (size before relaxing)
 .debug_str     0x00002b90      0x1ec Middlewares\Third_Party\FreeRTOS\Source\portable\MemMang\heap_4.o
                                0x3a7 (size before relaxing)
 .debug_str     0x00002d7c       0xe3 Middlewares\Third_Party\FreeRTOS\Source\portable\GCC\ARM_CM0\port.o
                                0x373 (size before relaxing)
 .debug_str     0x00002e5f       0x6f Middlewares\Third_Party\FreeRTOS\Source\list.o
                                0x2e6 (size before relaxing)
 .debug_str     0x00002ece      0x65e Middlewares\Third_Party\FreeRTOS\Source\CMSIS_RTOS\cmsis_os.o
                                0xdc2 (size before relaxing)
 .debug_str     0x0000352c      0x210 Drivers\STM32F0xx_HAL_Driver\Src\stm32f0xx_hal_uart_ex.o
                                0x86c (size before relaxing)
 .debug_str     0x0000373c      0x558 Drivers\STM32F0xx_HAL_Driver\Src\stm32f0xx_hal_uart.o
                                0xd76 (size before relaxing)
 .debug_str     0x00003c94       0xb1 Drivers\STM32F0xx_HAL_Driver\Src\stm32f0xx_hal_rcc_ex.o
                                0x3c0 (size before relaxing)
 .debug_str     0x00003d45      0x17f Drivers\STM32F0xx_HAL_Driver\Src\stm32f0xx_hal_rcc.o
                                0x61a (size before relaxing)
 .debug_str     0x00003ec4      0x3fb Drivers\STM32F0xx_HAL_Driver\Src\stm32f0xx_hal_irda.o
                                0xb86 (size before relaxing)
 .debug_str     0x000042bf       0xdf Drivers\STM32F0xx_HAL_Driver\Src\stm32f0xx_hal_gpio.o
                                0x3fc (size before relaxing)
 .debug_str     0x0000439e      0x218 Drivers\STM32F0xx_HAL_Driver\Src\stm32f0xx_hal_dma.o
                                0x60b (size before relaxing)
 .debug_str     0x000045b6      0x17f Drivers\STM32F0xx_HAL_Driver\Src\stm32f0xx_hal_cortex.o
                                0x609 (size before relaxing)
 .debug_str     0x00004735      0x178 Drivers\STM32F0xx_HAL_Driver\Src\stm32f0xx_hal.o
                                0x60b (size before relaxing)

.comment        0x00000000       0x82
 .comment       0x00000000       0x82 Src\system_stm32f0xx.o
                                 0x83 (size before relaxing)
 .comment       0x00000000       0x83 Src\stm32f0xx_it.o
 .comment       0x00000000       0x83 Src\stm32f0xx_hal_msp.o
 .comment       0x00000000       0x83 Src\main.o
 .comment       0x00000000       0x83 Src\Tools\Strings\Strings.o
 .comment       0x00000000       0x83 Src\Tools\CircularBuffer\CircularBuffer.o
 .comment       0x00000000       0x83 Src\Middleware\BridgeMode.o
 .comment       0x00000000       0x83 Src\HAL\interrupts\custom\interrupts_map.o
 .comment       0x00000000       0x83 Src\HAL\interrupts\base\interrupts.o
 .comment       0x00000000       0x83 Src\HAL\Uart\custom\uart_map.o
 .comment       0x00000000       0x83 Src\HAL\Uart\base\uart.o
 .comment       0x00000000       0x83 Src\HAL\IrDA\custom\irda_map.o
 .comment       0x00000000       0x83 Src\HAL\IrDA\base\irda.o
 .comment       0x00000000       0x83 Src\HAL\GPIO\custom\GPIO_map.o
 .comment       0x00000000       0x83 Src\HAL\GPIO\base\GPIO.o
 .comment       0x00000000       0x83 Src\Application\Drone_App.o
 .comment       0x00000000       0x83 Middlewares\Third_Party\FreeRTOS\Source\tasks.o
 .comment       0x00000000       0x83 Middlewares\Third_Party\FreeRTOS\Source\queue.o
 .comment       0x00000000       0x83 Middlewares\Third_Party\FreeRTOS\Source\portable\MemMang\heap_4.o
 .comment       0x00000000       0x83 Middlewares\Third_Party\FreeRTOS\Source\portable\GCC\ARM_CM0\port.o
 .comment       0x00000000       0x83 Middlewares\Third_Party\FreeRTOS\Source\list.o
 .comment       0x00000000       0x83 Middlewares\Third_Party\FreeRTOS\Source\CMSIS_RTOS\cmsis_os.o
 .comment       0x00000000       0x83 Drivers\STM32F0xx_HAL_Driver\Src\stm32f0xx_hal_uart_ex.o
 .comment       0x00000000       0x83 Drivers\STM32F0xx_HAL_Driver\Src\stm32f0xx_hal_uart.o
 .comment       0x00000000       0x83 Drivers\STM32F0xx_HAL_Driver\Src\stm32f0xx_hal_rcc_ex.o
 .comment       0x00000000       0x83 Drivers\STM32F0xx_HAL_Driver\Src\stm32f0xx_hal_rcc.o
 .comment       0x00000000       0x83 Drivers\STM32F0xx_HAL_Driver\Src\stm32f0xx_hal_irda.o
 .comment       0x00000000       0x83 Drivers\STM32F0xx_HAL_Driver\Src\stm32f0xx_hal_gpio.o
 .comment       0x00000000       0x83 Drivers\STM32F0xx_HAL_Driver\Src\stm32f0xx_hal_dma.o
 .comment       0x00000000       0x83 Drivers\STM32F0xx_HAL_Driver\Src\stm32f0xx_hal_cortex.o
 .comment       0x00000000       0x83 Drivers\STM32F0xx_HAL_Driver\Src\stm32f0xx_hal.o

.debug_frame    0x00000000     0x254c
 .debug_frame   0x00000000       0x3c Src\system_stm32f0xx.o
 .debug_frame   0x0000003c       0x78 Src\stm32f0xx_it.o
 .debug_frame   0x000000b4       0xc4 Src\stm32f0xx_hal_msp.o
 .debug_frame   0x00000178       0x28 Src\main.o
 .debug_frame   0x000001a0       0x3c Src\Tools\Strings\Strings.o
 .debug_frame   0x000001dc       0x84 Src\Tools\CircularBuffer\CircularBuffer.o
 .debug_frame   0x00000260       0x4c Src\Middleware\BridgeMode.o
 .debug_frame   0x000002ac       0x50 Src\HAL\interrupts\custom\interrupts_map.o
 .debug_frame   0x000002fc       0x58 Src\HAL\interrupts\base\interrupts.o
 .debug_frame   0x00000354       0xfc Src\HAL\Uart\base\uart.o
 .debug_frame   0x00000450       0xd0 Src\HAL\IrDA\base\irda.o
 .debug_frame   0x00000520       0x70 Src\HAL\GPIO\base\GPIO.o
 .debug_frame   0x00000590      0x100 Src\Application\Drone_App.o
 .debug_frame   0x00000690      0x42c Middlewares\Third_Party\FreeRTOS\Source\tasks.o
 .debug_frame   0x00000abc      0x234 Middlewares\Third_Party\FreeRTOS\Source\queue.o
 .debug_frame   0x00000cf0       0x94 Middlewares\Third_Party\FreeRTOS\Source\portable\MemMang\heap_4.o
 .debug_frame   0x00000d84      0x110 Middlewares\Third_Party\FreeRTOS\Source\portable\GCC\ARM_CM0\port.o
 .debug_frame   0x00000e94       0x6c Middlewares\Third_Party\FreeRTOS\Source\list.o
 .debug_frame   0x00000f00      0x53c Middlewares\Third_Party\FreeRTOS\Source\CMSIS_RTOS\cmsis_os.o
 .debug_frame   0x0000143c       0xe4 Drivers\STM32F0xx_HAL_Driver\Src\stm32f0xx_hal_uart_ex.o
 .debug_frame   0x00001520      0x534 Drivers\STM32F0xx_HAL_Driver\Src\stm32f0xx_hal_uart.o
 .debug_frame   0x00001a54       0x58 Drivers\STM32F0xx_HAL_Driver\Src\stm32f0xx_hal_rcc_ex.o
 .debug_frame   0x00001aac      0x12c Drivers\STM32F0xx_HAL_Driver\Src\stm32f0xx_hal_rcc.o
 .debug_frame   0x00001bd8      0x404 Drivers\STM32F0xx_HAL_Driver\Src\stm32f0xx_hal_irda.o
 .debug_frame   0x00001fdc       0xbc Drivers\STM32F0xx_HAL_Driver\Src\stm32f0xx_hal_gpio.o
 .debug_frame   0x00002098      0x150 Drivers\STM32F0xx_HAL_Driver\Src\stm32f0xx_hal_dma.o
 .debug_frame   0x000021e8       0xe4 Drivers\STM32F0xx_HAL_Driver\Src\stm32f0xx_hal_cortex.o
 .debug_frame   0x000022cc      0x178 Drivers\STM32F0xx_HAL_Driver\Src\stm32f0xx_hal.o
 .debug_frame   0x00002444       0x2c c:/program files (x86)/atollic/truestudio for arm 5.4.2/armtools/bin/../lib/gcc/arm-atollic-eabi/4.8.3/../../../../arm-atollic-eabi/lib/armv6-m\libc.a(lib_a-init.o)
 .debug_frame   0x00002470       0x28 c:/program files (x86)/atollic/truestudio for arm 5.4.2/armtools/bin/../lib/gcc/arm-atollic-eabi/4.8.3/../../../../arm-atollic-eabi/lib/armv6-m\libc.a(lib_a-memcpy-stub.o)
 .debug_frame   0x00002498       0x28 c:/program files (x86)/atollic/truestudio for arm 5.4.2/armtools/bin/../lib/gcc/arm-atollic-eabi/4.8.3/../../../../arm-atollic-eabi/lib/armv6-m\libc.a(lib_a-strcat.o)
 .debug_frame   0x000024c0       0x20 c:/program files (x86)/atollic/truestudio for arm 5.4.2/armtools/bin/../lib/gcc/arm-atollic-eabi/4.8.3/../../../../arm-atollic-eabi/lib/armv6-m\libc.a(lib_a-strcpy.o)
 .debug_frame   0x000024e0       0x20 c:/program files (x86)/atollic/truestudio for arm 5.4.2/armtools/bin/../lib/gcc/arm-atollic-eabi/4.8.3/../../../../arm-atollic-eabi/lib/armv6-m\libc.a(lib_a-strlen.o)
 .debug_frame   0x00002500       0x2c c:/program files (x86)/atollic/truestudio for arm 5.4.2/armtools/bin/../lib/gcc/arm-atollic-eabi/4.8.3/../../../../arm-atollic-eabi/lib/armv6-m\libc.a(lib_a-strncpy.o)
 .debug_frame   0x0000252c       0x20 c:/program files (x86)/atollic/truestudio for arm 5.4.2/armtools/bin/../lib/gcc/arm-atollic-eabi/4.8.3/armv6-m\libgcc.a(_udivsi3.o)
