Archive member included to satisfy reference by file (symbol)

d:/program files (x86)/atollic/truestudio for arm 8.0.0/armtools/bin/../lib/gcc/arm-atollic-eabi/6.3.1/../../../../arm-atollic-eabi/lib/armv6-m\libc_nano.a(lib_a-init.o)
                              startup\startup_stm32f051x8.o (__libc_init_array)
d:/program files (x86)/atollic/truestudio for arm 8.0.0/armtools/bin/../lib/gcc/arm-atollic-eabi/6.3.1/../../../../arm-atollic-eabi/lib/armv6-m\libc_nano.a(lib_a-memcpy-stub.o)
                              Drivers\STM32F0xx_HAL_Driver\Src\stm32f0xx_hal_rcc.o (memcpy)
d:/program files (x86)/atollic/truestudio for arm 8.0.0/armtools/bin/../lib/gcc/arm-atollic-eabi/6.3.1/../../../../arm-atollic-eabi/lib/armv6-m\libc_nano.a(lib_a-memset.o)
                              Middlewares\Third_Party\FreeRTOS\Source\CMSIS_RTOS\cmsis_os.o (memset)
d:/program files (x86)/atollic/truestudio for arm 8.0.0/armtools/bin/../lib/gcc/arm-atollic-eabi/6.3.1/../../../../arm-atollic-eabi/lib/armv6-m\libc_nano.a(lib_a-strcmp.o)
                              Src\Middleware\BridgeMode.o (strcmp)
d:/program files (x86)/atollic/truestudio for arm 8.0.0/armtools/bin/../lib/gcc/arm-atollic-eabi/6.3.1/../../../../arm-atollic-eabi/lib/armv6-m\libc_nano.a(lib_a-strcpy.o)
                              Src\Application\Drone_App.o (strcpy)
d:/program files (x86)/atollic/truestudio for arm 8.0.0/armtools/bin/../lib/gcc/arm-atollic-eabi/6.3.1/../../../../arm-atollic-eabi/lib/armv6-m\libc_nano.a(lib_a-strlen.o)
                              Src\Application\Drone_App.o (strlen)
d:/program files (x86)/atollic/truestudio for arm 8.0.0/armtools/bin/../lib/gcc/arm-atollic-eabi/6.3.1/../../../../arm-atollic-eabi/lib/armv6-m\libc_nano.a(lib_a-strncpy.o)
                              Src\Middleware\BridgeMode.o (strncpy)
d:/program files (x86)/atollic/truestudio for arm 8.0.0/armtools/bin/../lib/gcc/arm-atollic-eabi/6.3.1/armv6-m\libgcc.a(_thumb1_case_sqi.o)
                              Drivers\STM32F0xx_HAL_Driver\Src\stm32f0xx_hal_irda.o (__gnu_thumb1_case_sqi)
d:/program files (x86)/atollic/truestudio for arm 8.0.0/armtools/bin/../lib/gcc/arm-atollic-eabi/6.3.1/armv6-m\libgcc.a(_thumb1_case_uqi.o)
                              Drivers\STM32F0xx_HAL_Driver\Src\stm32f0xx_hal_dma.o (__gnu_thumb1_case_uqi)
d:/program files (x86)/atollic/truestudio for arm 8.0.0/armtools/bin/../lib/gcc/arm-atollic-eabi/6.3.1/armv6-m\libgcc.a(_udivsi3.o)
                              Drivers\STM32F0xx_HAL_Driver\Src\stm32f0xx_hal.o (__aeabi_uidiv)
d:/program files (x86)/atollic/truestudio for arm 8.0.0/armtools/bin/../lib/gcc/arm-atollic-eabi/6.3.1/armv6-m\libgcc.a(_dvmd_tls.o)
                              d:/program files (x86)/atollic/truestudio for arm 8.0.0/armtools/bin/../lib/gcc/arm-atollic-eabi/6.3.1/armv6-m\libgcc.a(_udivsi3.o) (__aeabi_idiv0)
d:/program files (x86)/atollic/truestudio for arm 8.0.0/armtools/bin/../lib/gcc/arm-atollic-eabi/6.3.1/armv6-m\libgcc.a(_lshrdi3.o)
                              Drivers\STM32F0xx_HAL_Driver\Src\stm32f0xx_hal_flash.o (__aeabi_llsr)

Allocating common symbols
Common symbol       size              file

SerialRXBuffer      0x32              Src\Application\Drone_App.o
uartCircularBuffers
                    0x30              Src\HAL\Uart\base\uart.o
IRDA_TO_UART_CP     0x1               Src\Application\Drone_App.o
SerialTXBuffer      0x32              Src\Application\Drone_App.o
tag                 0xa               Src\Middleware\BridgeMode.o
uwTick              0x4               Drivers\STM32F0xx_HAL_Driver\Src\stm32f0xx_hal.o
xQueueRegistry      0x40              Middlewares\Third_Party\FreeRTOS\Source\queue.o
pFlash              0x20              Drivers\STM32F0xx_HAL_Driver\Src\stm32f0xx_hal_flash.o
usart1TxBuffer      0x100             Src\HAL\Uart\custom\uart_map.o
uartHandlers        0xe0              Src\HAL\Uart\base\uart.o
usart2RxBuffer      0x64              Src\HAL\Uart\custom\uart_map.o
RxByte              0x1               Src\HAL\Uart\base\uart.o
usart2TxBuffer      0x404             Src\HAL\Uart\custom\uart_map.o
IrDARXBuffer        0x32              Src\Application\Drone_App.o
UART_TO_IRDA_CP     0x1               Src\Application\Drone_App.o
usart1RxBuffer      0x64              Src\HAL\Uart\custom\uart_map.o
IrDATXBuffer        0x32              Src\Application\Drone_App.o

Discarded input sections

 .text          0x00000000        0x0 d:/program files (x86)/atollic/truestudio for arm 8.0.0/armtools/bin/../lib/gcc/arm-atollic-eabi/6.3.1/armv6-m/crti.o
 .data          0x00000000        0x0 d:/program files (x86)/atollic/truestudio for arm 8.0.0/armtools/bin/../lib/gcc/arm-atollic-eabi/6.3.1/armv6-m/crti.o
 .bss           0x00000000        0x0 d:/program files (x86)/atollic/truestudio for arm 8.0.0/armtools/bin/../lib/gcc/arm-atollic-eabi/6.3.1/armv6-m/crti.o
[...]
Memory Configuration

Name             Origin             Length             Attributes
RAM              0x20000000         0x00002000         xrw
FLASH            0x08000000         0x00010000         xr
*default*        0x00000000         0xffffffff

Linker script and memory map

LOAD d:/program files (x86)/atollic/truestudio for arm 8.0.0/armtools/bin/../lib/gcc/arm-atollic-eabi/6.3.1/armv6-m/crti.o
LOAD d:/program files (x86)/atollic/truestudio for arm 8.0.0/armtools/bin/../lib/gcc/arm-atollic-eabi/6.3.1/armv6-m/crtbegin.o
LOAD Drivers\STM32F0xx_HAL_Driver\Src\stm32f0xx_hal.o
LOAD Drivers\STM32F0xx_HAL_Driver\Src\stm32f0xx_hal_adc.o
LOAD Drivers\STM32F0xx_HAL_Driver\Src\stm32f0xx_hal_adc_ex.o
LOAD Drivers\STM32F0xx_HAL_Driver\Src\stm32f0xx_hal_cortex.o
LOAD Drivers\STM32F0xx_HAL_Driver\Src\stm32f0xx_hal_crc.o
LOAD Drivers\STM32F0xx_HAL_Driver\Src\stm32f0xx_hal_crc_ex.o
LOAD Drivers\STM32F0xx_HAL_Driver\Src\stm32f0xx_hal_dma.o
LOAD Drivers\STM32F0xx_HAL_Driver\Src\stm32f0xx_hal_flash.o
LOAD Drivers\STM32F0xx_HAL_Driver\Src\stm32f0xx_hal_flash_ex.o
LOAD Drivers\STM32F0xx_HAL_Driver\Src\stm32f0xx_hal_gpio.o
LOAD Drivers\STM32F0xx_HAL_Driver\Src\stm32f0xx_hal_i2c.o
LOAD Drivers\STM32F0xx_HAL_Driver\Src\stm32f0xx_hal_i2c_ex.o
LOAD Drivers\STM32F0xx_HAL_Driver\Src\stm32f0xx_hal_irda.o
LOAD Drivers\STM32F0xx_HAL_Driver\Src\stm32f0xx_hal_pwr.o
LOAD Drivers\STM32F0xx_HAL_Driver\Src\stm32f0xx_hal_pwr_ex.o
LOAD Drivers\STM32F0xx_HAL_Driver\Src\stm32f0xx_hal_rcc.o
LOAD Drivers\STM32F0xx_HAL_Driver\Src\stm32f0xx_hal_rcc_ex.o
LOAD Drivers\STM32F0xx_HAL_Driver\Src\stm32f0xx_hal_spi.o
LOAD Drivers\STM32F0xx_HAL_Driver\Src\stm32f0xx_hal_spi_ex.o
LOAD Drivers\STM32F0xx_HAL_Driver\Src\stm32f0xx_hal_tim.o
LOAD Drivers\STM32F0xx_HAL_Driver\Src\stm32f0xx_hal_tim_ex.o
LOAD Drivers\STM32F0xx_HAL_Driver\Src\stm32f0xx_hal_uart.o
LOAD Drivers\STM32F0xx_HAL_Driver\Src\stm32f0xx_hal_uart_ex.o
LOAD Drivers\STM32F0xx_HAL_Driver\Src\stm32f0xx_hal_usart.o
LOAD Middlewares\Third_Party\FreeRTOS\Source\CMSIS_RTOS\cmsis_os.o
LOAD Middlewares\Third_Party\FreeRTOS\Source\croutine.o
LOAD Middlewares\Third_Party\FreeRTOS\Source\event_groups.o
LOAD Middlewares\Third_Party\FreeRTOS\Source\list.o
LOAD Middlewares\Third_Party\FreeRTOS\Source\portable\GCC\ARM_CM0\port.o
LOAD Middlewares\Third_Party\FreeRTOS\Source\portable\MemMang\heap_4.o
LOAD Middlewares\Third_Party\FreeRTOS\Source\queue.o
LOAD Middlewares\Third_Party\FreeRTOS\Source\tasks.o
LOAD Middlewares\Third_Party\FreeRTOS\Source\timers.o
LOAD Src\Application\Drone_App.o
LOAD Src\HAL\GPIO\base\GPIO.o
LOAD Src\HAL\GPIO\custom\GPIO_map.o
LOAD Src\HAL\Uart\base\uart.o
LOAD Src\HAL\Uart\custom\uart_map.o
LOAD Src\HAL\interrupts\base\interrupts.o
LOAD Src\HAL\interrupts\custom\interrupts_map.o
LOAD Src\Middleware\BridgeMode.o
LOAD Src\Tools\CircularBuffer\CircularBuffer.o
LOAD Src\Tools\Strings\Strings.o
LOAD Src\freertos.o
LOAD Src\main.o
LOAD Src\stm32f0xx_hal_msp.o
LOAD Src\stm32f0xx_it.o
LOAD Src\system_stm32f0xx.o
LOAD startup\startup_stm32f051x8.o
                0x00000080                malloc_getpagesize_P = 0x80
START GROUP
LOAD d:/program files (x86)/atollic/truestudio for arm 8.0.0/armtools/bin/../lib/gcc/arm-atollic-eabi/6.3.1/../../../../arm-atollic-eabi/lib/armv6-m\libc_nano.a
LOAD d:/program files (x86)/atollic/truestudio for arm 8.0.0/armtools/bin/../lib/gcc/arm-atollic-eabi/6.3.1/../../../../arm-atollic-eabi/lib/armv6-m\libm.a
END GROUP
START GROUP
LOAD d:/program files (x86)/atollic/truestudio for arm 8.0.0/armtools/bin/../lib/gcc/arm-atollic-eabi/6.3.1/armv6-m\libgcc.a
LOAD d:/program files (x86)/atollic/truestudio for arm 8.0.0/armtools/bin/../lib/gcc/arm-atollic-eabi/6.3.1/../../../../arm-atollic-eabi/lib/armv6-m\libc_nano.a
END GROUP
START GROUP
LOAD d:/program files (x86)/atollic/truestudio for arm 8.0.0/armtools/bin/../lib/gcc/arm-atollic-eabi/6.3.1/armv6-m\libgcc.a
LOAD d:/program files (x86)/atollic/truestudio for arm 8.0.0/armtools/bin/../lib/gcc/arm-atollic-eabi/6.3.1/../../../../arm-atollic-eabi/lib/armv6-m\libc_nano.a
LOAD d:/program files (x86)/atollic/truestudio for arm 8.0.0/armtools/bin/../lib/gcc/arm-atollic-eabi/6.3.1/../../../../arm-atollic-eabi/lib/armv6-m\libnosys.a
END GROUP
START GROUP
LOAD d:/program files (x86)/atollic/truestudio for arm 8.0.0/armtools/bin/../lib/gcc/arm-atollic-eabi/6.3.1/armv6-m\libgcc.a
LOAD d:/program files (x86)/atollic/truestudio for arm 8.0.0/armtools/bin/../lib/gcc/arm-atollic-eabi/6.3.1/../../../../arm-atollic-eabi/lib/armv6-m\libc_nano.a
LOAD d:/program files (x86)/atollic/truestudio for arm 8.0.0/armtools/bin/../lib/gcc/arm-atollic-eabi/6.3.1/../../../../arm-atollic-eabi/lib/armv6-m\libnosys.a
END GROUP
LOAD d:/program files (x86)/atollic/truestudio for arm 8.0.0/armtools/bin/../lib/gcc/arm-atollic-eabi/6.3.1/armv6-m/crtend.o
LOAD d:/program files (x86)/atollic/truestudio for arm 8.0.0/armtools/bin/../lib/gcc/arm-atollic-eabi/6.3.1/armv6-m/crtn.o
                0x20002000                _estack = 0x20002000
                0x00000200                _Min_Heap_Size = 0x200
                0x00000400                _Min_Stack_Size = 0x400

.isr_vector     0x08000000       0xc0
                0x08000000                . = ALIGN (0x4)
 *(.isr_vector)
 .isr_vector    0x08000000       0xc0 startup\startup_stm32f051x8.o
                0x08000000                g_pfnVectors
                0x080000c0                . = ALIGN (0x4)

.text           0x080000c0     0x26c8
                0x080000c0                . = ALIGN (0x4)
 *(.text)
 .text          0x080000c0       0x48 d:/program files (x86)/atollic/truestudio for arm 8.0.0/armtools/bin/../lib/gcc/arm-atollic-eabi/6.3.1/armv6-m/crtbegin.o
 .text          0x08000108       0x14 d:/program files (x86)/atollic/truestudio for arm 8.0.0/armtools/bin/../lib/gcc/arm-atollic-eabi/6.3.1/../../../../arm-atollic-eabi/lib/armv6-m\libc_nano.a(lib_a-strcmp.o)
                0x08000108                strcmp
 .text          0x0800011c        0xe d:/program files (x86)/atollic/truestudio for arm 8.0.0/armtools/bin/../lib/gcc/arm-atollic-eabi/6.3.1/../../../../arm-atollic-eabi/lib/armv6-m\libc_nano.a(lib_a-strlen.o)
                0x0800011c                strlen
 *fill*         0x0800012a        0x2 
 .text          0x0800012c       0x14 d:/program files (x86)/atollic/truestudio for arm 8.0.0/armtools/bin/../lib/gcc/arm-atollic-eabi/6.3.1/armv6-m\libgcc.a(_thumb1_case_sqi.o)
                0x0800012c                __gnu_thumb1_case_sqi
 .text          0x08000140       0x14 d:/program files (x86)/atollic/truestudio for arm 8.0.0/armtools/bin/../lib/gcc/arm-atollic-eabi/6.3.1/armv6-m\libgcc.a(_thumb1_case_uqi.o)
                0x08000140                __gnu_thumb1_case_uqi
 .text          0x08000154      0x114 d:/program files (x86)/atollic/truestudio for arm 8.0.0/armtools/bin/../lib/gcc/arm-atollic-eabi/6.3.1/armv6-m\libgcc.a(_udivsi3.o)
                0x08000154                __aeabi_uidiv
                0x08000154                __udivsi3
                0x08000260                __aeabi_uidivmod
 .text          0x08000268        0x4 d:/program files (x86)/atollic/truestudio for arm 8.0.0/armtools/bin/../lib/gcc/arm-atollic-eabi/6.3.1/armv6-m\libgcc.a(_dvmd_tls.o)
                0x08000268                __aeabi_idiv0
                0x08000268                __aeabi_ldiv0
 *(.text*)
 .text.HAL_InitTick
                0x0800026c       0x24 Drivers\STM32F0xx_HAL_Driver\Src\stm32f0xx_hal.o
                0x0800026c                HAL_InitTick
 .text.HAL_Init
                0x08000290       0x20 Drivers\STM32F0xx_HAL_Driver\Src\stm32f0xx_hal.o
                0x08000290                HAL_Init
 .text.HAL_IncTick
                0x080002b0       0x10 Drivers\STM32F0xx_HAL_Driver\Src\stm32f0xx_hal.o
                0x080002b0                HAL_IncTick
 .text.HAL_GetTick
                0x080002c0        0xc Drivers\STM32F0xx_HAL_Driver\Src\stm32f0xx_hal.o
                0x080002c0                HAL_GetTick
 .text.HAL_Delay
                0x080002cc       0x20 Drivers\STM32F0xx_HAL_Driver\Src\stm32f0xx_hal.o
                0x080002cc                HAL_Delay
 .text.HAL_NVIC_SetPriority
                0x080002ec       0x60 Drivers\STM32F0xx_HAL_Driver\Src\stm32f0xx_hal_cortex.o
                0x080002ec                HAL_NVIC_SetPriority
 .text.HAL_NVIC_EnableIRQ
                0x0800034c       0x14 Drivers\STM32F0xx_HAL_Driver\Src\stm32f0xx_hal_cortex.o
                0x0800034c                HAL_NVIC_EnableIRQ
 .text.HAL_SYSTICK_Config
                0x08000360       0x34 Drivers\STM32F0xx_HAL_Driver\Src\stm32f0xx_hal_cortex.o
                0x08000360                HAL_SYSTICK_Config
 .text.HAL_SYSTICK_CLKSourceConfig
                0x08000394       0x1c Drivers\STM32F0xx_HAL_Driver\Src\stm32f0xx_hal_cortex.o
                0x08000394                HAL_SYSTICK_CLKSourceConfig
 .text.HAL_DMA_Abort_IT
                0x080003b0       0x46 Drivers\STM32F0xx_HAL_Driver\Src\stm32f0xx_hal_dma.o
                0x080003b0                HAL_DMA_Abort_IT
 *fill*         0x080003f6        0x2 
 .text.HAL_GPIO_Init
                0x080003f8      0x160 Drivers\STM32F0xx_HAL_Driver\Src\stm32f0xx_hal_gpio.o
                0x080003f8                HAL_GPIO_Init
 .text.HAL_GPIO_DeInit
                0x08000558       0xdc Drivers\STM32F0xx_HAL_Driver\Src\stm32f0xx_hal_gpio.o
                0x08000558                HAL_GPIO_DeInit
 .text.HAL_GPIO_ReadPin
                0x08000634        0xc Drivers\STM32F0xx_HAL_Driver\Src\stm32f0xx_hal_gpio.o
                0x08000634                HAL_GPIO_ReadPin
 .text.HAL_GPIO_WritePin
                0x08000640        0xc Drivers\STM32F0xx_HAL_Driver\Src\stm32f0xx_hal_gpio.o
                0x08000640                HAL_GPIO_WritePin
 .text.HAL_GPIO_TogglePin
                0x0800064c        0x8 Drivers\STM32F0xx_HAL_Driver\Src\stm32f0xx_hal_gpio.o
                0x0800064c                HAL_GPIO_TogglePin
 .text.HAL_RCC_OscConfig
                0x08000654      0x3c4 Drivers\STM32F0xx_HAL_Driver\Src\stm32f0xx_hal_rcc.o
                0x08000654                HAL_RCC_OscConfig
 .text.HAL_RCC_GetSysClockFreq
                0x08000a18       0x64 Drivers\STM32F0xx_HAL_Driver\Src\stm32f0xx_hal_rcc.o
                0x08000a18                HAL_RCC_GetSysClockFreq
 .text.HAL_RCC_ClockConfig
                0x08000a7c      0x12c Drivers\STM32F0xx_HAL_Driver\Src\stm32f0xx_hal_rcc.o
                0x08000a7c                HAL_RCC_ClockConfig
 .text.HAL_RCC_GetHCLKFreq
                0x08000ba8        0xc Drivers\STM32F0xx_HAL_Driver\Src\stm32f0xx_hal_rcc.o
                0x08000ba8                HAL_RCC_GetHCLKFreq
 .text.HAL_RCC_GetPCLK1Freq
                0x08000bb4       0x20 Drivers\STM32F0xx_HAL_Driver\Src\stm32f0xx_hal_rcc.o
                0x08000bb4                HAL_RCC_GetPCLK1Freq
 .text.HAL_RCCEx_PeriphCLKConfig
                0x08000bd4      0x118 Drivers\STM32F0xx_HAL_Driver\Src\stm32f0xx_hal_rcc_ex.o
                0x08000bd4                HAL_RCCEx_PeriphCLKConfig
 .text.UART_EndRxTransfer
                0x08000cec       0x20 Drivers\STM32F0xx_HAL_Driver\Src\stm32f0xx_hal_uart.o
 .text.HAL_UART_DeInit
                0x08000d0c       0x3a Drivers\STM32F0xx_HAL_Driver\Src\stm32f0xx_hal_uart.o
                0x08000d0c                HAL_UART_DeInit
 .text.HAL_UART_Transmit_IT
                0x08000d46       0x5c Drivers\STM32F0xx_HAL_Driver\Src\stm32f0xx_hal_uart.o
                0x08000d46                HAL_UART_Transmit_IT
 *fill*         0x08000da2        0x2 
 .text.HAL_UART_Receive_IT
                0x08000da4       0x94 Drivers\STM32F0xx_HAL_Driver\Src\stm32f0xx_hal_uart.o
                0x08000da4                HAL_UART_Receive_IT
 .text.HAL_UART_ErrorCallback
                0x08000e38        0x2 Drivers\STM32F0xx_HAL_Driver\Src\stm32f0xx_hal_uart.o
                0x08000e38                HAL_UART_ErrorCallback
 .text.UART_DMAAbortOnError
                0x08000e3a       0x16 Drivers\STM32F0xx_HAL_Driver\Src\stm32f0xx_hal_uart.o
 .text.HAL_UART_GetState
                0x08000e50        0xe Drivers\STM32F0xx_HAL_Driver\Src\stm32f0xx_hal_uart.o
                0x08000e50                HAL_UART_GetState
 *fill*         0x08000e5e        0x2 
 .text.UART_SetConfig
                0x08000e60      0x134 Drivers\STM32F0xx_HAL_Driver\Src\stm32f0xx_hal_uart.o
                0x08000e60                UART_SetConfig
 .text.UART_AdvFeatureConfig
                0x08000f94       0xd0 Drivers\STM32F0xx_HAL_Driver\Src\stm32f0xx_hal_uart.o
                0x08000f94                UART_AdvFeatureConfig
 .text.UART_WaitOnFlagUntilTimeout
                0x08001064       0x64 Drivers\STM32F0xx_HAL_Driver\Src\stm32f0xx_hal_uart.o
                0x08001064                UART_WaitOnFlagUntilTimeout
 .text.UART_CheckIdleState
                0x080010c8       0x70 Drivers\STM32F0xx_HAL_Driver\Src\stm32f0xx_hal_uart.o
                0x080010c8                UART_CheckIdleState
 .text.HAL_UART_Init
                0x08001138       0x6c Drivers\STM32F0xx_HAL_Driver\Src\stm32f0xx_hal_uart.o
                0x08001138                HAL_UART_Init
 .text.UART_Transmit_IT
                0x080011a4       0x64 Drivers\STM32F0xx_HAL_Driver\Src\stm32f0xx_hal_uart.o
                0x080011a4                UART_Transmit_IT
 .text.UART_EndTransmit_IT
                0x08001208       0x1c Drivers\STM32F0xx_HAL_Driver\Src\stm32f0xx_hal_uart.o
                0x08001208                UART_EndTransmit_IT
 .text.UART_Receive_IT
                0x08001224       0x7c Drivers\STM32F0xx_HAL_Driver\Src\stm32f0xx_hal_uart.o
                0x08001224                UART_Receive_IT
 .text.HAL_UART_IRQHandler
                0x080012a0      0x138 Drivers\STM32F0xx_HAL_Driver\Src\stm32f0xx_hal_uart.o
                0x080012a0                HAL_UART_IRQHandler
 .text.HAL_UARTEx_WakeupCallback
                0x080013d8        0x2 Drivers\STM32F0xx_HAL_Driver\Src\stm32f0xx_hal_uart_ex.o
                0x080013d8                HAL_UARTEx_WakeupCallback
 .text.osSystickHandler
                0x080013da       0x10 Middlewares\Third_Party\FreeRTOS\Source\CMSIS_RTOS\cmsis_os.o
                0x080013da                osSystickHandler
 .text.vListInitialise
                0x080013ea       0x16 Middlewares\Third_Party\FreeRTOS\Source\list.o
                0x080013ea                vListInitialise
 .text.vListInitialiseItem
                0x08001400        0x6 Middlewares\Third_Party\FreeRTOS\Source\list.o
                0x08001400                vListInitialiseItem
 .text.vListInsertEnd
                0x08001406       0x18 Middlewares\Third_Party\FreeRTOS\Source\list.o
                0x08001406                vListInsertEnd
 .text.vListInsert
                0x0800141e       0x2e Middlewares\Third_Party\FreeRTOS\Source\list.o
                0x0800141e                vListInsert
 .text.uxListRemove
                0x0800144c       0x20 Middlewares\Third_Party\FreeRTOS\Source\list.o
                0x0800144c                uxListRemove
 .text.prvTaskExitError
                0x0800146c       0x14 Middlewares\Third_Party\FreeRTOS\Source\portable\GCC\ARM_CM0\port.o
 .text.vPortStartFirstTask
                0x08001480       0x34 Middlewares\Third_Party\FreeRTOS\Source\portable\GCC\ARM_CM0\port.o
 .text.pxPortInitialiseStack
                0x080014b4       0x20 Middlewares\Third_Party\FreeRTOS\Source\portable\GCC\ARM_CM0\port.o
                0x080014b4                pxPortInitialiseStack
 .text.SVC_Handler
                0x080014d4        0x2 Middlewares\Third_Party\FreeRTOS\Source\portable\GCC\ARM_CM0\port.o
                0x080014d4                SVC_Handler
 *fill*         0x080014d6        0x2 
 .text.vPortYield
                0x080014d8       0x18 Middlewares\Third_Party\FreeRTOS\Source\portable\GCC\ARM_CM0\port.o
                0x080014d8                vPortYield
 .text.vPortEnterCritical
                0x080014f0       0x18 Middlewares\Third_Party\FreeRTOS\Source\portable\GCC\ARM_CM0\port.o
                0x080014f0                vPortEnterCritical
 .text.vPortExitCritical
                0x08001508       0x1c Middlewares\Third_Party\FreeRTOS\Source\portable\GCC\ARM_CM0\port.o
                0x08001508                vPortExitCritical
 .text.ulSetInterruptMaskFromISR
                0x08001524        0xa Middlewares\Third_Party\FreeRTOS\Source\portable\GCC\ARM_CM0\port.o
                0x08001524                ulSetInterruptMaskFromISR
 .text.vClearInterruptMaskFromISR
                0x0800152e        0x6 Middlewares\Third_Party\FreeRTOS\Source\portable\GCC\ARM_CM0\port.o
                0x0800152e                vClearInterruptMaskFromISR
 *fill*         0x08001534        0xc 
 .text.PendSV_Handler
                0x08001540       0x44 Middlewares\Third_Party\FreeRTOS\Source\portable\GCC\ARM_CM0\port.o
                0x08001540                PendSV_Handler
 .text.xPortSysTickHandler
                0x08001584       0x24 Middlewares\Third_Party\FreeRTOS\Source\portable\GCC\ARM_CM0\port.o
                0x08001584                xPortSysTickHandler
 .text.vPortSetupTimerInterrupt
                0x080015a8       0x28 Middlewares\Third_Party\FreeRTOS\Source\portable\GCC\ARM_CM0\port.o
                0x080015a8                vPortSetupTimerInterrupt
 .text.xPortStartScheduler
                0x080015d0       0x34 Middlewares\Third_Party\FreeRTOS\Source\portable\GCC\ARM_CM0\port.o
                0x080015d0                xPortStartScheduler
 .text.unlikely.prvInsertBlockIntoFreeList
                0x08001604       0x48 Middlewares\Third_Party\FreeRTOS\Source\portable\MemMang\heap_4.o
 .text.pvPortMalloc
                0x0800164c      0x104 Middlewares\Third_Party\FreeRTOS\Source\portable\MemMang\heap_4.o
                0x0800164c                pvPortMalloc
 .text.vPortFree
                0x08001750       0x48 Middlewares\Third_Party\FreeRTOS\Source\portable\MemMang\heap_4.o
                0x08001750                vPortFree
 .text.prvResetNextTaskUnblockTime
                0x08001798       0x28 Middlewares\Third_Party\FreeRTOS\Source\tasks.o
 .text.prvAddCurrentTaskToDelayedList
                0x080017c0       0x70 Middlewares\Third_Party\FreeRTOS\Source\tasks.o
 .text.xTaskCreate
                0x08001830      0x188 Middlewares\Third_Party\FreeRTOS\Source\tasks.o
                0x08001830                xTaskCreate
 .text.vTaskStartScheduler
                0x080019b8       0x54 Middlewares\Third_Party\FreeRTOS\Source\tasks.o
                0x080019b8                vTaskStartScheduler
 .text.vTaskSuspendAll
                0x08001a0c       0x10 Middlewares\Third_Party\FreeRTOS\Source\tasks.o
                0x08001a0c                vTaskSuspendAll
 .text.xTaskIncrementTick
                0x08001a1c       0xfc Middlewares\Third_Party\FreeRTOS\Source\tasks.o
                0x08001a1c                xTaskIncrementTick
 .text.xTaskResumeAll
                0x08001b18       0xd0 Middlewares\Third_Party\FreeRTOS\Source\tasks.o
                0x08001b18                xTaskResumeAll
 .text.vTaskDelay
                0x08001be8       0x34 Middlewares\Third_Party\FreeRTOS\Source\tasks.o
                0x08001be8                vTaskDelay
 .text.prvIdleTask
                0x08001c1c       0x68 Middlewares\Third_Party\FreeRTOS\Source\tasks.o
 .text.vTaskSwitchContext
                0x08001c84       0x6c Middlewares\Third_Party\FreeRTOS\Source\tasks.o
                0x08001c84                vTaskSwitchContext
 .text.xTaskGetSchedulerState
                0x08001cf0       0x20 Middlewares\Third_Party\FreeRTOS\Source\tasks.o
                0x08001cf0                xTaskGetSchedulerState
 .text.sendDataUART
                0x08001d10       0x4c Src\Application\Drone_App.o
                0x08001d10                sendDataUART
 .text.receiveDataUART
                0x08001d5c       0x54 Src\Application\Drone_App.o
                0x08001d5c                receiveDataUART
 .text.taskCreation
                0x08001db0       0x38 Src\Application\Drone_App.o
                0x08001db0                taskCreation
 .text.SystemClock_Config
                0x08001de8       0x6c Src\Application\Drone_App.o
                0x08001de8                SystemClock_Config
 .text.systemInit
                0x08001e54       0x20 Src\Application\Drone_App.o
                0x08001e54                systemInit
 .text.InitGPIOClock
                0x08001e74       0xb0 Src\HAL\GPIO\base\GPIO.o
                0x08001e74                InitGPIOClock
 .text.GPIOWrite
                0x08001f24       0x30 Src\HAL\GPIO\base\GPIO.o
                0x08001f24                GPIOWrite
 .text.GPIOInit
                0x08001f54       0x44 Src\HAL\GPIO\base\GPIO.o
                0x08001f54                GPIOInit
 .text.GPIORead
                0x08001f98       0x18 Src\HAL\GPIO\base\GPIO.o
                0x08001f98                GPIORead
 .text.uartInterruptHandler
                0x08001fb0       0x20 Src\HAL\Uart\base\uart.o
                0x08001fb0                uartInterruptHandler
 .text.uartInit
                0x08001fd0       0x8c Src\HAL\Uart\base\uart.o
                0x08001fd0                uartInit
 .text.uartStart
                0x0800205c       0x58 Src\HAL\Uart\base\uart.o
                0x0800205c                uartStart
 .text.uartRead
                0x080020b4       0x60 Src\HAL\Uart\base\uart.o
                0x080020b4                uartRead
 .text.uartWrite
                0x08002114       0x3c Src\HAL\Uart\base\uart.o
                0x08002114                uartWrite
 .text.HAL_UART_TxCpltCallback
                0x08002150        0x2 Src\HAL\Uart\base\uart.o
                0x08002150                HAL_UART_TxCpltCallback
 *fill*         0x08002152        0x2 
 .text.HAL_UART_RxCpltCallback
                0x08002154       0x74 Src\HAL\Uart\base\uart.o
                0x08002154                HAL_UART_RxCpltCallback
 .text.interruptsInit
                0x080021c8       0x24 Src\HAL\interrupts\base\interrupts.o
                0x080021c8                interruptsInit
 .text.interruptsStart
                0x080021ec       0x28 Src\HAL\interrupts\base\interrupts.o
                0x080021ec                interruptsStart
 .text.HAL_UART1_IRQ
                0x08002214        0xa Src\HAL\interrupts\custom\interrupts_map.o
                0x08002214                HAL_UART1_IRQ
 .text.HAL_UART2_IRQ
                0x0800221e        0xa Src\HAL\interrupts\custom\interrupts_map.o
                0x0800221e                HAL_UART2_IRQ
 .text.EXTI0_1_IRQHandler
                0x08002228        0x2 Src\HAL\interrupts\custom\interrupts_map.o
                0x08002228                EXTI0_1_IRQHandler
 *fill*         0x0800222a        0x2 
 .text.initStructs
                0x0800222c       0xa8 Src\Middleware\BridgeMode.o
                0x0800222c                initStructs
 .text.enterBridgeMode
                0x080022d4      0x1c8 Src\Middleware\BridgeMode.o
                0x080022d4                enterBridgeMode
 .text.CreateFIFO
                0x0800249c        0xe Src\Tools\CircularBuffer\CircularBuffer.o
                0x0800249c                CreateFIFO
 .text.ResetFIFO
                0x080024aa        0xa Src\Tools\CircularBuffer\CircularBuffer.o
                0x080024aa                ResetFIFO
 .text.GetFIFOByte
                0x080024b4       0x20 Src\Tools\CircularBuffer\CircularBuffer.o
                0x080024b4                GetFIFOByte
 .text.AddFIFOByte
                0x080024d4       0x20 Src\Tools\CircularBuffer\CircularBuffer.o
                0x080024d4                AddFIFOByte
 .text.GetFIFOPendingBytes
                0x080024f4        0x4 Src\Tools\CircularBuffer\CircularBuffer.o
                0x080024f4                GetFIFOPendingBytes
 .text.GetFIFOFreeBytes
                0x080024f8        0xa Src\Tools\CircularBuffer\CircularBuffer.o
                0x080024f8                GetFIFOFreeBytes
 .text.initString
                0x08002502       0x10 Src\Tools\Strings\Strings.o
                0x08002502                initString
 .text.searchChar
                0x08002512       0x1c Src\Tools\Strings\Strings.o
                0x08002512                searchChar
 .text.startup.main
                0x0800252e       0x10 Src\main.o
                0x0800252e                main
 *fill*         0x0800253e        0x2 
 .text.HAL_MspInit
                0x08002540       0x3c Src\stm32f0xx_hal_msp.o
                0x08002540                HAL_MspInit
 .text.HAL_UART_MspInit
                0x0800257c       0x60 Src\stm32f0xx_hal_msp.o
                0x0800257c                HAL_UART_MspInit
 .text.HAL_UART_MspDeInit
                0x080025dc       0x2c Src\stm32f0xx_hal_msp.o
                0x080025dc                HAL_UART_MspDeInit
 .text.NMI_Handler
                0x08002608        0x2 Src\stm32f0xx_it.o
                0x08002608                NMI_Handler
 .text.HardFault_Handler
                0x0800260a        0x2 Src\stm32f0xx_it.o
                0x0800260a                HardFault_Handler
 .text.SysTick_Handler
                0x0800260c        0xc Src\stm32f0xx_it.o
                0x0800260c                SysTick_Handler
 .text.USART1_IRQHandler
                0x08002618        0x8 Src\stm32f0xx_it.o
                0x08002618                USART1_IRQHandler
 .text.USART2_IRQHandler
                0x08002620        0x8 Src\stm32f0xx_it.o
                0x08002620                USART2_IRQHandler
 .text.SystemInit
                0x08002628       0x60 Src\system_stm32f0xx.o
                0x08002628                SystemInit
 .text.Reset_Handler
                0x08002688       0x50 startup\startup_stm32f051x8.o
                0x08002688                Reset_Handler
 .text.Default_Handler
                0x080026d8        0x2 startup\startup_stm32f051x8.o
                0x080026d8                TIM1_CC_IRQHandler
                0x080026d8                TSC_IRQHandler
                0x080026d8                ADC1_COMP_IRQHandler
                0x080026d8                PVD_IRQHandler
                0x080026d8                I2C1_IRQHandler
                0x080026d8                RCC_CRS_IRQHandler
                0x080026d8                SPI1_IRQHandler
                0x080026d8                TIM6_DAC_IRQHandler
                0x080026d8                EXTI2_3_IRQHandler
                0x080026d8                I2C2_IRQHandler
                0x080026d8                TIM17_IRQHandler
                0x080026d8                CEC_CAN_IRQHandler
                0x080026d8                RTC_IRQHandler
                0x080026d8                TIM16_IRQHandler
                0x080026d8                TIM3_IRQHandler
                0x080026d8                EXTI4_15_IRQHandler
                0x080026d8                DMA1_Channel1_IRQHandler
                0x080026d8                Default_Handler
                0x080026d8                TIM14_IRQHandler
                0x080026d8                DMA1_Channel4_5_IRQHandler
                0x080026d8                TIM15_IRQHandler
                0x080026d8                SPI2_IRQHandler
                0x080026d8                WWDG_IRQHandler
                0x080026d8                TIM2_IRQHandler
                0x080026d8                DMA1_Channel2_3_IRQHandler
                0x080026d8                FLASH_IRQHandler
                0x080026d8                TIM1_BRK_UP_TRG_COM_IRQHandler
 *fill*         0x080026da        0x2 
 .text.__libc_init_array
                0x080026dc       0x48 d:/program files (x86)/atollic/truestudio for arm 8.0.0/armtools/bin/../lib/gcc/arm-atollic-eabi/6.3.1/../../../../arm-atollic-eabi/lib/armv6-m\libc_nano.a(lib_a-init.o)
                0x080026dc                __libc_init_array
 .text.memcpy   0x08002724       0x12 d:/program files (x86)/atollic/truestudio for arm 8.0.0/armtools/bin/../lib/gcc/arm-atollic-eabi/6.3.1/../../../../arm-atollic-eabi/lib/armv6-m\libc_nano.a(lib_a-memcpy-stub.o)
                0x08002724                memcpy
 .text.strcpy   0x08002736       0x10 d:/program files (x86)/atollic/truestudio for arm 8.0.0/armtools/bin/../lib/gcc/arm-atollic-eabi/6.3.1/../../../../arm-atollic-eabi/lib/armv6-m\libc_nano.a(lib_a-strcpy.o)
                0x08002736                strcpy
 .text.strncpy  0x08002746       0x2a d:/program files (x86)/atollic/truestudio for arm 8.0.0/armtools/bin/../lib/gcc/arm-atollic-eabi/6.3.1/../../../../arm-atollic-eabi/lib/armv6-m\libc_nano.a(lib_a-strncpy.o)
                0x08002746                strncpy
 *(.glue_7)
 .glue_7        0x08002770        0x0 linker stubs
 *(.glue_7t)
 .glue_7t       0x08002770        0x0 linker stubs
 *(.eh_frame)
 .eh_frame      0x08002770        0x0 d:/program files (x86)/atollic/truestudio for arm 8.0.0/armtools/bin/../lib/gcc/arm-atollic-eabi/6.3.1/armv6-m/crtbegin.o
 *(.init)
 .init          0x08002770        0x4 d:/program files (x86)/atollic/truestudio for arm 8.0.0/armtools/bin/../lib/gcc/arm-atollic-eabi/6.3.1/armv6-m/crti.o
                0x08002770                _init
 .init          0x08002774        0x8 d:/program files (x86)/atollic/truestudio for arm 8.0.0/armtools/bin/../lib/gcc/arm-atollic-eabi/6.3.1/armv6-m/crtn.o
 *(.fini)
 .fini          0x0800277c        0x4 d:/program files (x86)/atollic/truestudio for arm 8.0.0/armtools/bin/../lib/gcc/arm-atollic-eabi/6.3.1/armv6-m/crti.o
                0x0800277c                _fini
 .fini          0x08002780        0x8 d:/program files (x86)/atollic/truestudio for arm 8.0.0/armtools/bin/../lib/gcc/arm-atollic-eabi/6.3.1/armv6-m/crtn.o
                0x08002788                . = ALIGN (0x4)
                0x08002788                _etext = .

.vfp11_veneer   0x08002788        0x0
 .vfp11_veneer  0x08002788        0x0 linker stubs

.v4_bx          0x08002788        0x0
 .v4_bx         0x08002788        0x0 linker stubs

.iplt           0x08002788        0x0
 .iplt          0x08002788        0x0 d:/program files (x86)/atollic/truestudio for arm 8.0.0/armtools/bin/../lib/gcc/arm-atollic-eabi/6.3.1/armv6-m/crtbegin.o

.rodata         0x08002788      0x160
                0x08002788                . = ALIGN (0x4)
 *(.rodata)
 .rodata        0x08002788       0x20 Drivers\STM32F0xx_HAL_Driver\Src\stm32f0xx_hal_rcc.o
 *(.rodata*)
 .rodata.CSWTCH.50
                0x080027a8        0x4 Drivers\STM32F0xx_HAL_Driver\Src\stm32f0xx_hal_uart.o
 .rodata.vTaskStartScheduler.str1.1
                0x080027ac        0x5 Middlewares\Third_Party\FreeRTOS\Source\tasks.o
 .rodata.sendDataUART.str1.1
                0x080027b1        0xf Src\Application\Drone_App.o
 .rodata.taskCreation.str1.1
                0x080027c0       0x1d Src\Application\Drone_App.o
 *fill*         0x080027dd        0x3 
 .rodata.GPIOInstanceMap
                0x080027e0       0x80 Src\HAL\GPIO\custom\GPIO_map.o
                0x080027e0                GPIOInstanceMap
 .rodata.UARTInstanceMap
                0x08002860       0x58 Src\HAL\Uart\custom\uart_map.o
                0x08002860                UARTInstanceMap
 .rodata.enterBridgeMode.str1.1
                0x080028b8       0x16 Src\Middleware\BridgeMode.o
                                 0x25 (size before relaxing)
 .rodata.AHBPrescTable
                0x080028ce       0x10 Src\system_stm32f0xx.o
                0x080028ce                AHBPrescTable
 .rodata.APBPrescTable
                0x080028de        0x8 Src\system_stm32f0xx.o
                0x080028de                APBPrescTable
                0x080028e8                . = ALIGN (0x4)
 *fill*         0x080028e6        0x2 

.rel.dyn        0x080028e8        0x0
 .rel.iplt      0x080028e8        0x0 d:/program files (x86)/atollic/truestudio for arm 8.0.0/armtools/bin/../lib/gcc/arm-atollic-eabi/6.3.1/armv6-m/crtbegin.o

.ARM.extab
 *(.ARM.extab* .gnu.linkonce.armextab.*)

.ARM            0x080028e8        0x0
                0x080028e8                __exidx_start = .
 *(.ARM.exidx*)
                0x080028e8                __exidx_end = .

.preinit_array  0x080028e8        0x0
                0x080028e8                PROVIDE (__preinit_array_start, .)
 *(.preinit_array*)
                0x080028e8                PROVIDE (__preinit_array_end, .)

.init_array     0x080028e8        0x4
                0x080028e8                PROVIDE (__init_array_start, .)
 *(SORT(.init_array.*))
 *(.init_array*)
 .init_array    0x080028e8        0x4 d:/program files (x86)/atollic/truestudio for arm 8.0.0/armtools/bin/../lib/gcc/arm-atollic-eabi/6.3.1/armv6-m/crtbegin.o
                0x080028ec                PROVIDE (__init_array_end, .)

.fini_array     0x080028ec        0x4
                [!provide]                PROVIDE (__fini_array_start, .)
 *(SORT(.fini_array.*))
 *(.fini_array*)
 .fini_array    0x080028ec        0x4 d:/program files (x86)/atollic/truestudio for arm 8.0.0/armtools/bin/../lib/gcc/arm-atollic-eabi/6.3.1/armv6-m/crtbegin.o
                [!provide]                PROVIDE (__fini_array_end, .)
                0x080028f0                _sidata = LOADADDR (.data)

.data           0x20000000       0x14 load address 0x080028f0
                0x20000000                . = ALIGN (0x4)
                0x20000000                _sdata = .
 *(.data)
 *(.data*)
 .data.uxCriticalNesting
                0x20000000        0x4 Middlewares\Third_Party\FreeRTOS\Source\portable\GCC\ARM_CM0\port.o
 .data.interruptsInstanceMap
                0x20000004        0xc Src\HAL\interrupts\custom\interrupts_map.o
                0x20000004                interruptsInstanceMap
 .data.SystemCoreClock
                0x20000010        0x4 Src\system_stm32f0xx.o
                0x20000010                SystemCoreClock
                0x20000014                . = ALIGN (0x4)
                0x20000014                _edata = .

.igot.plt       0x20000014        0x0 load address 0x08002904
 .igot.plt      0x20000014        0x0 d:/program files (x86)/atollic/truestudio for arm 8.0.0/armtools/bin/../lib/gcc/arm-atollic-eabi/6.3.1/armv6-m/crtbegin.o
                0x20000014                . = ALIGN (0x4)

.bss            0x20000014     0x1550 load address 0x08002904
                0x20000014                _sbss = .
                0x20000014                __bss_start__ = _sbss
 *(.bss)
 .bss           0x20000014       0x1c d:/program files (x86)/atollic/truestudio for arm 8.0.0/armtools/bin/../lib/gcc/arm-atollic-eabi/6.3.1/armv6-m/crtbegin.o
 *(.bss*)
 .bss.pxEnd     0x20000030        0x4 Middlewares\Third_Party\FreeRTOS\Source\portable\MemMang\heap_4.o
 .bss.ucHeap    0x20000034      0xc00 Middlewares\Third_Party\FreeRTOS\Source\portable\MemMang\heap_4.o
 .bss.xBlockAllocatedBit
                0x20000c34        0x4 Middlewares\Third_Party\FreeRTOS\Source\portable\MemMang\heap_4.o
 .bss.xFreeBytesRemaining
                0x20000c38        0x4 Middlewares\Third_Party\FreeRTOS\Source\portable\MemMang\heap_4.o
 .bss.xMinimumEverFreeBytesRemaining
                0x20000c3c        0x4 Middlewares\Third_Party\FreeRTOS\Source\portable\MemMang\heap_4.o
 .bss.xStart    0x20000c40        0x8 Middlewares\Third_Party\FreeRTOS\Source\portable\MemMang\heap_4.o
 .bss.pxCurrentTCB
                0x20000c48        0x4 Middlewares\Third_Party\FreeRTOS\Source\tasks.o
                0x20000c48                pxCurrentTCB
 .bss.pxDelayedTaskList
                0x20000c4c        0x4 Middlewares\Third_Party\FreeRTOS\Source\tasks.o
 .bss.pxOverflowDelayedTaskList
                0x20000c50        0x4 Middlewares\Third_Party\FreeRTOS\Source\tasks.o
 .bss.pxReadyTasksLists
                0x20000c54       0x8c Middlewares\Third_Party\FreeRTOS\Source\tasks.o
 .bss.uxCurrentNumberOfTasks
                0x20000ce0        0x4 Middlewares\Third_Party\FreeRTOS\Source\tasks.o
 .bss.uxDeletedTasksWaitingCleanUp
                0x20000ce4        0x4 Middlewares\Third_Party\FreeRTOS\Source\tasks.o
 .bss.uxPendedTicks
                0x20000ce8        0x4 Middlewares\Third_Party\FreeRTOS\Source\tasks.o
 .bss.uxSchedulerSuspended
                0x20000cec        0x4 Middlewares\Third_Party\FreeRTOS\Source\tasks.o
 .bss.uxTaskNumber
                0x20000cf0        0x4 Middlewares\Third_Party\FreeRTOS\Source\tasks.o
 .bss.uxTopReadyPriority
                0x20000cf4        0x4 Middlewares\Third_Party\FreeRTOS\Source\tasks.o
 .bss.xDelayedTaskList1
                0x20000cf8       0x14 Middlewares\Third_Party\FreeRTOS\Source\tasks.o
 .bss.xDelayedTaskList2
                0x20000d0c       0x14 Middlewares\Third_Party\FreeRTOS\Source\tasks.o
 .bss.xIdleTaskHandle
                0x20000d20        0x4 Middlewares\Third_Party\FreeRTOS\Source\tasks.o
 .bss.xNextTaskUnblockTime
                0x20000d24        0x4 Middlewares\Third_Party\FreeRTOS\Source\tasks.o
 .bss.xNumOfOverflows
                0x20000d28        0x4 Middlewares\Third_Party\FreeRTOS\Source\tasks.o
 .bss.xPendingReadyList
                0x20000d2c       0x14 Middlewares\Third_Party\FreeRTOS\Source\tasks.o
 .bss.xSchedulerRunning
                0x20000d40        0x4 Middlewares\Third_Party\FreeRTOS\Source\tasks.o
 .bss.xSuspendedTaskList
                0x20000d44       0x14 Middlewares\Third_Party\FreeRTOS\Source\tasks.o
 .bss.xTasksWaitingTermination
                0x20000d58       0x14 Middlewares\Third_Party\FreeRTOS\Source\tasks.o
 .bss.xTickCount
                0x20000d6c        0x4 Middlewares\Third_Party\FreeRTOS\Source\tasks.o
 .bss.xYieldPending
                0x20000d70        0x4 Middlewares\Third_Party\FreeRTOS\Source\tasks.o
 .bss.pushed    0x20000d74        0x1 Src\Application\Drone_App.o
                0x20000d74                pushed
 *fill*         0x20000d75        0x3 
 .bss.UART_RX_CP
                0x20000d78        0x4 Src\HAL\Uart\base\uart.o
                0x20000d78                UART_RX_CP
 .bss.tiempo    0x20000d7c        0x1 Src\HAL\Uart\base\uart.o
                0x20000d7c                tiempo
 .bss.uartPortIRQ
                0x20000d7d        0x1 Src\HAL\Uart\base\uart.o
 .bss.Disparo   0x20000d7e       0x14 Src\Middleware\BridgeMode.o
 .bss.Led       0x20000d92        0xe Src\Middleware\BridgeMode.o
 .bss.Muerto    0x20000da0       0x14 Src\Middleware\BridgeMode.o
 *(COMMON)
 COMMON         0x20000db4        0x4 Drivers\STM32F0xx_HAL_Driver\Src\stm32f0xx_hal.o
                0x20000db4                uwTick
 COMMON         0x20000db8       0xca Src\Application\Drone_App.o
                0x20000db8                SerialRXBuffer
                0x20000dea                IRDA_TO_UART_CP
                0x20000deb                SerialTXBuffer
                0x20000e1d                IrDARXBuffer
                0x20000e4f                UART_TO_IRDA_CP
                0x20000e50                IrDATXBuffer
 *fill*         0x20000e82        0x2 
 COMMON         0x20000e84      0x111 Src\HAL\Uart\base\uart.o
                0x20000e84                uartCircularBuffers
                0x20000eb4                uartHandlers
                0x20000f94                RxByte
 COMMON         0x20000f95      0x5cc Src\HAL\Uart\custom\uart_map.o
                0x20000f95                usart1TxBuffer
                0x20001095                usart2RxBuffer
                0x200010f9                usart2TxBuffer
                0x200014fd                usart1RxBuffer
                0x20001564                . = ALIGN (0x4)
 *fill*         0x20001561        0x3 
                0x20001564                _ebss = .
                0x20001564                __bss_end__ = _ebss

._user_heap_stack
                0x20001564      0x600 load address 0x08002904
                0x20001564                . = ALIGN (0x4)
                [!provide]                PROVIDE (end, .)
                [!provide]                PROVIDE (_end, .)
                0x20001764                . = (. + _Min_Heap_Size)
 *fill*         0x20001564      0x200 
                0x20001b64                . = (. + _Min_Stack_Size)
 *fill*         0x20001764      0x400 
                0x20001b64                . = ALIGN (0x4)

/DISCARD/
 libc.a(*)
 libm.a(*)
 libgcc.a(*)

.ARM.attributes
                0x00000000       0x28
 *(.ARM.attributes)
 .ARM.attributes
                0x00000000       0x1e d:/program files (x86)/atollic/truestudio for arm 8.0.0/armtools/bin/../lib/gcc/arm-atollic-eabi/6.3.1/armv6-m/crti.o
 .ARM.attributes
                0x0000001e       0x2c d:/program files (x86)/atollic/truestudio for arm 8.0.0/armtools/bin/../lib/gcc/arm-atollic-eabi/6.3.1/armv6-m/crtbegin.o
 .ARM.attributes
                0x0000004a       0x31 Drivers\STM32F0xx_HAL_Driver\Src\stm32f0xx_hal.o
 .ARM.attributes
                0x0000007b       0x31 Drivers\STM32F0xx_HAL_Driver\Src\stm32f0xx_hal_cortex.o
 .ARM.attributes
                0x000000ac       0x31 Drivers\STM32F0xx_HAL_Driver\Src\stm32f0xx_hal_dma.o
 .ARM.attributes
                0x000000dd       0x31 Drivers\STM32F0xx_HAL_Driver\Src\stm32f0xx_hal_gpio.o
 .ARM.attributes
                0x0000010e       0x31 Drivers\STM32F0xx_HAL_Driver\Src\stm32f0xx_hal_rcc.o
 .ARM.attributes
                0x0000013f       0x31 Drivers\STM32F0xx_HAL_Driver\Src\stm32f0xx_hal_rcc_ex.o
 .ARM.attributes
                0x00000170       0x31 Drivers\STM32F0xx_HAL_Driver\Src\stm32f0xx_hal_uart.o
 .ARM.attributes
                0x000001a1       0x31 Drivers\STM32F0xx_HAL_Driver\Src\stm32f0xx_hal_uart_ex.o
 .ARM.attributes
                0x000001d2       0x31 Middlewares\Third_Party\FreeRTOS\Source\CMSIS_RTOS\cmsis_os.o
 .ARM.attributes
                0x00000203       0x31 Middlewares\Third_Party\FreeRTOS\Source\list.o
 .ARM.attributes
                0x00000234       0x31 Middlewares\Third_Party\FreeRTOS\Source\portable\GCC\ARM_CM0\port.o
 .ARM.attributes
                0x00000265       0x31 Middlewares\Third_Party\FreeRTOS\Source\portable\MemMang\heap_4.o
 .ARM.attributes
                0x00000296       0x31 Middlewares\Third_Party\FreeRTOS\Source\tasks.o
 .ARM.attributes
                0x000002c7       0x31 Src\Application\Drone_App.o
 .ARM.attributes
                0x000002f8       0x31 Src\HAL\GPIO\base\GPIO.o
 .ARM.attributes
                0x00000329       0x31 Src\HAL\GPIO\custom\GPIO_map.o
 .ARM.attributes
                0x0000035a       0x31 Src\HAL\Uart\base\uart.o
 .ARM.attributes
                0x0000038b       0x31 Src\HAL\Uart\custom\uart_map.o
 .ARM.attributes
                0x000003bc       0x31 Src\HAL\interrupts\base\interrupts.o
 .ARM.attributes
                0x000003ed       0x31 Src\HAL\interrupts\custom\interrupts_map.o
 .ARM.attributes
                0x0000041e       0x31 Src\Middleware\BridgeMode.o
 .ARM.attributes
                0x0000044f       0x31 Src\Tools\CircularBuffer\CircularBuffer.o
 .ARM.attributes
                0x00000480       0x31 Src\Tools\Strings\Strings.o
 .ARM.attributes
                0x000004b1       0x31 Src\main.o
 .ARM.attributes
                0x000004e2       0x31 Src\stm32f0xx_hal_msp.o
 .ARM.attributes
                0x00000513       0x31 Src\stm32f0xx_it.o
 .ARM.attributes
                0x00000544       0x31 Src\system_stm32f0xx.o
 .ARM.attributes
                0x00000575       0x21 startup\startup_stm32f051x8.o
 .ARM.attributes
                0x00000596       0x2c d:/program files (x86)/atollic/truestudio for arm 8.0.0/armtools/bin/../lib/gcc/arm-atollic-eabi/6.3.1/../../../../arm-atollic-eabi/lib/armv6-m\libc_nano.a(lib_a-init.o)
 .ARM.attributes
                0x000005c2       0x2c d:/program files (x86)/atollic/truestudio for arm 8.0.0/armtools/bin/../lib/gcc/arm-atollic-eabi/6.3.1/../../../../arm-atollic-eabi/lib/armv6-m\libc_nano.a(lib_a-memcpy-stub.o)
 .ARM.attributes
                0x000005ee       0x1c d:/program files (x86)/atollic/truestudio for arm 8.0.0/armtools/bin/../lib/gcc/arm-atollic-eabi/6.3.1/../../../../arm-atollic-eabi/lib/armv6-m\libc_nano.a(lib_a-strcmp.o)
 .ARM.attributes
                0x0000060a       0x2c d:/program files (x86)/atollic/truestudio for arm 8.0.0/armtools/bin/../lib/gcc/arm-atollic-eabi/6.3.1/../../../../arm-atollic-eabi/lib/armv6-m\libc_nano.a(lib_a-strcpy.o)
 .ARM.attributes
                0x00000636       0x1c d:/program files (x86)/atollic/truestudio for arm 8.0.0/armtools/bin/../lib/gcc/arm-atollic-eabi/6.3.1/../../../../arm-atollic-eabi/lib/armv6-m\libc_nano.a(lib_a-strlen.o)
 .ARM.attributes
                0x00000652       0x2c d:/program files (x86)/atollic/truestudio for arm 8.0.0/armtools/bin/../lib/gcc/arm-atollic-eabi/6.3.1/../../../../arm-atollic-eabi/lib/armv6-m\libc_nano.a(lib_a-strncpy.o)
 .ARM.attributes
                0x0000067e       0x1e d:/program files (x86)/atollic/truestudio for arm 8.0.0/armtools/bin/../lib/gcc/arm-atollic-eabi/6.3.1/armv6-m\libgcc.a(_thumb1_case_sqi.o)
 .ARM.attributes
                0x0000069c       0x1e d:/program files (x86)/atollic/truestudio for arm 8.0.0/armtools/bin/../lib/gcc/arm-atollic-eabi/6.3.1/armv6-m\libgcc.a(_thumb1_case_uqi.o)
 .ARM.attributes
                0x000006ba       0x1e d:/program files (x86)/atollic/truestudio for arm 8.0.0/armtools/bin/../lib/gcc/arm-atollic-eabi/6.3.1/armv6-m\libgcc.a(_udivsi3.o)
 .ARM.attributes
                0x000006d8       0x1e d:/program files (x86)/atollic/truestudio for arm 8.0.0/armtools/bin/../lib/gcc/arm-atollic-eabi/6.3.1/armv6-m\libgcc.a(_dvmd_tls.o)
 .ARM.attributes
                0x000006f6       0x1e d:/program files (x86)/atollic/truestudio for arm 8.0.0/armtools/bin/../lib/gcc/arm-atollic-eabi/6.3.1/armv6-m/crtn.o
OUTPUT(FreeRTOSEx.elf elf32-littlearm)

.debug_info     0x00000000    0x1abd1
 .debug_info    0x00000000      0xe6c Drivers\STM32F0xx_HAL_Driver\Src\stm32f0xx_hal.o
 .debug_info    0x00000e6c     0x1011 Drivers\STM32F0xx_HAL_Driver\Src\stm32f0xx_hal_cortex.o
 .debug_info    0x00001e7d     0x101b Drivers\STM32F0xx_HAL_Driver\Src\stm32f0xx_hal_dma.o
 .debug_info    0x00002e98      0xe5d Drivers\STM32F0xx_HAL_Driver\Src\stm32f0xx_hal_gpio.o
 .debug_info    0x00003cf5     0x117c Drivers\STM32F0xx_HAL_Driver\Src\stm32f0xx_hal_rcc.o
 .debug_info    0x00004e71      0xbfa Drivers\STM32F0xx_HAL_Driver\Src\stm32f0xx_hal_rcc_ex.o
 .debug_info    0x00005a6b     0x20cb Drivers\STM32F0xx_HAL_Driver\Src\stm32f0xx_hal_uart.o
 .debug_info    0x00007b36     0x11e0 Drivers\STM32F0xx_HAL_Driver\Src\stm32f0xx_hal_uart_ex.o
 .debug_info    0x00008d16     0x24cd Middlewares\Third_Party\FreeRTOS\Source\CMSIS_RTOS\cmsis_os.o
 .debug_info    0x0000b1e3      0xac0 Middlewares\Third_Party\FreeRTOS\Source\list.o
 .debug_info    0x0000bca3      0x2ac Middlewares\Third_Party\FreeRTOS\Source\portable\GCC\ARM_CM0\port.o
 .debug_info    0x0000bf4f      0xba8 Middlewares\Third_Party\FreeRTOS\Source\portable\MemMang\heap_4.o
 .debug_info    0x0000caf7     0x23cc Middlewares\Third_Party\FreeRTOS\Source\tasks.o
 .debug_info    0x0000eec3     0x11cd Src\Application\Drone_App.o
 .debug_info    0x00010090      0xdf9 Src\HAL\GPIO\base\GPIO.o
 .debug_info    0x00010e89      0xace Src\HAL\GPIO\custom\GPIO_map.o
 .debug_info    0x00011957     0x170a Src\HAL\Uart\base\uart.o
 .debug_info    0x00013061      0xbc1 Src\HAL\Uart\custom\uart_map.o
 .debug_info    0x00013c22      0xb39 Src\HAL\interrupts\base\interrupts.o
 .debug_info    0x0001475b      0xb1f Src\HAL\interrupts\custom\interrupts_map.o
 .debug_info    0x0001527a      0xfd4 Src\Middleware\BridgeMode.o
 .debug_info    0x0001624e      0xa94 Src\Tools\CircularBuffer\CircularBuffer.o
 .debug_info    0x00016ce2      0x9d4 Src\Tools\Strings\Strings.o
 .debug_info    0x000176b6      0x95f Src\main.o
 .debug_info    0x00018015     0x170b Src\stm32f0xx_hal_msp.o
 .debug_info    0x00019720      0x9be Src\stm32f0xx_it.o
 .debug_info    0x0001a0de      0xa67 Src\system_stm32f0xx.o
 .debug_info    0x0001ab45       0x8c startup\startup_stm32f051x8.o

.debug_abbrev   0x00000000     0x406d
 .debug_abbrev  0x00000000      0x2d1 Drivers\STM32F0xx_HAL_Driver\Src\stm32f0xx_hal.o
 .debug_abbrev  0x000002d1      0x30a Drivers\STM32F0xx_HAL_Driver\Src\stm32f0xx_hal_cortex.o
 .debug_abbrev  0x000005db      0x2a3 Drivers\STM32F0xx_HAL_Driver\Src\stm32f0xx_hal_dma.o
 .debug_abbrev  0x0000087e      0x277 Drivers\STM32F0xx_HAL_Driver\Src\stm32f0xx_hal_gpio.o
 .debug_abbrev  0x00000af5      0x2ea Drivers\STM32F0xx_HAL_Driver\Src\stm32f0xx_hal_rcc.o
 .debug_abbrev  0x00000ddf      0x268 Drivers\STM32F0xx_HAL_Driver\Src\stm32f0xx_hal_rcc_ex.o
 .debug_abbrev  0x00001047      0x358 Drivers\STM32F0xx_HAL_Driver\Src\stm32f0xx_hal_uart.o
 .debug_abbrev  0x0000139f      0x2a3 Drivers\STM32F0xx_HAL_Driver\Src\stm32f0xx_hal_uart_ex.o
 .debug_abbrev  0x00001642      0x418 Middlewares\Third_Party\FreeRTOS\Source\CMSIS_RTOS\cmsis_os.o
 .debug_abbrev  0x00001a5a      0x1e3 Middlewares\Third_Party\FreeRTOS\Source\list.o
 .debug_abbrev  0x00001c3d      0x194 Middlewares\Third_Party\FreeRTOS\Source\portable\GCC\ARM_CM0\port.o
 .debug_abbrev  0x00001dd1      0x2ce Middlewares\Third_Party\FreeRTOS\Source\portable\MemMang\heap_4.o
 .debug_abbrev  0x0000209f      0x3bf Middlewares\Third_Party\FreeRTOS\Source\tasks.o
 .debug_abbrev  0x0000245e      0x27b Src\Application\Drone_App.o
 .debug_abbrev  0x000026d9      0x287 Src\HAL\GPIO\base\GPIO.o
 .debug_abbrev  0x00002960      0x192 Src\HAL\GPIO\custom\GPIO_map.o
 .debug_abbrev  0x00002af2      0x28d Src\HAL\Uart\base\uart.o
 .debug_abbrev  0x00002d7f      0x19b Src\HAL\Uart\custom\uart_map.o
 .debug_abbrev  0x00002f1a      0x1bf Src\HAL\interrupts\base\interrupts.o
 .debug_abbrev  0x000030d9      0x1e5 Src\HAL\interrupts\custom\interrupts_map.o
 .debug_abbrev  0x000032be      0x243 Src\Middleware\BridgeMode.o
 .debug_abbrev  0x00003501      0x20a Src\Tools\CircularBuffer\CircularBuffer.o
 .debug_abbrev  0x0000370b      0x1f0 Src\Tools\Strings\Strings.o
 .debug_abbrev  0x000038fb      0x1a2 Src\main.o
 .debug_abbrev  0x00003a9d      0x23c Src\stm32f0xx_hal_msp.o
 .debug_abbrev  0x00003cd9      0x1b8 Src\stm32f0xx_it.o
 .debug_abbrev  0x00003e91      0x1ca Src\system_stm32f0xx.o
 .debug_abbrev  0x0000405b       0x12 startup\startup_stm32f051x8.o

.debug_loc      0x00000000     0x5e1b
 .debug_loc     0x00000000       0x7c Drivers\STM32F0xx_HAL_Driver\Src\stm32f0xx_hal.o
 .debug_loc     0x0000007c      0x3cc Drivers\STM32F0xx_HAL_Driver\Src\stm32f0xx_hal_cortex.o
 .debug_loc     0x00000448      0x7ca Drivers\STM32F0xx_HAL_Driver\Src\stm32f0xx_hal_dma.o
 .debug_loc     0x00000c12      0x307 Drivers\STM32F0xx_HAL_Driver\Src\stm32f0xx_hal_gpio.o
 .debug_loc     0x00000f19      0x493 Drivers\STM32F0xx_HAL_Driver\Src\stm32f0xx_hal_rcc.o
 .debug_loc     0x000013ac      0x29e Drivers\STM32F0xx_HAL_Driver\Src\stm32f0xx_hal_rcc_ex.o
 .debug_loc     0x0000164a     0x13d9 Drivers\STM32F0xx_HAL_Driver\Src\stm32f0xx_hal_uart.o
 .debug_loc     0x00002a23      0x35b Drivers\STM32F0xx_HAL_Driver\Src\stm32f0xx_hal_uart_ex.o
 .debug_loc     0x00002d7e      0xffa Middlewares\Third_Party\FreeRTOS\Source\CMSIS_RTOS\cmsis_os.o
 .debug_loc     0x00003d78       0x94 Middlewares\Third_Party\FreeRTOS\Source\list.o
 .debug_loc     0x00003e0c       0xb4 Middlewares\Third_Party\FreeRTOS\Source\portable\GCC\ARM_CM0\port.o
 .debug_loc     0x00003ec0      0x2de Middlewares\Third_Party\FreeRTOS\Source\portable\MemMang\heap_4.o
 .debug_loc     0x0000419e     0x127f Middlewares\Third_Party\FreeRTOS\Source\tasks.o
 .debug_loc     0x0000541d       0xa5 Src\Application\Drone_App.o
 .debug_loc     0x000054c2       0xc7 Src\HAL\GPIO\base\GPIO.o
 .debug_loc     0x00005589      0x378 Src\HAL\Uart\base\uart.o
 .debug_loc     0x00005901       0x3c Src\HAL\interrupts\base\interrupts.o
 .debug_loc     0x0000593d      0x136 Src\Middleware\BridgeMode.o
 .debug_loc     0x00005a73       0xd9 Src\Tools\CircularBuffer\CircularBuffer.o
 .debug_loc     0x00005b4c      0x103 Src\Tools\Strings\Strings.o
 .debug_loc     0x00005c4f       0xa5 Src\stm32f0xx_hal_msp.o
 .debug_loc     0x00005cf4      0x127 Src\system_stm32f0xx.o

.debug_aranges  0x00000000      0xba8
 .debug_aranges
                0x00000000       0xb0 Drivers\STM32F0xx_HAL_Driver\Src\stm32f0xx_hal.o
 .debug_aranges
                0x000000b0       0x78 Drivers\STM32F0xx_HAL_Driver\Src\stm32f0xx_hal_cortex.o
 .debug_aranges
                0x00000128       0x78 Drivers\STM32F0xx_HAL_Driver\Src\stm32f0xx_hal_dma.o
 .debug_aranges
                0x000001a0       0x58 Drivers\STM32F0xx_HAL_Driver\Src\stm32f0xx_hal_gpio.o
 .debug_aranges
                0x000001f8       0x80 Drivers\STM32F0xx_HAL_Driver\Src\stm32f0xx_hal_rcc.o
 .debug_aranges
                0x00000278       0x30 Drivers\STM32F0xx_HAL_Driver\Src\stm32f0xx_hal_rcc_ex.o
 .debug_aranges
                0x000002a8      0x188 Drivers\STM32F0xx_HAL_Driver\Src\stm32f0xx_hal_uart.o
 .debug_aranges
                0x00000430       0x58 Drivers\STM32F0xx_HAL_Driver\Src\stm32f0xx_hal_uart_ex.o
 .debug_aranges
                0x00000488      0x190 Middlewares\Third_Party\FreeRTOS\Source\CMSIS_RTOS\cmsis_os.o
 .debug_aranges
                0x00000618       0x40 Middlewares\Third_Party\FreeRTOS\Source\list.o
 .debug_aranges
                0x00000658       0x88 Middlewares\Third_Party\FreeRTOS\Source\portable\GCC\ARM_CM0\port.o
 .debug_aranges
                0x000006e0       0x48 Middlewares\Third_Party\FreeRTOS\Source\portable\MemMang\heap_4.o
 .debug_aranges
                0x00000728      0x160 Middlewares\Third_Party\FreeRTOS\Source\tasks.o
 .debug_aranges
                0x00000888       0x60 Src\Application\Drone_App.o
 .debug_aranges
                0x000008e8       0x38 Src\HAL\GPIO\base\GPIO.o
 .debug_aranges
                0x00000920       0x18 Src\HAL\GPIO\custom\GPIO_map.o
 .debug_aranges
                0x00000938       0x60 Src\HAL\Uart\base\uart.o
 .debug_aranges
                0x00000998       0x18 Src\HAL\Uart\custom\uart_map.o
 .debug_aranges
                0x000009b0       0x30 Src\HAL\interrupts\base\interrupts.o
 .debug_aranges
                0x000009e0       0x30 Src\HAL\interrupts\custom\interrupts_map.o
 .debug_aranges
                0x00000a10       0x28 Src\Middleware\BridgeMode.o
 .debug_aranges
                0x00000a38       0x48 Src\Tools\CircularBuffer\CircularBuffer.o
 .debug_aranges
                0x00000a80       0x28 Src\Tools\Strings\Strings.o
 .debug_aranges
                0x00000aa8       0x20 Src\main.o
 .debug_aranges
                0x00000ac8       0x50 Src\stm32f0xx_hal_msp.o
 .debug_aranges
                0x00000b18       0x40 Src\stm32f0xx_it.o
 .debug_aranges
                0x00000b58       0x28 Src\system_stm32f0xx.o
 .debug_aranges
                0x00000b80       0x28 startup\startup_stm32f051x8.o

.debug_ranges   0x00000000      0xd50
 .debug_ranges  0x00000000       0xa0 Drivers\STM32F0xx_HAL_Driver\Src\stm32f0xx_hal.o
 .debug_ranges  0x000000a0      0x120 Drivers\STM32F0xx_HAL_Driver\Src\stm32f0xx_hal_cortex.o
 .debug_ranges  0x000001c0       0xe8 Drivers\STM32F0xx_HAL_Driver\Src\stm32f0xx_hal_dma.o
 .debug_ranges  0x000002a8       0x70 Drivers\STM32F0xx_HAL_Driver\Src\stm32f0xx_hal_gpio.o
 .debug_ranges  0x00000318       0xa0 Drivers\STM32F0xx_HAL_Driver\Src\stm32f0xx_hal_rcc.o
 .debug_ranges  0x000003b8       0x40 Drivers\STM32F0xx_HAL_Driver\Src\stm32f0xx_hal_rcc_ex.o
 .debug_ranges  0x000003f8      0x178 Drivers\STM32F0xx_HAL_Driver\Src\stm32f0xx_hal_uart.o
 .debug_ranges  0x00000570       0x48 Drivers\STM32F0xx_HAL_Driver\Src\stm32f0xx_hal_uart_ex.o
 .debug_ranges  0x000005b8      0x180 Middlewares\Third_Party\FreeRTOS\Source\CMSIS_RTOS\cmsis_os.o
 .debug_ranges  0x00000738       0x30 Middlewares\Third_Party\FreeRTOS\Source\list.o
 .debug_ranges  0x00000768       0x78 Middlewares\Third_Party\FreeRTOS\Source\portable\GCC\ARM_CM0\port.o
 .debug_ranges  0x000007e0       0x50 Middlewares\Third_Party\FreeRTOS\Source\portable\MemMang\heap_4.o
 .debug_ranges  0x00000830      0x240 Middlewares\Third_Party\FreeRTOS\Source\tasks.o
 .debug_ranges  0x00000a70       0x50 Src\Application\Drone_App.o
 .debug_ranges  0x00000ac0       0x28 Src\HAL\GPIO\base\GPIO.o
 .debug_ranges  0x00000ae8       0x98 Src\HAL\Uart\base\uart.o
 .debug_ranges  0x00000b80       0x20 Src\HAL\interrupts\base\interrupts.o
 .debug_ranges  0x00000ba0       0x20 Src\HAL\interrupts\custom\interrupts_map.o
 .debug_ranges  0x00000bc0       0x18 Src\Middleware\BridgeMode.o
 .debug_ranges  0x00000bd8       0x38 Src\Tools\CircularBuffer\CircularBuffer.o
 .debug_ranges  0x00000c10       0x18 Src\Tools\Strings\Strings.o
 .debug_ranges  0x00000c28       0x10 Src\main.o
 .debug_ranges  0x00000c38       0xb0 Src\stm32f0xx_hal_msp.o
 .debug_ranges  0x00000ce8       0x30 Src\stm32f0xx_it.o
 .debug_ranges  0x00000d18       0x18 Src\system_stm32f0xx.o
 .debug_ranges  0x00000d30       0x20 startup\startup_stm32f051x8.o

.debug_line     0x00000000     0x7ff1
 .debug_line    0x00000000      0x43a Drivers\STM32F0xx_HAL_Driver\Src\stm32f0xx_hal.o
 .debug_line    0x0000043a      0x40d Drivers\STM32F0xx_HAL_Driver\Src\stm32f0xx_hal_cortex.o
 .debug_line    0x00000847      0x56a Drivers\STM32F0xx_HAL_Driver\Src\stm32f0xx_hal_dma.o
 .debug_line    0x00000db1      0x41b Drivers\STM32F0xx_HAL_Driver\Src\stm32f0xx_hal_gpio.o
 .debug_line    0x000011cc      0x617 Drivers\STM32F0xx_HAL_Driver\Src\stm32f0xx_hal_rcc.o
 .debug_line    0x000017e3      0x3c3 Drivers\STM32F0xx_HAL_Driver\Src\stm32f0xx_hal_rcc_ex.o
 .debug_line    0x00001ba6      0xd7d Drivers\STM32F0xx_HAL_Driver\Src\stm32f0xx_hal_uart.o
 .debug_line    0x00002923      0x444 Drivers\STM32F0xx_HAL_Driver\Src\stm32f0xx_hal_uart_ex.o
 .debug_line    0x00002d67      0x8ae Middlewares\Third_Party\FreeRTOS\Source\CMSIS_RTOS\cmsis_os.o
 .debug_line    0x00003615      0x375 Middlewares\Third_Party\FreeRTOS\Source\list.o
 .debug_line    0x0000398a      0x2f2 Middlewares\Third_Party\FreeRTOS\Source\portable\GCC\ARM_CM0\port.o
 .debug_line    0x00003c7c      0x3ae Middlewares\Third_Party\FreeRTOS\Source\portable\MemMang\heap_4.o
 .debug_line    0x0000402a      0xb96 Middlewares\Third_Party\FreeRTOS\Source\tasks.o
 .debug_line    0x00004bc0      0x759 Src\Application\Drone_App.o
 .debug_line    0x00005319      0x380 Src\HAL\GPIO\base\GPIO.o
 .debug_line    0x00005699      0x2ca Src\HAL\GPIO\custom\GPIO_map.o
 .debug_line    0x00005963      0x69c Src\HAL\Uart\base\uart.o
 .debug_line    0x00005fff      0x305 Src\HAL\Uart\custom\uart_map.o
 .debug_line    0x00006304      0x31b Src\HAL\interrupts\base\interrupts.o
 .debug_line    0x0000661f      0x3de Src\HAL\interrupts\custom\interrupts_map.o
 .debug_line    0x000069fd      0x485 Src\Middleware\BridgeMode.o
 .debug_line    0x00006e82      0x29c Src\Tools\CircularBuffer\CircularBuffer.o
 .debug_line    0x0000711e      0x283 Src\Tools\Strings\Strings.o
 .debug_line    0x000073a1      0x297 Src\main.o
 .debug_line    0x00007638      0x3b0 Src\stm32f0xx_hal_msp.o
 .debug_line    0x000079e8      0x331 Src\stm32f0xx_it.o
 .debug_line    0x00007d19      0x255 Src\system_stm32f0xx.o
 .debug_line    0x00007f6e       0x83 startup\startup_stm32f051x8.o

.debug_str      0x00000000     0x4379
 .debug_str     0x00000000      0x9f0 Drivers\STM32F0xx_HAL_Driver\Src\stm32f0xx_hal.o
                                0xa83 (size before relaxing)
 .debug_str     0x000009f0      0x1ef Drivers\STM32F0xx_HAL_Driver\Src\stm32f0xx_hal_cortex.o
                                0xa8b (size before relaxing)
 .debug_str     0x00000bdf      0x3f9 Drivers\STM32F0xx_HAL_Driver\Src\stm32f0xx_hal_dma.o
                                0xa8d (size before relaxing)
 .debug_str     0x00000fd8      0x1c7 Drivers\STM32F0xx_HAL_Driver\Src\stm32f0xx_hal_gpio.o
                                0x87e (size before relaxing)
 .debug_str     0x0000119f      0x2e7 Drivers\STM32F0xx_HAL_Driver\Src\stm32f0xx_hal_rcc.o
                                0xa5e (size before relaxing)
 .debug_str     0x00001486      0x139 Drivers\STM32F0xx_HAL_Driver\Src\stm32f0xx_hal_rcc_ex.o
                                0x830 (size before relaxing)
 .debug_str     0x000015bf      0x893 Drivers\STM32F0xx_HAL_Driver\Src\stm32f0xx_hal_uart.o
                               0x11e6 (size before relaxing)
 .debug_str     0x00001e52      0x180 Drivers\STM32F0xx_HAL_Driver\Src\stm32f0xx_hal_uart_ex.o
                                0xcd1 (size before relaxing)
 .debug_str     0x00001fd2      0xb2f Middlewares\Third_Party\FreeRTOS\Source\CMSIS_RTOS\cmsis_os.o
                               0x11ed (size before relaxing)
 .debug_str     0x00002b01      0x159 Middlewares\Third_Party\FreeRTOS\Source\list.o
                                0x744 (size before relaxing)
 .debug_str     0x00002c5a      0x144 Middlewares\Third_Party\FreeRTOS\Source\portable\GCC\ARM_CM0\port.o
                                0x39b (size before relaxing)
 .debug_str     0x00002d9e      0x1e8 Middlewares\Third_Party\FreeRTOS\Source\portable\MemMang\heap_4.o
                                0x80e (size before relaxing)
 .debug_str     0x00002f86      0x7fa Middlewares\Third_Party\FreeRTOS\Source\tasks.o
                               0x11d3 (size before relaxing)
 .debug_str     0x00003780      0x23e Src\Application\Drone_App.o
                                0xcb6 (size before relaxing)
 .debug_str     0x000039be       0x8b Src\HAL\GPIO\base\GPIO.o
                                0x860 (size before relaxing)
 .debug_str     0x00003a49       0x22 Src\HAL\GPIO\custom\GPIO_map.o
                                0x74a (size before relaxing)
 .debug_str     0x00003a6b      0x260 Src\HAL\Uart\base\uart.o
                                0xf12 (size before relaxing)
 .debug_str     0x00003ccb       0x5e Src\HAL\Uart\custom\uart_map.o
                                0x7ad (size before relaxing)
 .debug_str     0x00003d29       0xb3 Src\HAL\interrupts\base\interrupts.o
                                0x8e9 (size before relaxing)
 .debug_str     0x00003ddc       0x5d Src\HAL\interrupts\custom\interrupts_map.o
                                0x8e3 (size before relaxing)
 .debug_str     0x00003e39       0xb0 Src\Middleware\BridgeMode.o
                                0x7ba (size before relaxing)
 .debug_str     0x00003ee9       0x2d Src\Tools\CircularBuffer\CircularBuffer.o
                                0x6dc (size before relaxing)
 .debug_str     0x00003f16       0x3f Src\Tools\Strings\Strings.o
                                0x675 (size before relaxing)
 .debug_str     0x00003f55       0x13 Src\main.o
                                0x636 (size before relaxing)
 .debug_str     0x00003f68      0x34f Src\stm32f0xx_hal_msp.o
                               0x108d (size before relaxing)
 .debug_str     0x000042b7       0x68 Src\stm32f0xx_it.o
                                0x698 (size before relaxing)
 .debug_str     0x0000431f       0x5a Src\system_stm32f0xx.o
                                0x6a4 (size before relaxing)

.comment        0x00000000       0x7c
 .comment       0x00000000       0x7c Drivers\STM32F0xx_HAL_Driver\Src\stm32f0xx_hal.o
                                 0x7d (size before relaxing)
 .comment       0x0000007c       0x7d Drivers\STM32F0xx_HAL_Driver\Src\stm32f0xx_hal_cortex.o
 .comment       0x0000007c       0x7d Drivers\STM32F0xx_HAL_Driver\Src\stm32f0xx_hal_dma.o
 .comment       0x0000007c       0x7d Drivers\STM32F0xx_HAL_Driver\Src\stm32f0xx_hal_gpio.o
 .comment       0x0000007c       0x7d Drivers\STM32F0xx_HAL_Driver\Src\stm32f0xx_hal_rcc.o
 .comment       0x0000007c       0x7d Drivers\STM32F0xx_HAL_Driver\Src\stm32f0xx_hal_rcc_ex.o
 .comment       0x0000007c       0x7d Drivers\STM32F0xx_HAL_Driver\Src\stm32f0xx_hal_uart.o
 .comment       0x0000007c       0x7d Drivers\STM32F0xx_HAL_Driver\Src\stm32f0xx_hal_uart_ex.o
 .comment       0x0000007c       0x7d Middlewares\Third_Party\FreeRTOS\Source\CMSIS_RTOS\cmsis_os.o
 .comment       0x0000007c       0x7d Middlewares\Third_Party\FreeRTOS\Source\list.o
 .comment       0x0000007c       0x7d Middlewares\Third_Party\FreeRTOS\Source\portable\GCC\ARM_CM0\port.o
 .comment       0x0000007c       0x7d Middlewares\Third_Party\FreeRTOS\Source\portable\MemMang\heap_4.o
 .comment       0x0000007c       0x7d Middlewares\Third_Party\FreeRTOS\Source\tasks.o
 .comment       0x0000007c       0x7d Src\Application\Drone_App.o
 .comment       0x0000007c       0x7d Src\HAL\GPIO\base\GPIO.o
 .comment       0x0000007c       0x7d Src\HAL\GPIO\custom\GPIO_map.o
 .comment       0x0000007c       0x7d Src\HAL\Uart\base\uart.o
 .comment       0x0000007c       0x7d Src\HAL\Uart\custom\uart_map.o
 .comment       0x0000007c       0x7d Src\HAL\interrupts\base\interrupts.o
 .comment       0x0000007c       0x7d Src\HAL\interrupts\custom\interrupts_map.o
 .comment       0x0000007c       0x7d Src\Middleware\BridgeMode.o
 .comment       0x0000007c       0x7d Src\Tools\CircularBuffer\CircularBuffer.o
 .comment       0x0000007c       0x7d Src\Tools\Strings\Strings.o
 .comment       0x0000007c       0x7d Src\main.o
 .comment       0x0000007c       0x7d Src\stm32f0xx_hal_msp.o
 .comment       0x0000007c       0x7d Src\stm32f0xx_it.o
 .comment       0x0000007c       0x7d Src\system_stm32f0xx.o

.debug_frame    0x00000000     0x1e40
 .debug_frame   0x00000000      0x178 Drivers\STM32F0xx_HAL_Driver\Src\stm32f0xx_hal.o
 .debug_frame   0x00000178       0xe4 Drivers\STM32F0xx_HAL_Driver\Src\stm32f0xx_hal_cortex.o
 .debug_frame   0x0000025c      0x154 Drivers\STM32F0xx_HAL_Driver\Src\stm32f0xx_hal_dma.o
 .debug_frame   0x000003b0       0xc0 Drivers\STM32F0xx_HAL_Driver\Src\stm32f0xx_hal_gpio.o
 .debug_frame   0x00000470      0x130 Drivers\STM32F0xx_HAL_Driver\Src\stm32f0xx_hal_rcc.o
 .debug_frame   0x000005a0       0x58 Drivers\STM32F0xx_HAL_Driver\Src\stm32f0xx_hal_rcc_ex.o
 .debug_frame   0x000005f8      0x534 Drivers\STM32F0xx_HAL_Driver\Src\stm32f0xx_hal_uart.o
 .debug_frame   0x00000b2c       0xe4 Drivers\STM32F0xx_HAL_Driver\Src\stm32f0xx_hal_uart_ex.o
 .debug_frame   0x00000c10      0x538 Middlewares\Third_Party\FreeRTOS\Source\CMSIS_RTOS\cmsis_os.o
 .debug_frame   0x00001148       0x6c Middlewares\Third_Party\FreeRTOS\Source\list.o
 .debug_frame   0x000011b4      0x110 Middlewares\Third_Party\FreeRTOS\Source\portable\GCC\ARM_CM0\port.o
 .debug_frame   0x000012c4       0x90 Middlewares\Third_Party\FreeRTOS\Source\portable\MemMang\heap_4.o
 .debug_frame   0x00001354      0x438 Middlewares\Third_Party\FreeRTOS\Source\tasks.o
 .debug_frame   0x0000178c       0xf8 Src\Application\Drone_App.o
 .debug_frame   0x00001884       0x70 Src\HAL\GPIO\base\GPIO.o
 .debug_frame   0x000018f4      0x118 Src\HAL\Uart\base\uart.o
 .debug_frame   0x00001a0c       0x58 Src\HAL\interrupts\base\interrupts.o
 .debug_frame   0x00001a64       0x50 Src\HAL\interrupts\custom\interrupts_map.o
 .debug_frame   0x00001ab4       0x4c Src\Middleware\BridgeMode.o
 .debug_frame   0x00001b00       0x84 Src\Tools\CircularBuffer\CircularBuffer.o
 .debug_frame   0x00001b84       0x3c Src\Tools\Strings\Strings.o
 .debug_frame   0x00001bc0       0x28 Src\main.o
 .debug_frame   0x00001be8       0xc4 Src\stm32f0xx_hal_msp.o
 .debug_frame   0x00001cac       0x78 Src\stm32f0xx_it.o
 .debug_frame   0x00001d24       0x3c Src\system_stm32f0xx.o
 .debug_frame   0x00001d60       0x2c d:/program files (x86)/atollic/truestudio for arm 8.0.0/armtools/bin/../lib/gcc/arm-atollic-eabi/6.3.1/../../../../arm-atollic-eabi/lib/armv6-m\libc_nano.a(lib_a-init.o)
 .debug_frame   0x00001d8c       0x28 d:/program files (x86)/atollic/truestudio for arm 8.0.0/armtools/bin/../lib/gcc/arm-atollic-eabi/6.3.1/../../../../arm-atollic-eabi/lib/armv6-m\libc_nano.a(lib_a-memcpy-stub.o)
 .debug_frame   0x00001db4       0x20 d:/program files (x86)/atollic/truestudio for arm 8.0.0/armtools/bin/../lib/gcc/arm-atollic-eabi/6.3.1/../../../../arm-atollic-eabi/lib/armv6-m\libc_nano.a(lib_a-strcmp.o)
 .debug_frame   0x00001dd4       0x20 d:/program files (x86)/atollic/truestudio for arm 8.0.0/armtools/bin/../lib/gcc/arm-atollic-eabi/6.3.1/../../../../arm-atollic-eabi/lib/armv6-m\libc_nano.a(lib_a-strcpy.o)
 .debug_frame   0x00001df4       0x2c d:/program files (x86)/atollic/truestudio for arm 8.0.0/armtools/bin/../lib/gcc/arm-atollic-eabi/6.3.1/../../../../arm-atollic-eabi/lib/armv6-m\libc_nano.a(lib_a-strncpy.o)
 .debug_frame   0x00001e20       0x20 d:/program files (x86)/atollic/truestudio for arm 8.0.0/armtools/bin/../lib/gcc/arm-atollic-eabi/6.3.1/armv6-m\libgcc.a(_udivsi3.o)
