stm32f0xx_hal_msp.c:49:6:HAL_MspInit	16	static
stm32f0xx_hal_msp.c:70:6:HAL_ADC_MspInit	32	static
stm32f0xx_hal_msp.c:98:6:HAL_ADC_MspDeInit	8	static
stm32f0xx_hal_msp.c:122:6:HAL_CRC_MspInit	8	static
stm32f0xx_hal_msp.c:139:6:HAL_CRC_MspDeInit	0	static
stm32f0xx_hal_msp.c:156:6:HAL_SPI_MspInit	32	static
stm32f0xx_hal_msp.c:187:6:HAL_SPI_MspDeInit	8	static
stm32f0xx_hal_msp.c:212:6:HAL_IRDA_MspInit	32	static
stm32f0xx_hal_msp.c:242:6:HAL_USART_MspInit	32	static
stm32f0xx_hal_msp.c:273:6:HAL_IRDA_MspDeInit	8	static
stm32f0xx_hal_msp.c:297:6:HAL_USART_MspDeInit	8	static
