stm32f0xx_hal_irda.c:1970:13:IRDA_EndRxTransfer	0	static
stm32f0xx_hal_irda.c:1920:26:IRDA_WaitOnFlagUntilTimeout.constprop	24	static
stm32f0xx_hal_irda.c:358:13:HAL_IRDA_MspInit	0	static
stm32f0xx_hal_irda.c:271:19:HAL_IRDA_Init	24	static
stm32f0xx_hal_irda.c:374:13:HAL_IRDA_MspDeInit	0	static
stm32f0xx_hal_irda.c:324:19:HAL_IRDA_DeInit	16	static
stm32f0xx_hal_irda.c:482:19:HAL_IRDA_Transmit	32	static
stm32f0xx_hal_irda.c:569:19:HAL_IRDA_Receive	32	static
stm32f0xx_hal_irda.c:658:19:HAL_IRDA_Transmit_IT	16	static
stm32f0xx_hal_irda.c:715:19:HAL_IRDA_Receive_IT	20	static
stm32f0xx_hal_irda.c:779:19:HAL_IRDA_Transmit_DMA	16	static
stm32f0xx_hal_irda.c:855:19:HAL_IRDA_Receive_DMA	24	static
stm32f0xx_hal_irda.c:928:19:HAL_IRDA_DMAPause	8	static
stm32f0xx_hal_irda.c:962:19:HAL_IRDA_DMAResume	8	static
stm32f0xx_hal_irda.c:997:19:HAL_IRDA_DMAStop	16	static
stm32f0xx_hal_irda.c:1052:19:HAL_IRDA_Abort	8	static
stm32f0xx_hal_irda.c:1120:19:HAL_IRDA_AbortTransmit	8	static
stm32f0xx_hal_irda.c:1163:19:HAL_IRDA_AbortReceive	8	static
stm32f0xx_hal_irda.c:1610:13:HAL_IRDA_TxCpltCallback	0	static
stm32f0xx_hal_irda.c:1987:13:IRDA_DMATransmitCplt	8	static
stm32f0xx_hal_irda.c:1626:13:HAL_IRDA_TxHalfCpltCallback	0	static
stm32f0xx_hal_irda.c:2017:13:IRDA_DMATransmitHalfCplt	8	static
stm32f0xx_hal_irda.c:1642:13:HAL_IRDA_RxCpltCallback	0	static
stm32f0xx_hal_irda.c:2030:13:IRDA_DMAReceiveCplt	8	static
stm32f0xx_hal_irda.c:2316:26:IRDA_Receive_IT	16	static
stm32f0xx_hal_irda.c:1658:13:HAL_IRDA_RxHalfCpltCallback	0	static
stm32f0xx_hal_irda.c:2060:13:IRDA_DMAReceiveHalfCplt	8	static
stm32f0xx_hal_irda.c:1674:13:HAL_IRDA_ErrorCallback	0	static
stm32f0xx_hal_irda.c:2073:13:IRDA_DMAError	8	static
stm32f0xx_hal_irda.c:1468:6:HAL_IRDA_IRQHandler	16	static
stm32f0xx_hal_irda.c:2103:13:IRDA_DMAAbortOnError	8	static
stm32f0xx_hal_irda.c:1690:13:HAL_IRDA_AbortCpltCallback	0	static
stm32f0xx_hal_irda.c:1212:19:HAL_IRDA_Abort_IT	16	static
stm32f0xx_hal_irda.c:2162:13:IRDA_DMARxAbortCallback	8	static
stm32f0xx_hal_irda.c:2120:13:IRDA_DMATxAbortCallback	8	static
stm32f0xx_hal_irda.c:1706:13:HAL_IRDA_AbortTransmitCpltCallback	0	static
stm32f0xx_hal_irda.c:1338:19:HAL_IRDA_AbortTransmit_IT	8	static
stm32f0xx_hal_irda.c:2204:13:IRDA_DMATxOnlyAbortCallback	8	static
stm32f0xx_hal_irda.c:1722:13:HAL_IRDA_AbortReceiveCpltCallback	0	static
stm32f0xx_hal_irda.c:1404:19:HAL_IRDA_AbortReceive_IT	8	static
stm32f0xx_hal_irda.c:2225:13:IRDA_DMARxOnlyAbortCallback	8	static
stm32f0xx_hal_irda.c:1761:23:HAL_IRDA_GetState	0	static
stm32f0xx_hal_irda.c:1777:10:HAL_IRDA_GetError	0	static
